Archive member included to satisfy reference by file (symbol)

/opt/homebrew/Cellar/arm-none-eabi-gcc/10.3-2021.07/gcc/bin/../lib/gcc/arm-none-eabi/10.3.1/../../../../arm-none-eabi/lib/thumb/v7e-m+fp/hard/libc.a(lib_a-ctype_.o)
                              _build/nrf_log_str_formatter.o (_ctype_)
/opt/homebrew/Cellar/arm-none-eabi-gcc/10.3-2021.07/gcc/bin/../lib/gcc/arm-none-eabi/10.3.1/../../../../arm-none-eabi/lib/thumb/v7e-m+fp/hard/libc.a(lib_a-exit.o)
                              /opt/homebrew/Cellar/arm-none-eabi-gcc/10.3-2021.07/gcc/bin/../lib/gcc/arm-none-eabi/10.3.1/../../../../arm-none-eabi/lib/thumb/v7e-m+fp/hard/crt0.o (exit)
/opt/homebrew/Cellar/arm-none-eabi-gcc/10.3-2021.07/gcc/bin/../lib/gcc/arm-none-eabi/10.3.1/../../../../arm-none-eabi/lib/thumb/v7e-m+fp/hard/libc.a(lib_a-impure.o)
                              /opt/homebrew/Cellar/arm-none-eabi-gcc/10.3-2021.07/gcc/bin/../lib/gcc/arm-none-eabi/10.3.1/../../../../arm-none-eabi/lib/thumb/v7e-m+fp/hard/libc.a(lib_a-exit.o) (_global_impure_ptr)
/opt/homebrew/Cellar/arm-none-eabi-gcc/10.3-2021.07/gcc/bin/../lib/gcc/arm-none-eabi/10.3.1/../../../../arm-none-eabi/lib/thumb/v7e-m+fp/hard/libc.a(lib_a-init.o)
                              /opt/homebrew/Cellar/arm-none-eabi-gcc/10.3-2021.07/gcc/bin/../lib/gcc/arm-none-eabi/10.3.1/../../../../arm-none-eabi/lib/thumb/v7e-m+fp/hard/crt0.o (__libc_init_array)
/opt/homebrew/Cellar/arm-none-eabi-gcc/10.3-2021.07/gcc/bin/../lib/gcc/arm-none-eabi/10.3.1/../../../../arm-none-eabi/lib/thumb/v7e-m+fp/hard/libc.a(lib_a-memcmp.o)
                              _build/nrf_twi_mngr.o (memcmp)
/opt/homebrew/Cellar/arm-none-eabi-gcc/10.3-2021.07/gcc/bin/../lib/gcc/arm-none-eabi/10.3.1/../../../../arm-none-eabi/lib/thumb/v7e-m+fp/hard/libc.a(lib_a-memcpy.o)
                              _build/app_scheduler.o (memcpy)
/opt/homebrew/Cellar/arm-none-eabi-gcc/10.3-2021.07/gcc/bin/../lib/gcc/arm-none-eabi/10.3.1/../../../../arm-none-eabi/lib/thumb/v7e-m+fp/hard/libc.a(lib_a-memset.o)
                              /opt/homebrew/Cellar/arm-none-eabi-gcc/10.3-2021.07/gcc/bin/../lib/gcc/arm-none-eabi/10.3.1/../../../../arm-none-eabi/lib/thumb/v7e-m+fp/hard/crt0.o (memset)
/opt/homebrew/Cellar/arm-none-eabi-gcc/10.3-2021.07/gcc/bin/../lib/gcc/arm-none-eabi/10.3.1/../../../../arm-none-eabi/lib/thumb/v7e-m+fp/hard/libc.a(lib_a-printf.o)
                              _build/main.o (printf)
/opt/homebrew/Cellar/arm-none-eabi-gcc/10.3-2021.07/gcc/bin/../lib/gcc/arm-none-eabi/10.3.1/../../../../arm-none-eabi/lib/thumb/v7e-m+fp/hard/libc.a(lib_a-setbuf.o)
                              _build/microbit_before_startup.o (setbuf)
/opt/homebrew/Cellar/arm-none-eabi-gcc/10.3-2021.07/gcc/bin/../lib/gcc/arm-none-eabi/10.3.1/../../../../arm-none-eabi/lib/thumb/v7e-m+fp/hard/libc.a(lib_a-setvbuf.o)
                              /opt/homebrew/Cellar/arm-none-eabi-gcc/10.3-2021.07/gcc/bin/../lib/gcc/arm-none-eabi/10.3.1/../../../../arm-none-eabi/lib/thumb/v7e-m+fp/hard/libc.a(lib_a-setbuf.o) (setvbuf)
/opt/homebrew/Cellar/arm-none-eabi-gcc/10.3-2021.07/gcc/bin/../lib/gcc/arm-none-eabi/10.3.1/../../../../arm-none-eabi/lib/thumb/v7e-m+fp/hard/libc.a(lib_a-strlen.o)
                              _build/nrf_fprintf_format.o (strlen)
/opt/homebrew/Cellar/arm-none-eabi-gcc/10.3-2021.07/gcc/bin/../lib/gcc/arm-none-eabi/10.3.1/../../../../arm-none-eabi/lib/thumb/v7e-m+fp/hard/libc.a(lib_a-vfprintf.o)
                              /opt/homebrew/Cellar/arm-none-eabi-gcc/10.3-2021.07/gcc/bin/../lib/gcc/arm-none-eabi/10.3.1/../../../../arm-none-eabi/lib/thumb/v7e-m+fp/hard/libc.a(lib_a-printf.o) (_vfprintf_r)
/opt/homebrew/Cellar/arm-none-eabi-gcc/10.3-2021.07/gcc/bin/../lib/gcc/arm-none-eabi/10.3.1/../../../../arm-none-eabi/lib/thumb/v7e-m+fp/hard/libc.a(lib_a-wsetup.o)
                              /opt/homebrew/Cellar/arm-none-eabi-gcc/10.3-2021.07/gcc/bin/../lib/gcc/arm-none-eabi/10.3.1/../../../../arm-none-eabi/lib/thumb/v7e-m+fp/hard/libc.a(lib_a-vfprintf.o) (__swsetup_r)
/opt/homebrew/Cellar/arm-none-eabi-gcc/10.3-2021.07/gcc/bin/../lib/gcc/arm-none-eabi/10.3.1/../../../../arm-none-eabi/lib/thumb/v7e-m+fp/hard/libc.a(lib_a-__call_atexit.o)
                              /opt/homebrew/Cellar/arm-none-eabi-gcc/10.3-2021.07/gcc/bin/../lib/gcc/arm-none-eabi/10.3.1/../../../../arm-none-eabi/lib/thumb/v7e-m+fp/hard/libc.a(lib_a-exit.o) (__call_exitprocs)
/opt/homebrew/Cellar/arm-none-eabi-gcc/10.3-2021.07/gcc/bin/../lib/gcc/arm-none-eabi/10.3.1/../../../../arm-none-eabi/lib/thumb/v7e-m+fp/hard/libc.a(lib_a-atexit.o)
                              /opt/homebrew/Cellar/arm-none-eabi-gcc/10.3-2021.07/gcc/bin/../lib/gcc/arm-none-eabi/10.3.1/../../../../arm-none-eabi/lib/thumb/v7e-m+fp/hard/libc.a(lib_a-__call_atexit.o) (atexit)
/opt/homebrew/Cellar/arm-none-eabi-gcc/10.3-2021.07/gcc/bin/../lib/gcc/arm-none-eabi/10.3.1/../../../../arm-none-eabi/lib/thumb/v7e-m+fp/hard/libc.a(lib_a-dtoa.o)
[...]
Memory Configuration

Name             Origin             Length             Attributes
FLASH            0x0000000000000000 0x0000000000080000 xr
RAM              0x0000000020000000 0x0000000000020000 xrw
*default*        0x0000000000000000 0xffffffffffffffff

Linker script and memory map

                0x000000000007f000                __stop_ot_flash_data = ((ORIGIN (FLASH) + LENGTH (FLASH)) - FLASH_PAGE_SIZE)
                0x000000000007b000                __start_ot_flash_data = (__stop_ot_flash_data - (FLASH_PAGE_SIZE * FLASH_DATA_PAGES_USED))
                0x0000000000000001                ASSERT ((__start_ot_flash_data >= (__etext + SIZEOF (.data))), Error: Code overlaps flash data area.)

.text           0x0000000000000000     0xc608
 *(.isr_vector)
 .isr_vector    0x0000000000000000      0x200 _build/gcc_startup_nrf52833.os
                0x0000000000000000                __isr_vector
 *(.text*)
 .text          0x0000000000000200       0x40 /opt/homebrew/Cellar/arm-none-eabi-gcc/10.3-2021.07/gcc/bin/../lib/gcc/arm-none-eabi/10.3.1/thumb/v7e-m+fp/hard/crtbegin.o
 .text          0x0000000000000240       0x7c /opt/homebrew/Cellar/arm-none-eabi-gcc/10.3-2021.07/gcc/bin/../lib/gcc/arm-none-eabi/10.3.1/../../../../arm-none-eabi/lib/thumb/v7e-m+fp/hard/crt0.o
                0x0000000000000240                _stack_init
                0x0000000000000248                _mainCRTStartup
                0x0000000000000248                _start
 .text.saadc_event_callback
                0x00000000000002bc        0x2 _build/main.o
 *fill*         0x00000000000002be        0x2 
 .text.adc_sample_blocking
                0x00000000000002c0       0x60 _build/main.o
 .text.sample_timer_callback
                0x0000000000000320       0x7c _build/main.o
 .text.nrf_gpio_cfg_input.constprop.0
                0x000000000000039c       0x10 _build/main.o
 .text.startup.main
                0x00000000000003ac      0x120 _build/main.o
                0x00000000000003ac                main
 .text.nrf_gpio_pin_port_decode
                0x00000000000004cc       0x30 _build/better_error_handling.o
 .text.nrf_gpio_pin_clear
                0x00000000000004fc       0x1a _build/better_error_handling.o
 .text.nrf_gpio_pin_set
                0x0000000000000516       0x1a _build/better_error_handling.o
 .text.nrf_delay_ms.part.0
                0x0000000000000530       0x1c _build/better_error_handling.o
 .text.error_blink_pattern
                0x000000000000054c      0x104 _build/better_error_handling.o
 .text.app_error_fault_handler
                0x0000000000000650       0x74 _build/better_error_handling.o
                0x0000000000000650                app_error_fault_handler
 .text.HardFault_process
                0x00000000000006c4        0x6 _build/better_error_handling.o
                0x00000000000006c4                HardFault_process
 *fill*         0x00000000000006ca        0x2 
 .text.startup.called_first
                0x00000000000006cc       0x48 _build/microbit_before_startup.o
                0x00000000000006cc                called_first
 .text.nrf_log_backend_uart_flush
                0x0000000000000714        0x2 _build/microbit_nrf_log_backend_uart.o
 *fill*         0x0000000000000716        0x2 
 .text.nrf_log_backend_uart_put
                0x0000000000000718       0x1c _build/microbit_nrf_log_backend_uart.o
 .text.uart_init.constprop.0
                0x0000000000000734       0x54 _build/microbit_nrf_log_backend_uart.o
 .text.serial_tx
                0x0000000000000788       0x50 _build/microbit_nrf_log_backend_uart.o
 .text.nrf_log_backend_uart_panic_set
                0x00000000000007d8       0x2c _build/microbit_nrf_log_backend_uart.o
 .text.nrf_log_backend_uart_init
                0x0000000000000804        0x4 _build/microbit_nrf_log_backend_uart.o
                0x0000000000000804                nrf_log_backend_uart_init
 .text._write   0x0000000000000808       0x2c _build/microbit_retarget.o
                0x0000000000000808                _write
 .text._read    0x0000000000000834       0x30 _build/microbit_retarget.o
                0x0000000000000834                _read
 .text.app_error_handler
                0x0000000000000864       0x1a _build/app_error_handler_gcc.o
                0x0000000000000864                app_error_handler
 *fill*         0x000000000000087e        0x2 
 .text.user_op_alloc
                0x0000000000000880       0x2c _build/app_timer.o
 .text.nrfx_coredep_delay_us.part.0.constprop.0
                0x00000000000008ac       0x10 _build/app_timer.o
 .text.RTC1_IRQHandler
                0x00000000000008bc       0x9c _build/app_timer.o
                0x00000000000008bc                RTC1_IRQHandler
 .text.SWI0_EGU0_IRQHandler
                0x0000000000000958      0x2b8 _build/app_timer.o
                0x0000000000000958                SWI0_EGU0_IRQHandler
 .text.app_timer_init
                0x0000000000000c10       0x90 _build/app_timer.o
                0x0000000000000c10                app_timer_init
 .text.app_timer_create
                0x0000000000000ca0       0x24 _build/app_timer.o
                0x0000000000000ca0                app_timer_create
 .text.app_timer_start
                0x0000000000000cc4       0x8c _build/app_timer.o
                0x0000000000000cc4                app_timer_start
 .text.app_util_disable_irq
                0x0000000000000d50       0x10 _build/app_util_platform.o
                0x0000000000000d50                app_util_disable_irq
 .text.app_util_enable_irq
                0x0000000000000d60       0x14 _build/app_util_platform.o
                0x0000000000000d60                app_util_enable_irq
 .text.privilege_level_get
                0x0000000000000d74       0x1a _build/app_util_platform.o
                0x0000000000000d74                privilege_level_get
 *fill*         0x0000000000000d8e        0x2 
 .text.app_util_critical_region_enter
                0x0000000000000d90       0x20 _build/app_util_platform.o
                0x0000000000000d90                app_util_critical_region_enter
 .text.app_util_critical_region_exit
                0x0000000000000db0       0x20 _build/app_util_platform.o
                0x0000000000000db0                app_util_critical_region_exit
 .text.HardFault_Handler
                0x0000000000000dd0       0x34 _build/hardfault_handler_gcc.o
                0x0000000000000dd0                HardFault_Handler
 .text.HardFault_c_handler
                0x0000000000000e04      0x104 _build/hardfault_implementation.o
                0x0000000000000e04                HardFault_c_handler
 .text.assert_nrf_callback
                0x0000000000000f08       0x1a _build/nrf_assert.o
                0x0000000000000f08                assert_nrf_callback
 .text.nrf_atomic_u32_fetch_store
                0x0000000000000f22       0x16 _build/nrf_atomic.o
                0x0000000000000f22                nrf_atomic_u32_fetch_store
 .text.nrf_atomic_u32_or
                0x0000000000000f38       0x18 _build/nrf_atomic.o
                0x0000000000000f38                nrf_atomic_u32_or
 .text.nrf_atomic_u32_fetch_and
                0x0000000000000f50       0x18 _build/nrf_atomic.o
                0x0000000000000f50                nrf_atomic_u32_fetch_and
 .text.nrf_atomic_u32_add
                0x0000000000000f68       0x18 _build/nrf_atomic.o
                0x0000000000000f68                nrf_atomic_u32_add
 .text.nrf_atomic_u32_sub
                0x0000000000000f80       0x18 _build/nrf_atomic.o
                0x0000000000000f80                nrf_atomic_u32_sub
 .text.nrf_atomic_flag_set
                0x0000000000000f98        0x6 _build/nrf_atomic.o
                0x0000000000000f98                nrf_atomic_flag_set
 .text.nrf_atomic_flag_clear_fetch
                0x0000000000000f9e        0x6 _build/nrf_atomic.o
                0x0000000000000f9e                nrf_atomic_flag_clear_fetch
 .text.nrf_balloc_init
                0x0000000000000fa4       0x7c _build/nrf_balloc.o
                0x0000000000000fa4                nrf_balloc_init
 .text.nrf_balloc_alloc
                0x0000000000001020       0x54 _build/nrf_balloc.o
                0x0000000000001020                nrf_balloc_alloc
 .text.nrf_balloc_free
                0x0000000000001074       0x48 _build/nrf_balloc.o
                0x0000000000001074                nrf_balloc_free
 .text.uarte_evt_handler
                0x00000000000010bc       0x34 _build/nrf_drv_uart.o
 .text.uart_evt_handler
                0x00000000000010f0       0x34 _build/nrf_drv_uart.o
 .text.nrf_drv_uart_init
                0x0000000000001124       0x7c _build/nrf_drv_uart.o
                0x0000000000001124                nrf_drv_uart_init
 .text.nrf_fprintf_buffer_flush
                0x00000000000011a0       0x24 _build/nrf_fprintf.o
                0x00000000000011a0                nrf_fprintf_buffer_flush
 .text.nrf_fprintf
                0x00000000000011c4       0x54 _build/nrf_fprintf.o
                0x00000000000011c4                nrf_fprintf
 .text.buffer_add
                0x0000000000001218       0x1e _build/nrf_fprintf_format.o
 *fill*         0x0000000000001236        0x2 
 .text.unsigned_print
                0x0000000000001238       0xb4 _build/nrf_fprintf_format.o
 .text.nrf_fprintf_fmt
                0x00000000000012ec      0x2d0 _build/nrf_fprintf_format.o
                0x00000000000012ec                nrf_fprintf_fmt
 .text.nrf_log_backend_serial_put
                0x00000000000015bc       0xc2 _build/nrf_log_backend_serial.o
                0x00000000000015bc                nrf_log_backend_serial_put
 *fill*         0x000000000000167e        0x2 
 .text.nrf_log_default_backends_init
                0x0000000000001680       0x30 _build/nrf_log_default_backends.o
                0x0000000000001680                nrf_log_default_backends_init
 .text.invalid_packets_omit
                0x00000000000016b0       0x3a _build/nrf_log_frontend.o
 *fill*         0x00000000000016ea        0x2 
 .text.buf_prealloc
                0x00000000000016ec      0x144 _build/nrf_log_frontend.o
 .text.nrf_log_init
                0x0000000000001830       0x3c _build/nrf_log_frontend.o
                0x0000000000001830                nrf_log_init
 .text.nrf_log_module_name_get
                0x000000000000186c       0x38 _build/nrf_log_frontend.o
                0x000000000000186c                nrf_log_module_name_get
 .text.nrf_log_color_id_get
                0x00000000000018a4       0x2c _build/nrf_log_frontend.o
                0x00000000000018a4                nrf_log_color_id_get
 .text.buffer_is_empty
                0x00000000000018d0       0x14 _build/nrf_log_frontend.o
                0x00000000000018d0                buffer_is_empty
 .text.nrf_log_frontend_dequeue
                0x00000000000018e4      0x224 _build/nrf_log_frontend.o
                0x00000000000018e4                nrf_log_frontend_dequeue
 .text.std_n    0x0000000000001b08       0xb8 _build/nrf_log_frontend.o
 .text.nrf_log_frontend_std_0
                0x0000000000001bc0        0x8 _build/nrf_log_frontend.o
                0x0000000000001bc0                nrf_log_frontend_std_0
 .text.nrf_log_frontend_std_1
                0x0000000000001bc8       0x12 _build/nrf_log_frontend.o
                0x0000000000001bc8                nrf_log_frontend_std_1
 .text.nrf_log_frontend_std_3
                0x0000000000001bda       0x18 _build/nrf_log_frontend.o
                0x0000000000001bda                nrf_log_frontend_std_3
 .text.nrf_log_frontend_std_4
                0x0000000000001bf2       0x1c _build/nrf_log_frontend.o
                0x0000000000001bf2                nrf_log_frontend_std_4
 *fill*         0x0000000000001c0e        0x2 
 .text.nrf_log_backend_add
                0x0000000000001c10       0x54 _build/nrf_log_frontend.o
                0x0000000000001c10                nrf_log_backend_add
 .text.nrf_log_panic
                0x0000000000001c64       0x28 _build/nrf_log_frontend.o
                0x0000000000001c64                nrf_log_panic
 .text.prefix_process
                0x0000000000001c8c       0x7c _build/nrf_log_str_formatter.o
 .text.postfix_process
                0x0000000000001d08       0x44 _build/nrf_log_str_formatter.o
 .text.nrf_log_std_entry_process
                0x0000000000001d4c       0xc8 _build/nrf_log_str_formatter.o
                0x0000000000001d4c                nrf_log_std_entry_process
 .text.nrf_log_hexdump_entry_process
                0x0000000000001e14       0xc0 _build/nrf_log_str_formatter.o
                0x0000000000001e14                nrf_log_hexdump_entry_process
 .text.memobj_op
                0x0000000000001ed4       0xa8 _build/nrf_memobj.o
 .text.nrf_memobj_pool_init
                0x0000000000001f7c        0x4 _build/nrf_memobj.o
                0x0000000000001f7c                nrf_memobj_pool_init
 .text.nrf_memobj_free
                0x0000000000001f80       0x2c _build/nrf_memobj.o
                0x0000000000001f80                nrf_memobj_free
 .text.nrf_memobj_alloc
                0x0000000000001fac       0x5e _build/nrf_memobj.o
                0x0000000000001fac                nrf_memobj_alloc
 .text.nrf_memobj_get
                0x000000000000200a        0x8 _build/nrf_memobj.o
                0x000000000000200a                nrf_memobj_get
 .text.nrf_memobj_put
                0x0000000000002012       0x1c _build/nrf_memobj.o
                0x0000000000002012                nrf_memobj_put
 *fill*         0x000000000000202e        0x2 
 .text.nrf_memobj_write
                0x0000000000002030       0x28 _build/nrf_memobj.o
                0x0000000000002030                nrf_memobj_write
 .text.nrf_memobj_read
                0x0000000000002058       0x28 _build/nrf_memobj.o
                0x0000000000002058                nrf_memobj_read
 .text.nrf_ringbuf_init
                0x0000000000002080       0x1c _build/nrf_ringbuf.o
                0x0000000000002080                nrf_ringbuf_init
 .text.nrf_strerror_find
                0x000000000000209c       0x3c _build/nrf_strerror.o
                0x000000000000209c                nrf_strerror_find
 .text.nrf_strerror_get
                0x00000000000020d8       0x14 _build/nrf_strerror.o
                0x00000000000020d8                nrf_strerror_get
 .text.POWER_CLOCK_IRQHandler
                0x00000000000020ec       0x5c _build/nrfx_clock.o
                0x00000000000020ec                POWER_CLOCK_IRQHandler
 .text.nrf_gpiote_event_clear
                0x0000000000002148       0x18 _build/nrfx_gpiote.o
 .text.nrf_bitmask_bit_set
                0x0000000000002160       0x14 _build/nrfx_gpiote.o
 .text.nrf_gpio_pin_port_decode
                0x0000000000002174       0x30 _build/nrfx_gpiote.o
 .text.nrf_gpio_cfg_sense_set
                0x00000000000021a4       0x2e _build/nrfx_gpiote.o
 *fill*         0x00000000000021d2        0x2 
 .text.nrf_gpio_ports_read.constprop.0
                0x00000000000021d4       0x18 _build/nrfx_gpiote.o
 .text.GPIOTE_IRQHandler
                0x00000000000021ec      0x19c _build/nrfx_gpiote.o
                0x00000000000021ec                GPIOTE_IRQHandler
 .text.UARTE0_UART0_IRQHandler
                0x0000000000002388       0x20 _build/nrfx_prs.o
                0x0000000000002388                UARTE0_UART0_IRQHandler
 .text.nrfx_prs_acquire
                0x00000000000023a8       0x44 _build/nrfx_prs.o
                0x00000000000023a8                nrfx_prs_acquire
 .text.nrfx_prs_release
                0x00000000000023ec       0x28 _build/nrfx_prs.o
                0x00000000000023ec                nrfx_prs_release
 .text.nrf_pwm_event_clear
                0x0000000000002414       0x10 _build/nrfx_pwm.o
 .text.PWM0_IRQHandler
                0x0000000000002424       0x90 _build/nrfx_pwm.o
                0x0000000000002424                PWM0_IRQHandler
 .text.nrf_saadc_event_clear
                0x00000000000024b4       0x18 _build/nrfx_saadc.o
 .text.SAADC_IRQHandler
                0x00000000000024cc      0x154 _build/nrfx_saadc.o
                0x00000000000024cc                SAADC_IRQHandler
 .text.nrfx_saadc_init
                0x0000000000002620       0xbc _build/nrfx_saadc.o
                0x0000000000002620                nrfx_saadc_init
 .text.nrfx_saadc_channel_init
                0x00000000000026dc      0x104 _build/nrfx_saadc.o
                0x00000000000026dc                nrfx_saadc_channel_init
 .text.nrfx_saadc_sample_convert
                0x00000000000027e0       0xe8 _build/nrfx_saadc.o
                0x00000000000027e0                nrfx_saadc_sample_convert
 .text.nrf_gpio_pin_port_decode
                0x00000000000028c8       0x30 _build/nrfx_spim.o
 .text.nrf_gpio_pin_clear
                0x00000000000028f8       0x1a _build/nrfx_spim.o
 .text.nrf_gpio_pin_set
                0x0000000000002912       0x1a _build/nrfx_spim.o
 .text.SPIM2_SPIS2_SPI2_IRQHandler
                0x000000000000292c       0x64 _build/nrfx_spim.o
                0x000000000000292c                SPIM2_SPIS2_SPI2_IRQHandler
 .text.irq_handler.constprop.0
                0x0000000000002990       0x4c _build/nrfx_timer.o
 .text.TIMER0_IRQHandler
                0x00000000000029dc       0x10 _build/nrfx_timer.o
                0x00000000000029dc                TIMER0_IRQHandler
 .text.TIMER1_IRQHandler
                0x00000000000029ec       0x10 _build/nrfx_timer.o
                0x00000000000029ec                TIMER1_IRQHandler
 .text.nrf_twim_event_clear
                0x00000000000029fc       0x10 _build/nrfx_twim.o
 .text.xfer_completeness_check
                0x0000000000002a0c       0x6c _build/nrfx_twim.o
 .text.twim_irq_handler
                0x0000000000002a78      0x138 _build/nrfx_twim.o
 .text.SPIM0_SPIS0_TWIM0_TWIS0_SPI0_TWI0_IRQHandler
                0x0000000000002bb0       0x10 _build/nrfx_twim.o
                0x0000000000002bb0                SPIM0_SPIS0_TWIM0_TWIS0_SPI0_TWI0_IRQHandler
 .text.SPIM1_SPIS1_TWIM1_TWIS1_SPI1_TWI1_IRQHandler
                0x0000000000002bc0       0x10 _build/nrfx_twim.o
                0x0000000000002bc0                SPIM1_SPIS1_TWIM1_TWIS1_SPI1_TWI1_IRQHandler
 .text.nrf_uart_event_clear
                0x0000000000002bd0       0x10 _build/nrfx_uart.o
 .text.tx_byte  0x0000000000002be0       0x1e _build/nrfx_uart.o
 .text.rx_enable
                0x0000000000002bfe       0x20 _build/nrfx_uart.o
 *fill*         0x0000000000002c1e        0x2 
 .text.nrf_gpio_pin_port_decode
                0x0000000000002c20       0x30 _build/nrfx_uart.o
 .text.nrf_gpio_cfg_default
                0x0000000000002c50       0x1c _build/nrfx_uart.o
 .text.rx_byte  0x0000000000002c6c       0x2c _build/nrfx_uart.o
 .text.rx_done_event.constprop.0
                0x0000000000002c98       0x20 _build/nrfx_uart.o
 .text.nrfx_uart_0_irq_handler
                0x0000000000002cb8      0x144 _build/nrfx_uart.o
                0x0000000000002cb8                nrfx_uart_0_irq_handler
 .text.nrfx_uart_init
                0x0000000000002dfc      0x1e0 _build/nrfx_uart.o
                0x0000000000002dfc                nrfx_uart_init
 .text.nrfx_uart_uninit
                0x0000000000002fdc       0xc0 _build/nrfx_uart.o
                0x0000000000002fdc                nrfx_uart_uninit
 .text.nrfx_uart_tx_in_progress
                0x000000000000309c       0x18 _build/nrfx_uart.o
                0x000000000000309c                nrfx_uart_tx_in_progress
 .text.nrfx_uart_tx
                0x00000000000030b4       0xe0 _build/nrfx_uart.o
                0x00000000000030b4                nrfx_uart_tx
 .text.nrfx_uart_rx
                0x0000000000003194      0x134 _build/nrfx_uart.o
                0x0000000000003194                nrfx_uart_rx
 .text.nrf_uarte_event_clear
                0x00000000000032c8       0x10 _build/nrfx_uarte.o
 .text.nrf_gpio_pin_port_decode
                0x00000000000032d8       0x30 _build/nrfx_uarte.o
 .text.nrf_gpio_cfg_default
                0x0000000000003308       0x1c _build/nrfx_uarte.o
 .text.rx_done_event.constprop.0
                0x0000000000003324       0x20 _build/nrfx_uarte.o
 .text.nrfx_uarte_0_irq_handler
                0x0000000000003344      0x118 _build/nrfx_uarte.o
                0x0000000000003344                nrfx_uarte_0_irq_handler
 .text.nrfx_uarte_init
                0x000000000000345c      0x1f8 _build/nrfx_uarte.o
                0x000000000000345c                nrfx_uarte_init
 .text.nrfx_uarte_uninit
                0x0000000000003654       0xec _build/nrfx_uarte.o
                0x0000000000003654                nrfx_uarte_uninit
 .text.nrfx_uarte_tx_in_progress
                0x0000000000003740       0x18 _build/nrfx_uarte.o
                0x0000000000003740                nrfx_uarte_tx_in_progress
 .text.nrfx_uarte_tx
                0x0000000000003758       0xf4 _build/nrfx_uarte.o
                0x0000000000003758                nrfx_uarte_tx
 .text.nrfx_uarte_rx
                0x000000000000384c      0x130 _build/nrfx_uarte.o
                0x000000000000384c                nrfx_uarte_rx
 .text.errata_36
                0x000000000000397c       0x1a _build/system_nrf52833.o
 *fill*         0x0000000000003996        0x2 
 .text.SystemInit
                0x0000000000003998      0x174 _build/system_nrf52833.o
                0x0000000000003998                SystemInit
 .text          0x0000000000003b0c       0x3c _build/gcc_startup_nrf52833.os
                0x0000000000003b0c                Reset_Handler
                0x0000000000003b34                NMI_Handler
                0x0000000000003b38                MemoryManagement_Handler
                0x0000000000003b3a                BusFault_Handler
                0x0000000000003b3c                UsageFault_Handler
                0x0000000000003b3e                SVC_Handler
                0x0000000000003b40                DebugMon_Handler
                0x0000000000003b42                PendSV_Handler
                0x0000000000003b44                SysTick_Handler
                0x0000000000003b46                PWM3_IRQHandler
                0x0000000000003b46                FPU_IRQHandler
                0x0000000000003b46                USBD_IRQHandler
                0x0000000000003b46                TIMER4_IRQHandler
                0x0000000000003b46                I2S_IRQHandler
                0x0000000000003b46                SWI4_EGU4_IRQHandler
                0x0000000000003b46                UARTE1_IRQHandler
                0x0000000000003b46                SPIM3_IRQHandler
                0x0000000000003b46                PWM2_IRQHandler
                0x0000000000003b46                ECB_IRQHandler
                0x0000000000003b46                Default_Handler
                0x0000000000003b46                CCM_AAR_IRQHandler
                0x0000000000003b46                WDT_IRQHandler
                0x0000000000003b46                SWI5_EGU5_IRQHandler
                0x0000000000003b46                RNG_IRQHandler
                0x0000000000003b46                RTC2_IRQHandler
                0x0000000000003b46                SWI3_EGU3_IRQHandler
                0x0000000000003b46                SWI1_EGU1_IRQHandler
                0x0000000000003b46                NFCT_IRQHandler
                0x0000000000003b46                MWU_IRQHandler
                0x0000000000003b46                TIMER2_IRQHandler
                0x0000000000003b46                COMP_LPCOMP_IRQHandler
                0x0000000000003b46                RTC0_IRQHandler
                0x0000000000003b46                SWI2_EGU2_IRQHandler
                0x0000000000003b46                PWM1_IRQHandler
                0x0000000000003b46                RADIO_IRQHandler
                0x0000000000003b46                PDM_IRQHandler
                0x0000000000003b46                TEMP_IRQHandler
                0x0000000000003b46                QDEC_IRQHandler
                0x0000000000003b46                TIMER3_IRQHandler
 .text.exit     0x0000000000003b48       0x20 /opt/homebrew/Cellar/arm-none-eabi-gcc/10.3-2021.07/gcc/bin/../lib/gcc/arm-none-eabi/10.3.1/../../../../arm-none-eabi/lib/thumb/v7e-m+fp/hard/libc.a(lib_a-exit.o)
                0x0000000000003b48                exit
 .text.__libc_init_array
                0x0000000000003b68       0x48 /opt/homebrew/Cellar/arm-none-eabi-gcc/10.3-2021.07/gcc/bin/../lib/gcc/arm-none-eabi/10.3.1/../../../../arm-none-eabi/lib/thumb/v7e-m+fp/hard/libc.a(lib_a-init.o)
                0x0000000000003b68                __libc_init_array
 .text          0x0000000000003bb0      0x134 /opt/homebrew/Cellar/arm-none-eabi-gcc/10.3-2021.07/gcc/bin/../lib/gcc/arm-none-eabi/10.3.1/../../../../arm-none-eabi/lib/thumb/v7e-m+fp/hard/libc.a(lib_a-memcpy.o)
                0x0000000000003bb0                memcpy
 .text.memset   0x0000000000003ce4       0xa4 /opt/homebrew/Cellar/arm-none-eabi-gcc/10.3-2021.07/gcc/bin/../lib/gcc/arm-none-eabi/10.3.1/../../../../arm-none-eabi/lib/thumb/v7e-m+fp/hard/libc.a(lib_a-memset.o)
                0x0000000000003ce4                memset
 .text.printf   0x0000000000003d88       0x28 /opt/homebrew/Cellar/arm-none-eabi-gcc/10.3-2021.07/gcc/bin/../lib/gcc/arm-none-eabi/10.3.1/../../../../arm-none-eabi/lib/thumb/v7e-m+fp/hard/libc.a(lib_a-printf.o)
                0x0000000000003d88                printf
 .text.setbuf   0x0000000000003db0       0x10 /opt/homebrew/Cellar/arm-none-eabi-gcc/10.3-2021.07/gcc/bin/../lib/gcc/arm-none-eabi/10.3.1/../../../../arm-none-eabi/lib/thumb/v7e-m+fp/hard/libc.a(lib_a-setbuf.o)
                0x0000000000003db0                setbuf
 .text.setvbuf  0x0000000000003dc0      0x1b0 /opt/homebrew/Cellar/arm-none-eabi-gcc/10.3-2021.07/gcc/bin/../lib/gcc/arm-none-eabi/10.3.1/../../../../arm-none-eabi/lib/thumb/v7e-m+fp/hard/libc.a(lib_a-setvbuf.o)
                0x0000000000003dc0                setvbuf
 *fill*         0x0000000000003f70       0x10 
 .text          0x0000000000003f80       0xdc /opt/homebrew/Cellar/arm-none-eabi-gcc/10.3-2021.07/gcc/bin/../lib/gcc/arm-none-eabi/10.3.1/../../../../arm-none-eabi/lib/thumb/v7e-m+fp/hard/libc.a(lib_a-strlen.o)
                0x0000000000003f80                strlen
 *fill*         0x000000000000405c        0x4 
 .text._vfprintf_r
                0x0000000000004060     0x1b90 /opt/homebrew/Cellar/arm-none-eabi-gcc/10.3-2021.07/gcc/bin/../lib/gcc/arm-none-eabi/10.3.1/../../../../arm-none-eabi/lib/thumb/v7e-m+fp/hard/libc.a(lib_a-vfprintf.o)
                0x0000000000004060                _vfprintf_r
 .text.__sbprintf
                0x0000000000005bf0       0x80 /opt/homebrew/Cellar/arm-none-eabi-gcc/10.3-2021.07/gcc/bin/../lib/gcc/arm-none-eabi/10.3.1/../../../../arm-none-eabi/lib/thumb/v7e-m+fp/hard/libc.a(lib_a-vfprintf.o)
 .text.__swsetup_r
                0x0000000000005c70       0xd4 /opt/homebrew/Cellar/arm-none-eabi-gcc/10.3-2021.07/gcc/bin/../lib/gcc/arm-none-eabi/10.3.1/../../../../arm-none-eabi/lib/thumb/v7e-m+fp/hard/libc.a(lib_a-wsetup.o)
                0x0000000000005c70                __swsetup_r
 .text.startup.register_fini
                0x0000000000005d44       0x14 /opt/homebrew/Cellar/arm-none-eabi-gcc/10.3-2021.07/gcc/bin/../lib/gcc/arm-none-eabi/10.3.1/../../../../arm-none-eabi/lib/thumb/v7e-m+fp/hard/libc.a(lib_a-__call_atexit.o)
 .text.__call_exitprocs
                0x0000000000005d58       0xcc /opt/homebrew/Cellar/arm-none-eabi-gcc/10.3-2021.07/gcc/bin/../lib/gcc/arm-none-eabi/10.3.1/../../../../arm-none-eabi/lib/thumb/v7e-m+fp/hard/libc.a(lib_a-__call_atexit.o)
                0x0000000000005d58                __call_exitprocs
 .text.atexit   0x0000000000005e24        0xc /opt/homebrew/Cellar/arm-none-eabi-gcc/10.3-2021.07/gcc/bin/../lib/gcc/arm-none-eabi/10.3.1/../../../../arm-none-eabi/lib/thumb/v7e-m+fp/hard/libc.a(lib_a-atexit.o)
                0x0000000000005e24                atexit
 .text.quorem   0x0000000000005e30      0x128 /opt/homebrew/Cellar/arm-none-eabi-gcc/10.3-2021.07/gcc/bin/../lib/gcc/arm-none-eabi/10.3.1/../../../../arm-none-eabi/lib/thumb/v7e-m+fp/hard/libc.a(lib_a-dtoa.o)
 .text._dtoa_r  0x0000000000005f58      0xf3c /opt/homebrew/Cellar/arm-none-eabi-gcc/10.3-2021.07/gcc/bin/../lib/gcc/arm-none-eabi/10.3.1/../../../../arm-none-eabi/lib/thumb/v7e-m+fp/hard/libc.a(lib_a-dtoa.o)
                0x0000000000005f58                _dtoa_r
 .text.__sflush_r
                0x0000000000006e94      0x130 /opt/homebrew/Cellar/arm-none-eabi-gcc/10.3-2021.07/gcc/bin/../lib/gcc/arm-none-eabi/10.3.1/../../../../arm-none-eabi/lib/thumb/v7e-m+fp/hard/libc.a(lib_a-fflush.o)
                0x0000000000006e94                __sflush_r
 .text._fflush_r
                0x0000000000006fc4       0x5c /opt/homebrew/Cellar/arm-none-eabi-gcc/10.3-2021.07/gcc/bin/../lib/gcc/arm-none-eabi/10.3.1/../../../../arm-none-eabi/lib/thumb/v7e-m+fp/hard/libc.a(lib_a-fflush.o)
                0x0000000000006fc4                _fflush_r
 .text._cleanup_r
                0x0000000000007020        0xc /opt/homebrew/Cellar/arm-none-eabi-gcc/10.3-2021.07/gcc/bin/../lib/gcc/arm-none-eabi/10.3.1/../../../../arm-none-eabi/lib/thumb/v7e-m+fp/hard/libc.a(lib_a-findfp.o)
                0x0000000000007020                _cleanup_r
 .text.__sinit  0x000000000000702c      0x10c /opt/homebrew/Cellar/arm-none-eabi-gcc/10.3-2021.07/gcc/bin/../lib/gcc/arm-none-eabi/10.3.1/../../../../arm-none-eabi/lib/thumb/v7e-m+fp/hard/libc.a(lib_a-findfp.o)
                0x000000000000702c                __sinit
 .text.__sfp_lock_acquire
                0x0000000000007138        0xc /opt/homebrew/Cellar/arm-none-eabi-gcc/10.3-2021.07/gcc/bin/../lib/gcc/arm-none-eabi/10.3.1/../../../../arm-none-eabi/lib/thumb/v7e-m+fp/hard/libc.a(lib_a-findfp.o)
                0x0000000000007138                __sfp_lock_acquire
 .text.__sfp_lock_release
                0x0000000000007144        0xc /opt/homebrew/Cellar/arm-none-eabi-gcc/10.3-2021.07/gcc/bin/../lib/gcc/arm-none-eabi/10.3.1/../../../../arm-none-eabi/lib/thumb/v7e-m+fp/hard/libc.a(lib_a-findfp.o)
                0x0000000000007144                __sfp_lock_release
 .text.__libc_fini_array
                0x0000000000007150       0x2c /opt/homebrew/Cellar/arm-none-eabi-gcc/10.3-2021.07/gcc/bin/../lib/gcc/arm-none-eabi/10.3.1/../../../../arm-none-eabi/lib/thumb/v7e-m+fp/hard/libc.a(lib_a-fini.o)
                0x0000000000007150                __libc_fini_array
 .text._malloc_trim_r
                0x000000000000717c       0xa0 /opt/homebrew/Cellar/arm-none-eabi-gcc/10.3-2021.07/gcc/bin/../lib/gcc/arm-none-eabi/10.3.1/../../../../arm-none-eabi/lib/thumb/v7e-m+fp/hard/libc.a(lib_a-freer.o)
                0x000000000000717c                _malloc_trim_r
 .text._free_r  0x000000000000721c      0x20c /opt/homebrew/Cellar/arm-none-eabi-gcc/10.3-2021.07/gcc/bin/../lib/gcc/arm-none-eabi/10.3.1/../../../../arm-none-eabi/lib/thumb/v7e-m+fp/hard/libc.a(lib_a-freer.o)
                0x000000000000721c                _free_r
 .text._fwalk_reent
                0x0000000000007428       0x48 /opt/homebrew/Cellar/arm-none-eabi-gcc/10.3-2021.07/gcc/bin/../lib/gcc/arm-none-eabi/10.3.1/../../../../arm-none-eabi/lib/thumb/v7e-m+fp/hard/libc.a(lib_a-fwalk.o)
                0x0000000000007428                _fwalk_reent
 .text._localeconv_r
                0x0000000000007470        0x8 /opt/homebrew/Cellar/arm-none-eabi-gcc/10.3-2021.07/gcc/bin/../lib/gcc/arm-none-eabi/10.3.1/../../../../arm-none-eabi/lib/thumb/v7e-m+fp/hard/libc.a(lib_a-localeconv.o)
                0x0000000000007470                _localeconv_r
 .text.__retarget_lock_init_recursive
                0x0000000000007478        0x4 /opt/homebrew/Cellar/arm-none-eabi-gcc/10.3-2021.07/gcc/bin/../lib/gcc/arm-none-eabi/10.3.1/../../../../arm-none-eabi/lib/thumb/v7e-m+fp/hard/libc.a(lib_a-lock.o)
                0x0000000000007478                __retarget_lock_init_recursive
 .text.__retarget_lock_close_recursive
                0x000000000000747c        0x4 /opt/homebrew/Cellar/arm-none-eabi-gcc/10.3-2021.07/gcc/bin/../lib/gcc/arm-none-eabi/10.3.1/../../../../arm-none-eabi/lib/thumb/v7e-m+fp/hard/libc.a(lib_a-lock.o)
                0x000000000000747c                __retarget_lock_close_recursive
 .text.__retarget_lock_acquire_recursive
                0x0000000000007480        0x4 /opt/homebrew/Cellar/arm-none-eabi-gcc/10.3-2021.07/gcc/bin/../lib/gcc/arm-none-eabi/10.3.1/../../../../arm-none-eabi/lib/thumb/v7e-m+fp/hard/libc.a(lib_a-lock.o)
                0x0000000000007480                __retarget_lock_acquire_recursive
 .text.__retarget_lock_release_recursive
                0x0000000000007484        0x4 /opt/homebrew/Cellar/arm-none-eabi-gcc/10.3-2021.07/gcc/bin/../lib/gcc/arm-none-eabi/10.3.1/../../../../arm-none-eabi/lib/thumb/v7e-m+fp/hard/libc.a(lib_a-lock.o)
                0x0000000000007484                __retarget_lock_release_recursive
 .text.__smakebuf_r
                0x0000000000007488       0xe0 /opt/homebrew/Cellar/arm-none-eabi-gcc/10.3-2021.07/gcc/bin/../lib/gcc/arm-none-eabi/10.3.1/../../../../arm-none-eabi/lib/thumb/v7e-m+fp/hard/libc.a(lib_a-makebuf.o)
                0x0000000000007488                __smakebuf_r
 .text.__swhatbuf_r
                0x0000000000007568       0x60 /opt/homebrew/Cellar/arm-none-eabi-gcc/10.3-2021.07/gcc/bin/../lib/gcc/arm-none-eabi/10.3.1/../../../../arm-none-eabi/lib/thumb/v7e-m+fp/hard/libc.a(lib_a-makebuf.o)
                0x0000000000007568                __swhatbuf_r
 .text.malloc   0x00000000000075c8       0x10 /opt/homebrew/Cellar/arm-none-eabi-gcc/10.3-2021.07/gcc/bin/../lib/gcc/arm-none-eabi/10.3.1/../../../../arm-none-eabi/lib/thumb/v7e-m+fp/hard/libc.a(lib_a-malloc.o)
                0x00000000000075c8                malloc
 .text._malloc_r
                0x00000000000075d8      0x560 /opt/homebrew/Cellar/arm-none-eabi-gcc/10.3-2021.07/gcc/bin/../lib/gcc/arm-none-eabi/10.3.1/../../../../arm-none-eabi/lib/thumb/v7e-m+fp/hard/libc.a(lib_a-mallocr.o)
                0x00000000000075d8                _malloc_r
 *fill*         0x0000000000007b38        0x8 
 .text          0x0000000000007b40       0xa0 /opt/homebrew/Cellar/arm-none-eabi-gcc/10.3-2021.07/gcc/bin/../lib/gcc/arm-none-eabi/10.3.1/../../../../arm-none-eabi/lib/thumb/v7e-m+fp/hard/libc.a(lib_a-memchr.o)
                0x0000000000007b40                memchr
 .text.__malloc_lock
                0x0000000000007be0        0xc /opt/homebrew/Cellar/arm-none-eabi-gcc/10.3-2021.07/gcc/bin/../lib/gcc/arm-none-eabi/10.3.1/../../../../arm-none-eabi/lib/thumb/v7e-m+fp/hard/libc.a(lib_a-mlock.o)
                0x0000000000007be0                __malloc_lock
 .text.__malloc_unlock
                0x0000000000007bec        0xc /opt/homebrew/Cellar/arm-none-eabi-gcc/10.3-2021.07/gcc/bin/../lib/gcc/arm-none-eabi/10.3.1/../../../../arm-none-eabi/lib/thumb/v7e-m+fp/hard/libc.a(lib_a-mlock.o)
                0x0000000000007bec                __malloc_unlock
 .text._Balloc  0x0000000000007bf8       0x4c /opt/homebrew/Cellar/arm-none-eabi-gcc/10.3-2021.07/gcc/bin/../lib/gcc/arm-none-eabi/10.3.1/../../../../arm-none-eabi/lib/thumb/v7e-m+fp/hard/libc.a(lib_a-mprec.o)
                0x0000000000007bf8                _Balloc
 .text._Bfree   0x0000000000007c44       0x14 /opt/homebrew/Cellar/arm-none-eabi-gcc/10.3-2021.07/gcc/bin/../lib/gcc/arm-none-eabi/10.3.1/../../../../arm-none-eabi/lib/thumb/v7e-m+fp/hard/libc.a(lib_a-mprec.o)
                0x0000000000007c44                _Bfree
 .text.__multadd
                0x0000000000007c58       0xa8 /opt/homebrew/Cellar/arm-none-eabi-gcc/10.3-2021.07/gcc/bin/../lib/gcc/arm-none-eabi/10.3.1/../../../../arm-none-eabi/lib/thumb/v7e-m+fp/hard/libc.a(lib_a-mprec.o)
                0x0000000000007c58                __multadd
 .text.__hi0bits
                0x0000000000007d00       0x40 /opt/homebrew/Cellar/arm-none-eabi-gcc/10.3-2021.07/gcc/bin/../lib/gcc/arm-none-eabi/10.3.1/../../../../arm-none-eabi/lib/thumb/v7e-m+fp/hard/libc.a(lib_a-mprec.o)
                0x0000000000007d00                __hi0bits
 .text.__lo0bits
                0x0000000000007d40       0x60 /opt/homebrew/Cellar/arm-none-eabi-gcc/10.3-2021.07/gcc/bin/../lib/gcc/arm-none-eabi/10.3.1/../../../../arm-none-eabi/lib/thumb/v7e-m+fp/hard/libc.a(lib_a-mprec.o)
                0x0000000000007d40                __lo0bits
 .text.__i2b    0x0000000000007da0       0x5c /opt/homebrew/Cellar/arm-none-eabi-gcc/10.3-2021.07/gcc/bin/../lib/gcc/arm-none-eabi/10.3.1/../../../../arm-none-eabi/lib/thumb/v7e-m+fp/hard/libc.a(lib_a-mprec.o)
                0x0000000000007da0                __i2b
 .text.__multiply
                0x0000000000007dfc      0x15c /opt/homebrew/Cellar/arm-none-eabi-gcc/10.3-2021.07/gcc/bin/../lib/gcc/arm-none-eabi/10.3.1/../../../../arm-none-eabi/lib/thumb/v7e-m+fp/hard/libc.a(lib_a-mprec.o)
                0x0000000000007dfc                __multiply
 .text.__pow5mult
                0x0000000000007f58       0xc0 /opt/homebrew/Cellar/arm-none-eabi-gcc/10.3-2021.07/gcc/bin/../lib/gcc/arm-none-eabi/10.3.1/../../../../arm-none-eabi/lib/thumb/v7e-m+fp/hard/libc.a(lib_a-mprec.o)
                0x0000000000007f58                __pow5mult
 .text.__lshift
                0x0000000000008018       0xf0 /opt/homebrew/Cellar/arm-none-eabi-gcc/10.3-2021.07/gcc/bin/../lib/gcc/arm-none-eabi/10.3.1/../../../../arm-none-eabi/lib/thumb/v7e-m+fp/hard/libc.a(lib_a-mprec.o)
                0x0000000000008018                __lshift
 .text.__mcmp   0x0000000000008108       0x44 /opt/homebrew/Cellar/arm-none-eabi-gcc/10.3-2021.07/gcc/bin/../lib/gcc/arm-none-eabi/10.3.1/../../../../arm-none-eabi/lib/thumb/v7e-m+fp/hard/libc.a(lib_a-mprec.o)
                0x0000000000008108                __mcmp
 .text.__mdiff  0x000000000000814c      0x14c /opt/homebrew/Cellar/arm-none-eabi-gcc/10.3-2021.07/gcc/bin/../lib/gcc/arm-none-eabi/10.3.1/../../../../arm-none-eabi/lib/thumb/v7e-m+fp/hard/libc.a(lib_a-mprec.o)
                0x000000000000814c                __mdiff
 .text.__d2b    0x0000000000008298       0xd0 /opt/homebrew/Cellar/arm-none-eabi-gcc/10.3-2021.07/gcc/bin/../lib/gcc/arm-none-eabi/10.3.1/../../../../arm-none-eabi/lib/thumb/v7e-m+fp/hard/libc.a(lib_a-mprec.o)
                0x0000000000008298                __d2b
 .text.frexp    0x0000000000008368       0x6c /opt/homebrew/Cellar/arm-none-eabi-gcc/10.3-2021.07/gcc/bin/../lib/gcc/arm-none-eabi/10.3.1/../../../../arm-none-eabi/lib/thumb/v7e-m+fp/hard/libc.a(lib_a-s_frexp.o)
                0x0000000000008368                frexp
 .text._sbrk_r  0x00000000000083d4       0x24 /opt/homebrew/Cellar/arm-none-eabi-gcc/10.3-2021.07/gcc/bin/../lib/gcc/arm-none-eabi/10.3.1/../../../../arm-none-eabi/lib/thumb/v7e-m+fp/hard/libc.a(lib_a-sbrkr.o)
                0x00000000000083d4                _sbrk_r
 .text.__sread  0x00000000000083f8       0x24 /opt/homebrew/Cellar/arm-none-eabi-gcc/10.3-2021.07/gcc/bin/../lib/gcc/arm-none-eabi/10.3.1/../../../../arm-none-eabi/lib/thumb/v7e-m+fp/hard/libc.a(lib_a-stdio.o)
                0x00000000000083f8                __sread
 .text.__swrite
                0x000000000000841c       0x40 /opt/homebrew/Cellar/arm-none-eabi-gcc/10.3-2021.07/gcc/bin/../lib/gcc/arm-none-eabi/10.3.1/../../../../arm-none-eabi/lib/thumb/v7e-m+fp/hard/libc.a(lib_a-stdio.o)
                0x000000000000841c                __swrite
 .text.__sseek  0x000000000000845c       0x20 /opt/homebrew/Cellar/arm-none-eabi-gcc/10.3-2021.07/gcc/bin/../lib/gcc/arm-none-eabi/10.3.1/../../../../arm-none-eabi/lib/thumb/v7e-m+fp/hard/libc.a(lib_a-stdio.o)
                0x000000000000845c                __sseek
 .text.__sclose
                0x000000000000847c        0x8 /opt/homebrew/Cellar/arm-none-eabi-gcc/10.3-2021.07/gcc/bin/../lib/gcc/arm-none-eabi/10.3.1/../../../../arm-none-eabi/lib/thumb/v7e-m+fp/hard/libc.a(lib_a-stdio.o)
                0x000000000000847c                __sclose
 .text.strncpy  0x0000000000008484       0x64 /opt/homebrew/Cellar/arm-none-eabi-gcc/10.3-2021.07/gcc/bin/../lib/gcc/arm-none-eabi/10.3.1/../../../../arm-none-eabi/lib/thumb/v7e-m+fp/hard/libc.a(lib_a-strncpy.o)
                0x0000000000008484                strncpy
 .text.__sprint_r.part.0
                0x00000000000084e8       0x78 /opt/homebrew/Cellar/arm-none-eabi-gcc/10.3-2021.07/gcc/bin/../lib/gcc/arm-none-eabi/10.3.1/../../../../arm-none-eabi/lib/thumb/v7e-m+fp/hard/libc.a(lib_a-vfiprintf.o)
 .text.__sprint_r
                0x0000000000008560       0x18 /opt/homebrew/Cellar/arm-none-eabi-gcc/10.3-2021.07/gcc/bin/../lib/gcc/arm-none-eabi/10.3.1/../../../../arm-none-eabi/lib/thumb/v7e-m+fp/hard/libc.a(lib_a-vfiprintf.o)
                0x0000000000008560                __sprint_r
 .text._vfiprintf_r
                0x0000000000008578      0xdfc /opt/homebrew/Cellar/arm-none-eabi-gcc/10.3-2021.07/gcc/bin/../lib/gcc/arm-none-eabi/10.3.1/../../../../arm-none-eabi/lib/thumb/v7e-m+fp/hard/libc.a(lib_a-vfiprintf.o)
                0x0000000000008578                _vfiprintf_r
 .text.__sbprintf
                0x0000000000009374       0x80 /opt/homebrew/Cellar/arm-none-eabi-gcc/10.3-2021.07/gcc/bin/../lib/gcc/arm-none-eabi/10.3.1/../../../../arm-none-eabi/lib/thumb/v7e-m+fp/hard/libc.a(lib_a-vfiprintf.o)
 .text._write_r
                0x00000000000093f4       0x2c /opt/homebrew/Cellar/arm-none-eabi-gcc/10.3-2021.07/gcc/bin/../lib/gcc/arm-none-eabi/10.3.1/../../../../arm-none-eabi/lib/thumb/v7e-m+fp/hard/libc.a(lib_a-writer.o)
                0x00000000000093f4                _write_r
 .text.__register_exitproc
                0x0000000000009420       0x8c /opt/homebrew/Cellar/arm-none-eabi-gcc/10.3-2021.07/gcc/bin/../lib/gcc/arm-none-eabi/10.3.1/../../../../arm-none-eabi/lib/thumb/v7e-m+fp/hard/libc.a(lib_a-__atexit.o)
                0x0000000000009420                __register_exitproc
 .text.__assert_func
                0x00000000000094ac       0x40 /opt/homebrew/Cellar/arm-none-eabi-gcc/10.3-2021.07/gcc/bin/../lib/gcc/arm-none-eabi/10.3.1/../../../../arm-none-eabi/lib/thumb/v7e-m+fp/hard/libc.a(lib_a-assert.o)
                0x00000000000094ac                __assert_func
 .text._calloc_r
                0x00000000000094ec       0x78 /opt/homebrew/Cellar/arm-none-eabi-gcc/10.3-2021.07/gcc/bin/../lib/gcc/arm-none-eabi/10.3.1/../../../../arm-none-eabi/lib/thumb/v7e-m+fp/hard/libc.a(lib_a-callocr.o)
                0x00000000000094ec                _calloc_r
 .text._close_r
                0x0000000000009564       0x24 /opt/homebrew/Cellar/arm-none-eabi-gcc/10.3-2021.07/gcc/bin/../lib/gcc/arm-none-eabi/10.3.1/../../../../arm-none-eabi/lib/thumb/v7e-m+fp/hard/libc.a(lib_a-closer.o)
                0x0000000000009564                _close_r
 .text.__errno  0x0000000000009588        0xc /opt/homebrew/Cellar/arm-none-eabi-gcc/10.3-2021.07/gcc/bin/../lib/gcc/arm-none-eabi/10.3.1/../../../../arm-none-eabi/lib/thumb/v7e-m+fp/hard/libc.a(lib_a-errno.o)
                0x0000000000009588                __errno
 .text._fclose_r
                0x0000000000009594       0xcc /opt/homebrew/Cellar/arm-none-eabi-gcc/10.3-2021.07/gcc/bin/../lib/gcc/arm-none-eabi/10.3.1/../../../../arm-none-eabi/lib/thumb/v7e-m+fp/hard/libc.a(lib_a-fclose.o)
                0x0000000000009594                _fclose_r
 .text.fiprintf
                0x0000000000009660       0x28 /opt/homebrew/Cellar/arm-none-eabi-gcc/10.3-2021.07/gcc/bin/../lib/gcc/arm-none-eabi/10.3.1/../../../../arm-none-eabi/lib/thumb/v7e-m+fp/hard/libc.a(lib_a-fiprintf.o)
                0x0000000000009660                fiprintf
 .text.__fputwc
                0x0000000000009688       0xa8 /opt/homebrew/Cellar/arm-none-eabi-gcc/10.3-2021.07/gcc/bin/../lib/gcc/arm-none-eabi/10.3.1/../../../../arm-none-eabi/lib/thumb/v7e-m+fp/hard/libc.a(lib_a-fputwc.o)
                0x0000000000009688                __fputwc
 .text._fputwc_r
                0x0000000000009730       0x68 /opt/homebrew/Cellar/arm-none-eabi-gcc/10.3-2021.07/gcc/bin/../lib/gcc/arm-none-eabi/10.3.1/../../../../arm-none-eabi/lib/thumb/v7e-m+fp/hard/libc.a(lib_a-fputwc.o)
                0x0000000000009730                _fputwc_r
 .text._fstat_r
                0x0000000000009798       0x2c /opt/homebrew/Cellar/arm-none-eabi-gcc/10.3-2021.07/gcc/bin/../lib/gcc/arm-none-eabi/10.3.1/../../../../arm-none-eabi/lib/thumb/v7e-m+fp/hard/libc.a(lib_a-fstatr.o)
                0x0000000000009798                _fstat_r
 .text.__sfvwrite_r
                0x00000000000097c4      0x2f0 /opt/homebrew/Cellar/arm-none-eabi-gcc/10.3-2021.07/gcc/bin/../lib/gcc/arm-none-eabi/10.3.1/../../../../arm-none-eabi/lib/thumb/v7e-m+fp/hard/libc.a(lib_a-fvwrite.o)
                0x00000000000097c4                __sfvwrite_r
 .text._isatty_r
                0x0000000000009ab4       0x24 /opt/homebrew/Cellar/arm-none-eabi-gcc/10.3-2021.07/gcc/bin/../lib/gcc/arm-none-eabi/10.3.1/../../../../arm-none-eabi/lib/thumb/v7e-m+fp/hard/libc.a(lib_a-isattyr.o)
                0x0000000000009ab4                _isatty_r
 .text.__locale_mb_cur_max
                0x0000000000009ad8        0xc /opt/homebrew/Cellar/arm-none-eabi-gcc/10.3-2021.07/gcc/bin/../lib/gcc/arm-none-eabi/10.3.1/../../../../arm-none-eabi/lib/thumb/v7e-m+fp/hard/libc.a(lib_a-locale.o)
                0x0000000000009ad8                __locale_mb_cur_max
 .text._lseek_r
                0x0000000000009ae4       0x2c /opt/homebrew/Cellar/arm-none-eabi-gcc/10.3-2021.07/gcc/bin/../lib/gcc/arm-none-eabi/10.3.1/../../../../arm-none-eabi/lib/thumb/v7e-m+fp/hard/libc.a(lib_a-lseekr.o)
                0x0000000000009ae4                _lseek_r
 .text.__ascii_mbtowc
                0x0000000000009b10       0x2c /opt/homebrew/Cellar/arm-none-eabi-gcc/10.3-2021.07/gcc/bin/../lib/gcc/arm-none-eabi/10.3.1/../../../../arm-none-eabi/lib/thumb/v7e-m+fp/hard/libc.a(lib_a-mbtowc_r.o)
                0x0000000000009b10                __ascii_mbtowc
 .text.memmove  0x0000000000009b3c       0xf8 /opt/homebrew/Cellar/arm-none-eabi-gcc/10.3-2021.07/gcc/bin/../lib/gcc/arm-none-eabi/10.3.1/../../../../arm-none-eabi/lib/thumb/v7e-m+fp/hard/libc.a(lib_a-memmove.o)
                0x0000000000009b3c                memmove
 .text._read_r  0x0000000000009c34       0x2c /opt/homebrew/Cellar/arm-none-eabi-gcc/10.3-2021.07/gcc/bin/../lib/gcc/arm-none-eabi/10.3.1/../../../../arm-none-eabi/lib/thumb/v7e-m+fp/hard/libc.a(lib_a-readr.o)
                0x0000000000009c34                _read_r
 .text._realloc_r
                0x0000000000009c60      0x3d8 /opt/homebrew/Cellar/arm-none-eabi-gcc/10.3-2021.07/gcc/bin/../lib/gcc/arm-none-eabi/10.3.1/../../../../arm-none-eabi/lib/thumb/v7e-m+fp/hard/libc.a(lib_a-reallocr.o)
                0x0000000000009c60                _realloc_r
 .text.__swbuf_r
                0x000000000000a038       0xb0 /opt/homebrew/Cellar/arm-none-eabi-gcc/10.3-2021.07/gcc/bin/../lib/gcc/arm-none-eabi/10.3.1/../../../../arm-none-eabi/lib/thumb/v7e-m+fp/hard/libc.a(lib_a-wbuf.o)
                0x000000000000a038                __swbuf_r
 .text._wcrtomb_r
                0x000000000000a0e8       0x3c /opt/homebrew/Cellar/arm-none-eabi-gcc/10.3-2021.07/gcc/bin/../lib/gcc/arm-none-eabi/10.3.1/../../../../arm-none-eabi/lib/thumb/v7e-m+fp/hard/libc.a(lib_a-wcrtomb.o)
                0x000000000000a0e8                _wcrtomb_r
 .text.__ascii_wctomb
                0x000000000000a124       0x1c /opt/homebrew/Cellar/arm-none-eabi-gcc/10.3-2021.07/gcc/bin/../lib/gcc/arm-none-eabi/10.3.1/../../../../arm-none-eabi/lib/thumb/v7e-m+fp/hard/libc.a(lib_a-wctomb_r.o)
                0x000000000000a124                __ascii_wctomb
 .text.abort    0x000000000000a140       0x10 /opt/homebrew/Cellar/arm-none-eabi-gcc/10.3-2021.07/gcc/bin/../lib/gcc/arm-none-eabi/10.3.1/../../../../arm-none-eabi/lib/thumb/v7e-m+fp/hard/libc.a(lib_a-abort.o)
                0x000000000000a140                abort
 .text.raise    0x000000000000a150       0x5c /opt/homebrew/Cellar/arm-none-eabi-gcc/10.3-2021.07/gcc/bin/../lib/gcc/arm-none-eabi/10.3.1/../../../../arm-none-eabi/lib/thumb/v7e-m+fp/hard/libc.a(lib_a-signal.o)
                0x000000000000a150                raise
 .text._kill_r  0x000000000000a1ac       0x2c /opt/homebrew/Cellar/arm-none-eabi-gcc/10.3-2021.07/gcc/bin/../lib/gcc/arm-none-eabi/10.3.1/../../../../arm-none-eabi/lib/thumb/v7e-m+fp/hard/libc.a(lib_a-signalr.o)
                0x000000000000a1ac                _kill_r
 .text._getpid_r
                0x000000000000a1d8        0x4 /opt/homebrew/Cellar/arm-none-eabi-gcc/10.3-2021.07/gcc/bin/../lib/gcc/arm-none-eabi/10.3.1/../../../../arm-none-eabi/lib/thumb/v7e-m+fp/hard/libc.a(lib_a-signalr.o)
                0x000000000000a1d8                _getpid_r
 .text._close   0x000000000000a1dc       0x10 /opt/homebrew/Cellar/arm-none-eabi-gcc/10.3-2021.07/gcc/bin/../lib/gcc/arm-none-eabi/10.3.1/../../../../arm-none-eabi/lib/thumb/v7e-m+fp/hard/libnosys.a(close.o)
                0x000000000000a1dc                _close
 .text._fstat   0x000000000000a1ec       0x10 /opt/homebrew/Cellar/arm-none-eabi-gcc/10.3-2021.07/gcc/bin/../lib/gcc/arm-none-eabi/10.3.1/../../../../arm-none-eabi/lib/thumb/v7e-m+fp/hard/libnosys.a(fstat.o)
                0x000000000000a1ec                _fstat
 .text._getpid  0x000000000000a1fc       0x10 /opt/homebrew/Cellar/arm-none-eabi-gcc/10.3-2021.07/gcc/bin/../lib/gcc/arm-none-eabi/10.3.1/../../../../arm-none-eabi/lib/thumb/v7e-m+fp/hard/libnosys.a(getpid.o)
                0x000000000000a1fc                _getpid
 .text._isatty  0x000000000000a20c       0x10 /opt/homebrew/Cellar/arm-none-eabi-gcc/10.3-2021.07/gcc/bin/../lib/gcc/arm-none-eabi/10.3.1/../../../../arm-none-eabi/lib/thumb/v7e-m+fp/hard/libnosys.a(isatty.o)
                0x000000000000a20c                _isatty
 .text._kill    0x000000000000a21c       0x10 /opt/homebrew/Cellar/arm-none-eabi-gcc/10.3-2021.07/gcc/bin/../lib/gcc/arm-none-eabi/10.3.1/../../../../arm-none-eabi/lib/thumb/v7e-m+fp/hard/libnosys.a(kill.o)
                0x000000000000a21c                _kill
 .text._lseek   0x000000000000a22c       0x10 /opt/homebrew/Cellar/arm-none-eabi-gcc/10.3-2021.07/gcc/bin/../lib/gcc/arm-none-eabi/10.3.1/../../../../arm-none-eabi/lib/thumb/v7e-m+fp/hard/libnosys.a(lseek.o)
                0x000000000000a22c                _lseek
 .text._sbrk    0x000000000000a23c       0x1c /opt/homebrew/Cellar/arm-none-eabi-gcc/10.3-2021.07/gcc/bin/../lib/gcc/arm-none-eabi/10.3.1/../../../../arm-none-eabi/lib/thumb/v7e-m+fp/hard/libnosys.a(sbrk.o)
                0x000000000000a23c                _sbrk
 .text._exit    0x000000000000a258        0x4 /opt/homebrew/Cellar/arm-none-eabi-gcc/10.3-2021.07/gcc/bin/../lib/gcc/arm-none-eabi/10.3.1/../../../../arm-none-eabi/lib/thumb/v7e-m+fp/hard/libnosys.a(_exit.o)
                0x000000000000a258                _exit
 .text          0x000000000000a25c      0x378 /opt/homebrew/Cellar/arm-none-eabi-gcc/10.3-2021.07/gcc/bin/../lib/gcc/arm-none-eabi/10.3.1/thumb/v7e-m+fp/hard/libgcc.a(_arm_addsubdf3.o)
                0x000000000000a25c                __aeabi_drsub
                0x000000000000a264                __subdf3
                0x000000000000a264                __aeabi_dsub
                0x000000000000a268                __aeabi_dadd
                0x000000000000a268                __adddf3
                0x000000000000a4e0                __aeabi_ui2d
                0x000000000000a4e0                __floatunsidf
                0x000000000000a500                __floatsidf
                0x000000000000a500                __aeabi_i2d
                0x000000000000a524                __extendsfdf2
                0x000000000000a524                __aeabi_f2d
                0x000000000000a568                __aeabi_ul2d
                0x000000000000a568                __floatundidf
                0x000000000000a578                __aeabi_l2d
                0x000000000000a578                __floatdidf
 .text          0x000000000000a5d4      0x424 /opt/homebrew/Cellar/arm-none-eabi-gcc/10.3-2021.07/gcc/bin/../lib/gcc/arm-none-eabi/10.3.1/thumb/v7e-m+fp/hard/libgcc.a(_arm_muldivdf3.o)
                0x000000000000a5d4                __aeabi_dmul
                0x000000000000a5d4                __muldf3
                0x000000000000a828                __aeabi_ddiv
                0x000000000000a828                __divdf3
 .text          0x000000000000a9f8      0x110 /opt/homebrew/Cellar/arm-none-eabi-gcc/10.3-2021.07/gcc/bin/../lib/gcc/arm-none-eabi/10.3.1/thumb/v7e-m+fp/hard/libgcc.a(_arm_cmpdf2.o)
                0x000000000000a9f8                __gedf2
                0x000000000000a9f8                __gtdf2
                0x000000000000aa00                __ledf2
                0x000000000000aa00                __ltdf2
                0x000000000000aa08                __cmpdf2
                0x000000000000aa08                __eqdf2
                0x000000000000aa08                __nedf2
                0x000000000000aa84                __aeabi_cdrcmple
                0x000000000000aa94                __aeabi_cdcmple
                0x000000000000aa94                __aeabi_cdcmpeq
                0x000000000000aaa4                __aeabi_dcmpeq
                0x000000000000aab8                __aeabi_dcmplt
                0x000000000000aacc                __aeabi_dcmple
                0x000000000000aae0                __aeabi_dcmpge
                0x000000000000aaf4                __aeabi_dcmpgt
 .text          0x000000000000ab08       0x2c /opt/homebrew/Cellar/arm-none-eabi-gcc/10.3-2021.07/gcc/bin/../lib/gcc/arm-none-eabi/10.3.1/thumb/v7e-m+fp/hard/libgcc.a(_arm_unorddf2.o)
                0x000000000000ab08                __aeabi_dcmpun
                0x000000000000ab08                __unorddf2
 .text          0x000000000000ab34       0x50 /opt/homebrew/Cellar/arm-none-eabi-gcc/10.3-2021.07/gcc/bin/../lib/gcc/arm-none-eabi/10.3.1/thumb/v7e-m+fp/hard/libgcc.a(_arm_fixdfsi.o)
                0x000000000000ab34                __fixdfsi
                0x000000000000ab34                __aeabi_d2iz
 .text          0x000000000000ab84       0xa0 /opt/homebrew/Cellar/arm-none-eabi-gcc/10.3-2021.07/gcc/bin/../lib/gcc/arm-none-eabi/10.3.1/thumb/v7e-m+fp/hard/libgcc.a(_arm_truncdfsf2.o)
                0x000000000000ab84                __aeabi_d2f
                0x000000000000ab84                __truncdfsf2
 .text          0x000000000000ac24       0x30 /opt/homebrew/Cellar/arm-none-eabi-gcc/10.3-2021.07/gcc/bin/../lib/gcc/arm-none-eabi/10.3.1/thumb/v7e-m+fp/hard/libgcc.a(_aeabi_uldivmod.o)
                0x000000000000ac24                __aeabi_uldivmod
 .text          0x000000000000ac54      0x2d0 /opt/homebrew/Cellar/arm-none-eabi-gcc/10.3-2021.07/gcc/bin/../lib/gcc/arm-none-eabi/10.3.1/thumb/v7e-m+fp/hard/libgcc.a(_udivmoddi4.o)
                0x000000000000ac54                __udivmoddi4
 .text          0x000000000000af24        0x4 /opt/homebrew/Cellar/arm-none-eabi-gcc/10.3-2021.07/gcc/bin/../lib/gcc/arm-none-eabi/10.3.1/thumb/v7e-m+fp/hard/libgcc.a(_dvmd_tls.o)
                0x000000000000af24                __aeabi_ldiv0
                0x000000000000af24                __aeabi_idiv0
 *(.init)
 .init          0x000000000000af28        0x4 /opt/homebrew/Cellar/arm-none-eabi-gcc/10.3-2021.07/gcc/bin/../lib/gcc/arm-none-eabi/10.3.1/thumb/v7e-m+fp/hard/crti.o
                0x000000000000af28                _init
 .init          0x000000000000af2c        0x8 /opt/homebrew/Cellar/arm-none-eabi-gcc/10.3-2021.07/gcc/bin/../lib/gcc/arm-none-eabi/10.3.1/thumb/v7e-m+fp/hard/crtn.o
 *(.fini)
 .fini          0x000000000000af34        0x4 /opt/homebrew/Cellar/arm-none-eabi-gcc/10.3-2021.07/gcc/bin/../lib/gcc/arm-none-eabi/10.3.1/thumb/v7e-m+fp/hard/crti.o
                0x000000000000af34                _fini
 .fini          0x000000000000af38        0x8 /opt/homebrew/Cellar/arm-none-eabi-gcc/10.3-2021.07/gcc/bin/../lib/gcc/arm-none-eabi/10.3.1/thumb/v7e-m+fp/hard/crtn.o
 *crtbegin.o(.ctors)
 *crtbegin?.o(.ctors)
 *(EXCLUDE_FILE(*crtend.o *crtend?.o) .ctors)
 *(SORT_BY_NAME(.ctors.*))
 *(.ctors)
 *crtbegin.o(.dtors)
 *crtbegin?.o(.dtors)
 *(EXCLUDE_FILE(*crtend.o *crtend?.o) .dtors)
 *(SORT_BY_NAME(.dtors.*))
 *(.dtors)
 *(.rodata*)
 .rodata.adc_sample_blocking.str1.1
                0x000000000000af40        0x7 _build/main.o
 .rodata.sample_timer_callback.str1.1
                0x000000000000af47       0x12 _build/main.o
                                         0x14 (size before relaxing)
 .rodata.main.str1.1
                0x000000000000af59       0x10 _build/main.o
 .rodata        0x000000000000af69       0x28 _build/main.o
 *fill*         0x000000000000af91        0xf 
 .rodata.delay_machine_code.0
                0x000000000000afa0        0x6 _build/main.o
 *fill*         0x000000000000afa6        0x2 
 .rodata.sample_timer
                0x000000000000afa8        0x4 _build/main.o
 .rodata.nrf_gpio_pin_port_decode.str1.1
                0x000000000000afac       0x43 _build/better_error_handling.o
 .rodata.app_error_fault_handler.str1.1
                0x000000000000afef       0x78 _build/better_error_handling.o
 .rodata.LED_COLS
                0x000000000000b067        0x5 _build/better_error_handling.o
 .rodata.LED_ROWS
                0x000000000000b06c        0x5 _build/better_error_handling.o
 *fill*         0x000000000000b071        0xf 
 .rodata.delay_machine_code.0
                0x000000000000b080        0x6 _build/better_error_handling.o
 .rodata.called_first.str1.1
                0x000000000000b086       0x66 _build/microbit_before_startup.o
 *fill*         0x000000000000b0ec        0x4 
 .rodata.delay_machine_code.0
                0x000000000000b0f0        0x6 _build/microbit_before_startup.o
 .rodata.uart_init.constprop.0.str1.1
                0x000000000000b0f6       0x6c _build/microbit_nrf_log_backend_uart.o
 *fill*         0x000000000000b162        0x2 
 .rodata        0x000000000000b164       0x20 _build/microbit_nrf_log_backend_uart.o
 .rodata.nrf_log_backend_uart_api
                0x000000000000b184        0xc _build/microbit_nrf_log_backend_uart.o
                0x000000000000b184                nrf_log_backend_uart_api
 .rodata.delay_machine_code.0
                0x000000000000b190        0x6 _build/app_timer.o
 .rodata.app_util_critical_region_enter.str1.1
                0x000000000000b196       0x55 _build/app_util_platform.o
 .rodata.HardFault_c_handler.str1.1
                0x000000000000b1eb      0x12e _build/hardfault_implementation.o
 .rodata.str1.1
                0x000000000000b319      0x4c0 _build/hardfault_implementation.o
 *fill*         0x000000000000b7d9        0x3 
 .rodata.cfsr_msgs.0
                0x000000000000b7dc       0x68 _build/hardfault_implementation.o
 .rodata.nrf_balloc_init.str1.1
                0x000000000000b844       0x50 _build/nrf_balloc.o
 .rodata.str1.1
                0x000000000000b894        0x6 _build/nrf_drv_clock.o
 .rodata.nrf_fprintf_buffer_flush.str1.1
                0x000000000000b89a       0x46 _build/nrf_fprintf.o
 .rodata.nrf_fprintf_fmt.str1.1
                0x000000000000b8e0       0x4d _build/nrf_fprintf_format.o
 .rodata._aV2C.0
                0x000000000000b92d       0x10 _build/nrf_fprintf_format.o
 .rodata.nrf_log_default_backends_init.str1.1
                0x000000000000b93d       0x5f _build/nrf_log_default_backends.o
 .rodata.str1.1
                0x000000000000b99c       0x11 _build/nrf_log_default_backends.o
 .rodata.buf_prealloc.str1.1
                0x000000000000b9ad       0x57 _build/nrf_log_frontend.o
 .rodata.nrf_log_frontend_dequeue.str1.1
                0x000000000000ba04       0x11 _build/nrf_log_frontend.o
 .rodata.str1.1
                0x000000000000ba15        0x4 _build/nrf_log_frontend.o
 *fill*         0x000000000000ba19        0x3 
 .rodata.m_log_push_ringbuf
                0x000000000000ba1c        0xc _build/nrf_log_frontend.o
 .rodata.prefix_process.str1.1
                0x000000000000ba28       0x32 _build/nrf_log_str_formatter.o
 .rodata.postfix_process.str1.1
                0x000000000000ba5a       0x32 _build/nrf_log_str_formatter.o
                                          0x3 (size before relaxing)
 .rodata.nrf_log_hexdump_entry_process.str1.1
                0x000000000000ba5a        0xf _build/nrf_log_str_formatter.o
                                         0x11 (size before relaxing)
 .rodata.str1.1
                0x000000000000ba69       0x4b _build/nrf_log_str_formatter.o
                                         0x51 (size before relaxing)
 .rodata.m_colors
                0x000000000000bab4       0x24 _build/nrf_log_str_formatter.o
 .rodata.severity_names
                0x000000000000bad8       0x14 _build/nrf_log_str_formatter.o
 .rodata.memobj_op.str1.1
                0x000000000000baec       0x50 _build/nrf_memobj.o
 .rodata.str1.1
                0x000000000000bb3c        0x9 _build/nrf_pwr_mgmt.o
 .rodata.str1.1
                0x000000000000bb45      0x391 _build/nrf_strerror.o
 .rodata.m_unknown_str
                0x000000000000bed6       0x13 _build/nrf_strerror.o
 *fill*         0x000000000000bee9        0x3 
 .rodata.nrf_strerror_array
                0x000000000000beec      0x118 _build/nrf_strerror.o
 .rodata.str1.1
                0x000000000000c004        0x6 _build/nrfx_clock.o
 .rodata.nrf_gpio_pin_port_decode.str1.1
                0x000000000000c00a       0x43 _build/nrfx_gpiote.o
 .rodata.str1.1
                0x000000000000c00a        0x7 _build/nrfx_gpiote.o
 .rodata.UARTE0_UART0_IRQHandler.str1.1
                0x000000000000c011       0x4f _build/nrfx_prs.o
 .rodata.str1.1
                0x000000000000c060        0x4 _build/nrfx_prs.o
 .rodata.str1.1
                0x000000000000c064        0x4 _build/nrfx_pwm.o
 .rodata.nrfx_saadc_init.str1.1
                0x000000000000c068       0x91 _build/nrfx_saadc.o
 .rodata.str1.1
                0x000000000000c0f9        0x6 _build/nrfx_saadc.o
 .rodata.nrf_gpio_pin_port_decode.str1.1
                0x000000000000c0ff       0x43 _build/nrfx_spim.o
 .rodata.SPIM2_SPIS2_SPI2_IRQHandler.str1.1
                0x000000000000c0ff       0x4c _build/nrfx_spim.o
 .rodata.str1.1
                0x000000000000c14b        0x5 _build/nrfx_spim.o
 .rodata.str1.1
                0x000000000000c150        0x6 _build/nrfx_timer.o
 .rodata.twim_irq_handler.str1.1
                0x000000000000c156       0x4c _build/nrfx_twim.o
 .rodata.str1.1
                0x000000000000c1a2        0x5 _build/nrfx_twim.o
 .rodata.nrf_gpio_pin_port_decode.str1.1
                0x000000000000c1a7       0x43 _build/nrfx_uart.o
 .rodata.nrfx_uart_init.str1.1
                0x000000000000c1a7       0x4c _build/nrfx_uart.o
                                         0x90 (size before relaxing)
 .rodata.str1.1
                0x000000000000c1f3        0x5 _build/nrfx_uart.o
 .rodata.nrf_gpio_pin_port_decode.str1.1
                0x000000000000c1f8       0x43 _build/nrfx_uarte.o
 .rodata.nrfx_uarte_init.str1.1
                0x000000000000c1f8       0x4d _build/nrfx_uarte.o
                                         0x91 (size before relaxing)
 .rodata.str1.1
                0x000000000000c245        0x6 _build/nrfx_uarte.o
 *fill*         0x000000000000c24b        0x1 
 .rodata._ctype_
                0x000000000000c24c      0x101 /opt/homebrew/Cellar/arm-none-eabi-gcc/10.3-2021.07/gcc/bin/../lib/gcc/arm-none-eabi/10.3.1/../../../../arm-none-eabi/lib/thumb/v7e-m+fp/hard/libc.a(lib_a-ctype_.o)
                0x000000000000c24c                _ctype_
 *fill*         0x000000000000c34d        0x3 
 .rodata._global_impure_ptr
                0x000000000000c350        0x4 /opt/homebrew/Cellar/arm-none-eabi-gcc/10.3-2021.07/gcc/bin/../lib/gcc/arm-none-eabi/10.3.1/../../../../arm-none-eabi/lib/thumb/v7e-m+fp/hard/libc.a(lib_a-impure.o)
                0x000000000000c350                _global_impure_ptr
 .rodata._vfprintf_r.str1.4
                0x000000000000c354       0x42 /opt/homebrew/Cellar/arm-none-eabi-gcc/10.3-2021.07/gcc/bin/../lib/gcc/arm-none-eabi/10.3.1/../../../../arm-none-eabi/lib/thumb/v7e-m+fp/hard/libc.a(lib_a-vfprintf.o)
 *fill*         0x000000000000c396        0x2 
 .rodata.blanks.1
                0x000000000000c398       0x10 /opt/homebrew/Cellar/arm-none-eabi-gcc/10.3-2021.07/gcc/bin/../lib/gcc/arm-none-eabi/10.3.1/../../../../arm-none-eabi/lib/thumb/v7e-m+fp/hard/libc.a(lib_a-vfprintf.o)
 .rodata.zeroes.0
                0x000000000000c3a8       0x10 /opt/homebrew/Cellar/arm-none-eabi-gcc/10.3-2021.07/gcc/bin/../lib/gcc/arm-none-eabi/10.3.1/../../../../arm-none-eabi/lib/thumb/v7e-m+fp/hard/libc.a(lib_a-vfprintf.o)
 .rodata._dtoa_r.str1.4
                0x000000000000c3b8       0x7e /opt/homebrew/Cellar/arm-none-eabi-gcc/10.3-2021.07/gcc/bin/../lib/gcc/arm-none-eabi/10.3.1/../../../../arm-none-eabi/lib/thumb/v7e-m+fp/hard/libc.a(lib_a-dtoa.o)
                                         0x82 (size before relaxing)
 *fill*         0x000000000000c436        0x2 
 .rodata.__multadd.str1.4
                0x000000000000c438       0x5b /opt/homebrew/Cellar/arm-none-eabi-gcc/10.3-2021.07/gcc/bin/../lib/gcc/arm-none-eabi/10.3.1/../../../../arm-none-eabi/lib/thumb/v7e-m+fp/hard/libc.a(lib_a-mprec.o)
                                         0x6f (size before relaxing)
 *fill*         0x000000000000c493        0x5 
 .rodata.__mprec_bigtens
                0x000000000000c498       0x28 /opt/homebrew/Cellar/arm-none-eabi-gcc/10.3-2021.07/gcc/bin/../lib/gcc/arm-none-eabi/10.3.1/../../../../arm-none-eabi/lib/thumb/v7e-m+fp/hard/libc.a(lib_a-mprec.o)
                0x000000000000c498                __mprec_bigtens
 .rodata.__mprec_tens
                0x000000000000c4c0       0xc8 /opt/homebrew/Cellar/arm-none-eabi-gcc/10.3-2021.07/gcc/bin/../lib/gcc/arm-none-eabi/10.3.1/../../../../arm-none-eabi/lib/thumb/v7e-m+fp/hard/libc.a(lib_a-mprec.o)
                0x000000000000c4c0                __mprec_tens
 .rodata.p05.0  0x000000000000c588        0xc /opt/homebrew/Cellar/arm-none-eabi-gcc/10.3-2021.07/gcc/bin/../lib/gcc/arm-none-eabi/10.3.1/../../../../arm-none-eabi/lib/thumb/v7e-m+fp/hard/libc.a(lib_a-mprec.o)
 .rodata._vfiprintf_r.str1.4
                0x000000000000c594       0x2f /opt/homebrew/Cellar/arm-none-eabi-gcc/10.3-2021.07/gcc/bin/../lib/gcc/arm-none-eabi/10.3.1/../../../../arm-none-eabi/lib/thumb/v7e-m+fp/hard/libc.a(lib_a-vfiprintf.o)
 .rodata.blanks.1
                0x000000000000c594       0x10 /opt/homebrew/Cellar/arm-none-eabi-gcc/10.3-2021.07/gcc/bin/../lib/gcc/arm-none-eabi/10.3.1/../../../../arm-none-eabi/lib/thumb/v7e-m+fp/hard/libc.a(lib_a-vfiprintf.o)
 .rodata.zeroes.0
                0x000000000000c5a4       0x10 /opt/homebrew/Cellar/arm-none-eabi-gcc/10.3-2021.07/gcc/bin/../lib/gcc/arm-none-eabi/10.3.1/../../../../arm-none-eabi/lib/thumb/v7e-m+fp/hard/libc.a(lib_a-vfiprintf.o)
 .rodata.__assert_func.str1.4
                0x000000000000c5b4       0x3f /opt/homebrew/Cellar/arm-none-eabi-gcc/10.3-2021.07/gcc/bin/../lib/gcc/arm-none-eabi/10.3.1/../../../../arm-none-eabi/lib/thumb/v7e-m+fp/hard/libc.a(lib_a-assert.o)
                                         0x43 (size before relaxing)
 *fill*         0x000000000000c5f3        0x1 
 .rodata._setlocale_r.str1.4
                0x000000000000c5f4        0xa /opt/homebrew/Cellar/arm-none-eabi-gcc/10.3-2021.07/gcc/bin/../lib/gcc/arm-none-eabi/10.3.1/../../../../arm-none-eabi/lib/thumb/v7e-m+fp/hard/libc.a(lib_a-locale.o)
                                          0xd (size before relaxing)
 *fill*         0x000000000000c5fe        0x2 
 .rodata.str1.4
                0x000000000000c600        0x2 /opt/homebrew/Cellar/arm-none-eabi-gcc/10.3-2021.07/gcc/bin/../lib/gcc/arm-none-eabi/10.3.1/../../../../arm-none-eabi/lib/thumb/v7e-m+fp/hard/libc.a(lib_a-locale.o)
 *(.eh_frame*)
 *fill*         0x000000000000c602        0x2 
 .eh_frame      0x000000000000c604        0x0 /opt/homebrew/Cellar/arm-none-eabi-gcc/10.3-2021.07/gcc/bin/../lib/gcc/arm-none-eabi/10.3.1/thumb/v7e-m+fp/hard/crtbegin.o
 .eh_frame      0x000000000000c604        0x4 /opt/homebrew/Cellar/arm-none-eabi-gcc/10.3-2021.07/gcc/bin/../lib/gcc/arm-none-eabi/10.3.1/thumb/v7e-m+fp/hard/crtend.o

.glue_7         0x000000000000c608        0x0
 .glue_7        0x000000000000c608        0x0 linker stubs

.glue_7t        0x000000000000c608        0x0
 .glue_7t       0x000000000000c608        0x0 linker stubs

.vfp11_veneer   0x000000000000c608        0x0
 .vfp11_veneer  0x000000000000c608        0x0 linker stubs

.v4_bx          0x000000000000c608        0x0
 .v4_bx         0x000000000000c608        0x0 linker stubs

.iplt           0x000000000000c608        0x0
 .iplt          0x000000000000c608        0x0 /opt/homebrew/Cellar/arm-none-eabi-gcc/10.3-2021.07/gcc/bin/../lib/gcc/arm-none-eabi/10.3.1/thumb/v7e-m+fp/hard/crtbegin.o

.pwr_mgmt_data  0x000000000000c608        0x0
                0x000000000000c608                PROVIDE (__start_pwr_mgmt_data = .)
 *(SORT_BY_NAME(.pwr_mgmt_data*))
                0x000000000000c608                PROVIDE (__stop_pwr_mgmt_data = .)

.log_const_data
                0x000000000000c608       0x70
                0x000000000000c608                PROVIDE (__start_log_const_data = .)
 *(SORT_BY_NAME(.log_const_data*))
 .log_const_data_CLOCK
                0x000000000000c608        0x8 _build/nrfx_clock.o
                0x000000000000c608                m_nrf_log_CLOCK_logs_data_const
 .log_const_data_GPIOTE
                0x000000000000c610        0x8 _build/nrfx_gpiote.o
                0x000000000000c610                m_nrf_log_GPIOTE_logs_data_const
 .log_const_data_PRS
                0x000000000000c618        0x8 _build/nrfx_prs.o
                0x000000000000c618                m_nrf_log_PRS_logs_data_const
 .log_const_data_PWM
                0x000000000000c620        0x8 _build/nrfx_pwm.o
                0x000000000000c620                m_nrf_log_PWM_logs_data_const
 .log_const_data_SAADC
                0x000000000000c628        0x8 _build/nrfx_saadc.o
                0x000000000000c628                m_nrf_log_SAADC_logs_data_const
 .log_const_data_SPIM
                0x000000000000c630        0x8 _build/nrfx_spim.o
                0x000000000000c630                m_nrf_log_SPIM_logs_data_const
 .log_const_data_TIMER
                0x000000000000c638        0x8 _build/nrfx_timer.o
                0x000000000000c638                m_nrf_log_TIMER_logs_data_const
 .log_const_data_TWIM
                0x000000000000c640        0x8 _build/nrfx_twim.o
                0x000000000000c640                m_nrf_log_TWIM_logs_data_const
 .log_const_data_UART
                0x000000000000c648        0x8 _build/nrfx_uart.o
                0x000000000000c648                m_nrf_log_UART_logs_data_const
 .log_const_data_UARTE
                0x000000000000c650        0x8 _build/nrfx_uarte.o
                0x000000000000c650                m_nrf_log_UARTE_logs_data_const
 .log_const_data_app
                0x000000000000c658        0x8 _build/nrf_log_frontend.o
                0x000000000000c658                m_nrf_log_app_logs_data_const
 .log_const_data_clock
                0x000000000000c660        0x8 _build/nrf_drv_clock.o
                0x000000000000c660                m_nrf_log_clock_logs_data_const
 .log_const_data_hardfault
                0x000000000000c668        0x8 _build/hardfault_implementation.o
                0x000000000000c668                m_nrf_log_hardfault_logs_data_const
 .log_const_data_pwr_mgmt
                0x000000000000c670        0x8 _build/nrf_pwr_mgmt.o
                0x000000000000c670                m_nrf_log_pwr_mgmt_logs_data_const
                0x000000000000c678                PROVIDE (__stop_log_const_data = .)

.nrf_balloc     0x000000000000c678       0x14
                [!provide]                        PROVIDE (__start_nrf_balloc = .)
 *(.nrf_balloc)
 .nrf_balloc    0x000000000000c678       0x14 _build/nrf_log_frontend.o
                0x000000000000c678                log_mempool
                [!provide]                        PROVIDE (__stop_nrf_balloc = .)

.log_backends   0x000000000000c68c       0x10
 .log_backends  0x000000000000c68c       0x10 _build/nrf_log_default_backends.o

.nrf_queue      0x000000000000c69c        0x0
                [!provide]                        PROVIDE (__start_nrf_queue = .)
 *(.nrf_queue)
                [!provide]                        PROVIDE (__stop_nrf_queue = .)

.cli_command    0x000000000000c69c        0x0
                [!provide]                        PROVIDE (__start_cli_command = .)
 *(.cli_command)
                [!provide]                        PROVIDE (__stop_cli_command = .)

.sdh_stack_observers
                0x000000000000c69c        0x0
                [!provide]                        PROVIDE (__start_sdh_stack_observers = .)
 *(SORT_BY_NAME(.sdh_stack_observers*))
                [!provide]                        PROVIDE (__stop_sdh_stack_observers = .)

.sdh_req_observers
                0x000000000000c69c        0x0
                [!provide]                        PROVIDE (__start_sdh_req_observers = .)
 *(SORT_BY_NAME(.sdh_req_observers*))
                [!provide]                        PROVIDE (__stop_sdh_req_observers = .)

.sdh_state_observers
                0x000000000000c69c        0x0
                [!provide]                        PROVIDE (__start_sdh_state_observers = .)
 *(SORT_BY_NAME(.sdh_state_observers*))
                [!provide]                        PROVIDE (__stop_sdh_state_observers = .)

.sdh_ant_observers
                0x000000000000c69c        0x0
                [!provide]                        PROVIDE (__start_sdh_ant_observers = .)
 *(SORT_BY_NAME(.sdh_ant_observers*))
                [!provide]                        PROVIDE (__stop_sdh_ant_observers = .)

.sdh_ble_observers
                0x000000000000c69c        0x0
                [!provide]                        PROVIDE (__start_sdh_ble_observers = .)
 *(SORT_BY_NAME(.sdh_ble_observers*))
                [!provide]                        PROVIDE (__stop_sdh_ble_observers = .)

.sdh_soc_observers
                0x000000000000c69c        0x0
                [!provide]                        PROVIDE (__start_sdh_soc_observers = .)
 *(SORT_BY_NAME(.sdh_soc_observers*))
                [!provide]                        PROVIDE (__stop_sdh_soc_observers = .)

.crypto_data    0x000000000000c69c        0x0
                [!provide]                        PROVIDE (__start_crypto_data = .)
 *(SORT_BY_NAME(.crypto_data*))
                [!provide]                        PROVIDE (__stop_crypto_data = .)

.ARM.extab
 *(.ARM.extab* .gnu.linkonce.armextab.*)
                0x000000000000c69c                __exidx_start = .

.ARM.exidx      0x000000000000c69c        0x8
 *(.ARM.exidx* .gnu.linkonce.armexidx.*)
 .ARM.exidx     0x000000000000c69c        0x8 /opt/homebrew/Cellar/arm-none-eabi-gcc/10.3-2021.07/gcc/bin/../lib/gcc/arm-none-eabi/10.3.1/../../../../arm-none-eabi/lib/thumb/v7e-m+fp/hard/crt0.o
                                         0x10 (size before relaxing)
 .ARM.exidx     0x000000000000c6a4        0x0 /opt/homebrew/Cellar/arm-none-eabi-gcc/10.3-2021.07/gcc/bin/../lib/gcc/arm-none-eabi/10.3.1/thumb/v7e-m+fp/hard/libgcc.a(_udivmoddi4.o)
                                          0x8 (size before relaxing)
                0x000000000000c6a4                __exidx_end = .
                0x000000000000c6a4                __etext = .

.rel.dyn        0x000000000000c6a4        0x0
 .rel.iplt      0x000000000000c6a4        0x0 /opt/homebrew/Cellar/arm-none-eabi-gcc/10.3-2021.07/gcc/bin/../lib/gcc/arm-none-eabi/10.3.1/thumb/v7e-m+fp/hard/crtbegin.o

.data           0x0000000020000000      0x9e0 load address 0x000000000000c6a4
                0x0000000020000000                __data_start__ = .
 *(vtable)
 *(.data*)
 .data.m_uart   0x0000000020000000       0x14 _build/microbit_nrf_log_backend_uart.o
                0x0000000020000000                m_uart
 .data.log_backend_cb_uart_log_backend
                0x0000000020000014        0x8 _build/nrf_log_default_backends.o
 .data.SystemCoreClock
                0x000000002000001c        0x4 _build/system_nrf52833.o
                0x000000002000001c                SystemCoreClock
 .data._impure_ptr
                0x0000000020000020        0x4 /opt/homebrew/Cellar/arm-none-eabi-gcc/10.3-2021.07/gcc/bin/../lib/gcc/arm-none-eabi/10.3.1/../../../../arm-none-eabi/lib/thumb/v7e-m+fp/hard/libc.a(lib_a-impure.o)
                0x0000000020000020                _impure_ptr
 *fill*         0x0000000020000024        0x4 
 .data.impure_data
                0x0000000020000028      0x428 /opt/homebrew/Cellar/arm-none-eabi-gcc/10.3-2021.07/gcc/bin/../lib/gcc/arm-none-eabi/10.3.1/../../../../arm-none-eabi/lib/thumb/v7e-m+fp/hard/libc.a(lib_a-impure.o)
 .data.__atexit_recursive_mutex
                0x0000000020000450        0x4 /opt/homebrew/Cellar/arm-none-eabi-gcc/10.3-2021.07/gcc/bin/../lib/gcc/arm-none-eabi/10.3.1/../../../../arm-none-eabi/lib/thumb/v7e-m+fp/hard/libc.a(lib_a-__call_atexit.o)
                0x0000000020000450                __atexit_recursive_mutex
 .data.__malloc_av_
                0x0000000020000454      0x408 /opt/homebrew/Cellar/arm-none-eabi-gcc/10.3-2021.07/gcc/bin/../lib/gcc/arm-none-eabi/10.3.1/../../../../arm-none-eabi/lib/thumb/v7e-m+fp/hard/libc.a(lib_a-mallocr.o)
                0x0000000020000454                __malloc_av_
 .data.__malloc_sbrk_base
                0x000000002000085c        0x4 /opt/homebrew/Cellar/arm-none-eabi-gcc/10.3-2021.07/gcc/bin/../lib/gcc/arm-none-eabi/10.3.1/../../../../arm-none-eabi/lib/thumb/v7e-m+fp/hard/libc.a(lib_a-mallocr.o)
                0x000000002000085c                __malloc_sbrk_base
 .data.__malloc_trim_threshold
                0x0000000020000860        0x4 /opt/homebrew/Cellar/arm-none-eabi-gcc/10.3-2021.07/gcc/bin/../lib/gcc/arm-none-eabi/10.3.1/../../../../arm-none-eabi/lib/thumb/v7e-m+fp/hard/libc.a(lib_a-mallocr.o)
                0x0000000020000860                __malloc_trim_threshold
 .data.__global_locale
                0x0000000020000864      0x16c /opt/homebrew/Cellar/arm-none-eabi-gcc/10.3-2021.07/gcc/bin/../lib/gcc/arm-none-eabi/10.3.1/../../../../arm-none-eabi/lib/thumb/v7e-m+fp/hard/libc.a(lib_a-locale.o)
                0x0000000020000864                __global_locale
                0x00000000200009d0                . = ALIGN (0x4)
                0x00000000200009d0                PROVIDE (__preinit_array_start = .)
 *(.preinit_array)
                0x00000000200009d0                PROVIDE (__preinit_array_end = .)
                0x00000000200009d0                . = ALIGN (0x4)
                0x00000000200009d0                PROVIDE (__init_array_start = .)
 *(SORT_BY_NAME(.init_array.*))
 .init_array.00000
                0x00000000200009d0        0x4 /opt/homebrew/Cellar/arm-none-eabi-gcc/10.3-2021.07/gcc/bin/../lib/gcc/arm-none-eabi/10.3.1/../../../../arm-none-eabi/lib/thumb/v7e-m+fp/hard/libc.a(lib_a-__call_atexit.o)
 *(.init_array)
 .init_array    0x00000000200009d4        0x4 /opt/homebrew/Cellar/arm-none-eabi-gcc/10.3-2021.07/gcc/bin/../lib/gcc/arm-none-eabi/10.3.1/thumb/v7e-m+fp/hard/crtbegin.o
 .init_array    0x00000000200009d8        0x4 _build/microbit_before_startup.o
                0x00000000200009dc                PROVIDE (__init_array_end = .)
                0x00000000200009dc                . = ALIGN (0x4)
                0x00000000200009dc                PROVIDE (__fini_array_start = .)
 *(SORT_BY_NAME(.fini_array.*))
 *(.fini_array)
 .fini_array    0x00000000200009dc        0x4 /opt/homebrew/Cellar/arm-none-eabi-gcc/10.3-2021.07/gcc/bin/../lib/gcc/arm-none-eabi/10.3.1/thumb/v7e-m+fp/hard/crtbegin.o
                0x00000000200009e0                PROVIDE (__fini_array_end = .)
 *(.jcr*)
                0x00000000200009e0                . = ALIGN (0x4)
                0x00000000200009e0                __data_end__ = .
LOAD /opt/homebrew/Cellar/arm-none-eabi-gcc/10.3-2021.07/gcc/bin/../lib/gcc/arm-none-eabi/10.3.1/thumb/v7e-m+fp/hard/crti.o
LOAD /opt/homebrew/Cellar/arm-none-eabi-gcc/10.3-2021.07/gcc/bin/../lib/gcc/arm-none-eabi/10.3.1/thumb/v7e-m+fp/hard/crtbegin.o
LOAD /opt/homebrew/Cellar/arm-none-eabi-gcc/10.3-2021.07/gcc/bin/../lib/gcc/arm-none-eabi/10.3.1/../../../../arm-none-eabi/lib/thumb/v7e-m+fp/hard/crt0.o
START GROUP
LOAD _build/main.o
LOAD _build/better_error_handling.o
LOAD _build/microbit_before_startup.o
LOAD _build/microbit_nrf_log_backend_uart.o
LOAD _build/microbit_retarget.o
LOAD _build/app_error_handler_gcc.o
LOAD _build/app_fifo.o
LOAD _build/app_scheduler.o
LOAD _build/app_timer.o
LOAD _build/app_uart_fifo.o
LOAD _build/app_util_platform.o
LOAD _build/hardfault_handler_gcc.o
LOAD _build/hardfault_implementation.o
LOAD _build/nrf_assert.o
LOAD _build/nrf_atomic.o
LOAD _build/nrf_balloc.o
LOAD _build/nrf_drv_clock.o
LOAD _build/nrf_drv_twi.o
LOAD _build/nrf_drv_uart.o
LOAD _build/nrf_fprintf.o
LOAD _build/nrf_fprintf_format.o
LOAD _build/nrf_log_backend_rtt.o
LOAD _build/nrf_log_backend_serial.o
LOAD _build/nrf_log_default_backends.o
LOAD _build/nrf_log_frontend.o
LOAD _build/nrf_log_str_formatter.o
LOAD _build/nrf_memobj.o
LOAD _build/nrf_nvmc.o
LOAD _build/nrf_pwr_mgmt.o
LOAD _build/nrf_queue.o
LOAD _build/nrf_ringbuf.o
LOAD _build/nrf_sdh.o
LOAD _build/nrf_section_iter.o
LOAD _build/nrf_serial.o
LOAD _build/nrf_strerror.o
LOAD _build/nrf_twi_mngr.o
LOAD _build/nrfx_clock.o
LOAD _build/nrfx_gpiote.o
LOAD _build/nrfx_ppi.o
LOAD _build/nrfx_prs.o
LOAD _build/nrfx_pwm.o
LOAD _build/nrfx_saadc.o
LOAD _build/nrfx_spim.o
LOAD _build/nrfx_timer.o
LOAD _build/nrfx_twi.o
LOAD _build/nrfx_twim.o
LOAD _build/nrfx_uart.o
LOAD _build/nrfx_uarte.o
LOAD _build/system_nrf52833.o
LOAD _build/app_error_weak.o
LOAD _build/gcc_startup_nrf52833.os
LOAD /opt/homebrew/Cellar/arm-none-eabi-gcc/10.3-2021.07/gcc/bin/../lib/gcc/arm-none-eabi/10.3.1/../../../../arm-none-eabi/lib/thumb/v7e-m+fp/hard/libc.a
LOAD /opt/homebrew/Cellar/arm-none-eabi-gcc/10.3-2021.07/gcc/bin/../lib/gcc/arm-none-eabi/10.3.1/../../../../arm-none-eabi/lib/thumb/v7e-m+fp/hard/libnosys.a
LOAD /opt/homebrew/Cellar/arm-none-eabi-gcc/10.3-2021.07/gcc/bin/../lib/gcc/arm-none-eabi/10.3.1/../../../../arm-none-eabi/lib/thumb/v7e-m+fp/hard/libm.a
LOAD /opt/homebrew/Cellar/arm-none-eabi-gcc/10.3-2021.07/gcc/bin/../lib/gcc/arm-none-eabi/10.3.1/../../../../arm-none-eabi/lib/thumb/v7e-m+fp/hard/libstdc++.a
END GROUP
START GROUP
LOAD /opt/homebrew/Cellar/arm-none-eabi-gcc/10.3-2021.07/gcc/bin/../lib/gcc/arm-none-eabi/10.3.1/thumb/v7e-m+fp/hard/libgcc.a
LOAD /opt/homebrew/Cellar/arm-none-eabi-gcc/10.3-2021.07/gcc/bin/../lib/gcc/arm-none-eabi/10.3.1/../../../../arm-none-eabi/lib/thumb/v7e-m+fp/hard/libc.a
END GROUP
LOAD /opt/homebrew/Cellar/arm-none-eabi-gcc/10.3-2021.07/gcc/bin/../lib/gcc/arm-none-eabi/10.3.1/thumb/v7e-m+fp/hard/crtend.o
LOAD /opt/homebrew/Cellar/arm-none-eabi-gcc/10.3-2021.07/gcc/bin/../lib/gcc/arm-none-eabi/10.3.1/thumb/v7e-m+fp/hard/crtn.o
START GROUP
LOAD /opt/homebrew/Cellar/arm-none-eabi-gcc/10.3-2021.07/gcc/bin/../lib/gcc/arm-none-eabi/10.3.1/thumb/v7e-m+fp/hard/libgcc.a
LOAD /opt/homebrew/Cellar/arm-none-eabi-gcc/10.3-2021.07/gcc/bin/../lib/gcc/arm-none-eabi/10.3.1/../../../../arm-none-eabi/lib/thumb/v7e-m+fp/hard/libc.a
LOAD /opt/homebrew/Cellar/arm-none-eabi-gcc/10.3-2021.07/gcc/bin/../lib/gcc/arm-none-eabi/10.3.1/../../../../arm-none-eabi/lib/thumb/v7e-m+fp/hard/libnosys.a
END GROUP
                0x0000000000001000                FLASH_PAGE_SIZE = 0x1000
                0x0000000000000004                FLASH_DATA_PAGES_USED = 0x4

.igot.plt       0x00000000200009e0        0x0 load address 0x000000000000d084
 .igot.plt      0x00000000200009e0        0x0 /opt/homebrew/Cellar/arm-none-eabi-gcc/10.3-2021.07/gcc/bin/../lib/gcc/arm-none-eabi/10.3.1/thumb/v7e-m+fp/hard/crtbegin.o
                0x00000000200009e0                . = ALIGN (0x4)

.svc_data       0x00000000200009e0        0x0
                [!provide]                        PROVIDE (__start_svc_data = .)
 *(.svc_data)
                [!provide]                        PROVIDE (__stop_svc_data = .)

.fs_data        0x00000000200009e0        0x0
                [!provide]                        PROVIDE (__start_fs_data = .)
 *(.fs_data)
                [!provide]                        PROVIDE (__stop_fs_data = .)

.log_dynamic_data
                0x00000000200009e0        0x0
                0x00000000200009e0                PROVIDE (__start_log_dynamic_data = .)
 *(SORT_BY_NAME(.log_dynamic_data*))
                [!provide]                        PROVIDE (__stop_log_dynamic_data = .)

.cli_sorted_cmd_ptrs
                0x00000000200009e0        0x0
                [!provide]                        PROVIDE (__start_cli_sorted_cmd_ptrs = .)
 *(.cli_sorted_cmd_ptrs)
                [!provide]                        PROVIDE (__stop_cli_sorted_cmd_ptrs = .)

.bss            0x00000000200009e0      0x938 load address 0x000000000000d084
                0x00000000200009e0                . = ALIGN (0x4)
                0x00000000200009e0                __bss_start__ = .
 *(.bss*)
 .bss           0x00000000200009e0       0x1c /opt/homebrew/Cellar/arm-none-eabi-gcc/10.3-2021.07/gcc/bin/../lib/gcc/arm-none-eabi/10.3.1/thumb/v7e-m+fp/hard/crtbegin.o
 .bss.sample_timer_data
                0x00000000200009fc       0x20 _build/main.o
 .bss.m_async_mode
                0x0000000020000a1c        0x1 _build/microbit_nrf_log_backend_uart.o
 .bss.m_string_buff
                0x0000000020000a1d       0x40 _build/microbit_nrf_log_backend_uart.o
 .bss.m_xfer_done
                0x0000000020000a5d        0x1 _build/microbit_nrf_log_backend_uart.o
 *fill*         0x0000000020000a5e        0x2 
 .bss.m_op_queue
                0x0000000020000a60      0x10c _build/app_timer.o
 .bss.m_rtc1_reset
                0x0000000020000b6c        0x1 _build/app_timer.o
 .bss.m_rtc1_running
                0x0000000020000b6d        0x1 _build/app_timer.o
 *fill*         0x0000000020000b6e        0x2 
 .bss.m_ticks_elapsed
                0x0000000020000b70        0x8 _build/app_timer.o
 .bss.m_ticks_elapsed_q_read_ind
                0x0000000020000b78        0x1 _build/app_timer.o
 .bss.m_ticks_elapsed_q_write_ind
                0x0000000020000b79        0x1 _build/app_timer.o
 *fill*         0x0000000020000b7a        0x2 
 .bss.m_ticks_latest
                0x0000000020000b7c        0x4 _build/app_timer.o
 .bss.mp_timer_id_head
                0x0000000020000b80        0x4 _build/app_timer.o
 .bss.m_in_critical_region
                0x0000000020000b84        0x4 _build/app_util_platform.o
 .bss.m_contexts
                0x0000000020000b88        0x8 _build/nrf_drv_uart.o
 .bss.m_handlers
                0x0000000020000b90        0x8 _build/nrf_drv_uart.o
 .bss.nrf_drv_uart_use_easy_dma
                0x0000000020000b98        0x2 _build/nrf_drv_uart.o
                0x0000000020000b98                nrf_drv_uart_use_easy_dma
 *fill*         0x0000000020000b9a        0x2 
 .bss.log_mempool_nrf_balloc_cb
                0x0000000020000b9c        0x8 _build/nrf_log_frontend.o
 .bss.log_mempool_nrf_balloc_pool_mem
                0x0000000020000ba4       0xc0 _build/nrf_log_frontend.o
 .bss.log_mempool_nrf_balloc_pool_stack
                0x0000000020000c64        0x8 _build/nrf_log_frontend.o
 .bss.m_log_data
                0x0000000020000c6c      0x424 _build/nrf_log_frontend.o
 .bss.m_log_push_ringbuf_buf
                0x0000000020001090       0x80 _build/nrf_log_frontend.o
 .bss.m_log_push_ringbuf_cb
                0x0000000020001110       0x18 _build/nrf_log_frontend.o
 .bss.m_clock_cb
                0x0000000020001128        0x8 _build/nrfx_clock.o
 .bss.m_cb      0x0000000020001130       0x68 _build/nrfx_gpiote.o
 .bss.m_prs_box_4
                0x0000000020001198        0x8 _build/nrfx_prs.o
 .bss.m_cb      0x00000000200011a0        0x8 _build/nrfx_pwm.o
 .bss.m_cb      0x00000000200011a8       0x30 _build/nrfx_saadc.o
 .bss.m_cb      0x00000000200011d8       0x24 _build/nrfx_spim.o
 .bss.m_cb      0x00000000200011fc       0x18 _build/nrfx_timer.o
 .bss.m_cb      0x0000000020001214       0x68 _build/nrfx_twim.o
 .bss.m_cb      0x000000002000127c       0x2c _build/nrfx_uart.o
 .bss.m_cb      0x00000000200012a8       0x24 _build/nrfx_uarte.o
 .bss.__lock___atexit_recursive_mutex
                0x00000000200012cc        0x1 /opt/homebrew/Cellar/arm-none-eabi-gcc/10.3-2021.07/gcc/bin/../lib/gcc/arm-none-eabi/10.3.1/../../../../arm-none-eabi/lib/thumb/v7e-m+fp/hard/libc.a(lib_a-lock.o)
                0x00000000200012cc                __lock___atexit_recursive_mutex
 *fill*         0x00000000200012cd        0x3 
 .bss.__lock___malloc_recursive_mutex
                0x00000000200012d0        0x1 /opt/homebrew/Cellar/arm-none-eabi-gcc/10.3-2021.07/gcc/bin/../lib/gcc/arm-none-eabi/10.3.1/../../../../arm-none-eabi/lib/thumb/v7e-m+fp/hard/libc.a(lib_a-lock.o)
                0x00000000200012d0                __lock___malloc_recursive_mutex
 *fill*         0x00000000200012d1        0x3 
 .bss.__lock___sfp_recursive_mutex
                0x00000000200012d4        0x1 /opt/homebrew/Cellar/arm-none-eabi-gcc/10.3-2021.07/gcc/bin/../lib/gcc/arm-none-eabi/10.3.1/../../../../arm-none-eabi/lib/thumb/v7e-m+fp/hard/libc.a(lib_a-lock.o)
                0x00000000200012d4                __lock___sfp_recursive_mutex
 *fill*         0x00000000200012d5        0x3 
 .bss.__lock___sinit_recursive_mutex
                0x00000000200012d8        0x1 /opt/homebrew/Cellar/arm-none-eabi-gcc/10.3-2021.07/gcc/bin/../lib/gcc/arm-none-eabi/10.3.1/../../../../arm-none-eabi/lib/thumb/v7e-m+fp/hard/libc.a(lib_a-lock.o)
                0x00000000200012d8                __lock___sinit_recursive_mutex
 *fill*         0x00000000200012d9        0x3 
 .bss.__malloc_current_mallinfo
                0x00000000200012dc       0x28 /opt/homebrew/Cellar/arm-none-eabi-gcc/10.3-2021.07/gcc/bin/../lib/gcc/arm-none-eabi/10.3.1/../../../../arm-none-eabi/lib/thumb/v7e-m+fp/hard/libc.a(lib_a-mallocr.o)
                0x00000000200012dc                __malloc_current_mallinfo
 .bss.__malloc_max_sbrked_mem
                0x0000000020001304        0x4 /opt/homebrew/Cellar/arm-none-eabi-gcc/10.3-2021.07/gcc/bin/../lib/gcc/arm-none-eabi/10.3.1/../../../../arm-none-eabi/lib/thumb/v7e-m+fp/hard/libc.a(lib_a-mallocr.o)
                0x0000000020001304                __malloc_max_sbrked_mem
 .bss.__malloc_max_total_mem
                0x0000000020001308        0x4 /opt/homebrew/Cellar/arm-none-eabi-gcc/10.3-2021.07/gcc/bin/../lib/gcc/arm-none-eabi/10.3.1/../../../../arm-none-eabi/lib/thumb/v7e-m+fp/hard/libc.a(lib_a-mallocr.o)
                0x0000000020001308                __malloc_max_total_mem
 .bss.__malloc_top_pad
                0x000000002000130c        0x4 /opt/homebrew/Cellar/arm-none-eabi-gcc/10.3-2021.07/gcc/bin/../lib/gcc/arm-none-eabi/10.3.1/../../../../arm-none-eabi/lib/thumb/v7e-m+fp/hard/libc.a(lib_a-mallocr.o)
                0x000000002000130c                __malloc_top_pad
 .bss.errno     0x0000000020001310        0x4 /opt/homebrew/Cellar/arm-none-eabi-gcc/10.3-2021.07/gcc/bin/../lib/gcc/arm-none-eabi/10.3.1/../../../../arm-none-eabi/lib/thumb/v7e-m+fp/hard/libc.a(lib_a-reent.o)
                0x0000000020001310                errno
 .bss.heap_end.0
                0x0000000020001314        0x4 /opt/homebrew/Cellar/arm-none-eabi-gcc/10.3-2021.07/gcc/bin/../lib/gcc/arm-none-eabi/10.3.1/../../../../arm-none-eabi/lib/thumb/v7e-m+fp/hard/libnosys.a(sbrk.o)
 *(COMMON)
                0x0000000020001318                . = ALIGN (0x4)
                0x0000000020001318                __bss_end__ = .

.heap           0x0000000020001318     0x2000
                0x0000000020001318                __HeapBase = .
                0x0000000020001318                __end__ = .
                0x0000000020001318                PROVIDE (end = .)
 *(.heap*)
 .heap          0x0000000020001318     0x2000 _build/gcc_startup_nrf52833.os
                0x0000000020003318                __HeapLimit = .

.stack_dummy    0x0000000020001318     0x2000
 *(.stack*)
 .stack         0x0000000020001318     0x2000 _build/gcc_startup_nrf52833.os
                0x0000000020020000                __StackTop = (ORIGIN (RAM) + LENGTH (RAM))
                0x000000002001e000                __StackLimit = (__StackTop - SIZEOF (.stack_dummy))
                0x0000000020020000                PROVIDE (__stack = __StackTop)
                0x0000000000000001                ASSERT ((__StackLimit >= __HeapLimit), region RAM overflowed with stack)
                0x00000000000009e0                DataInitFlashUsed = (__bss_start__ - __data_start__)
                0x000000000000c6a4                CodeFlashUsed = (__etext - ORIGIN (FLASH))
                0x000000000000d084                TotalFlashUsed = (CodeFlashUsed + DataInitFlashUsed)
                0x0000000000000001                ASSERT ((TotalFlashUsed <= LENGTH (FLASH)), region FLASH overflowed with .data and user data)
OUTPUT(_build/breadboard_sdk16_blank.elf elf32-littlearm)
LOAD linker stubs

.ARM.attributes
                0x0000000000000000       0x30
 .ARM.attributes
                0x0000000000000000       0x1e /opt/homebrew/Cellar/arm-none-eabi-gcc/10.3-2021.07/gcc/bin/../lib/gcc/arm-none-eabi/10.3.1/thumb/v7e-m+fp/hard/crti.o
 .ARM.attributes
                0x000000000000001e       0x34 /opt/homebrew/Cellar/arm-none-eabi-gcc/10.3-2021.07/gcc/bin/../lib/gcc/arm-none-eabi/10.3.1/thumb/v7e-m+fp/hard/crtbegin.o
 .ARM.attributes
                0x0000000000000052       0x1c /opt/homebrew/Cellar/arm-none-eabi-gcc/10.3-2021.07/gcc/bin/../lib/gcc/arm-none-eabi/10.3.1/../../../../arm-none-eabi/lib/thumb/v7e-m+fp/hard/crt0.o
 .ARM.attributes
                0x000000000000006e       0x34 _build/main.o
 .ARM.attributes
                0x00000000000000a2       0x34 _build/better_error_handling.o
 .ARM.attributes
                0x00000000000000d6       0x34 _build/microbit_before_startup.o
 .ARM.attributes
                0x000000000000010a       0x34 _build/microbit_nrf_log_backend_uart.o
 .ARM.attributes
                0x000000000000013e       0x34 _build/microbit_retarget.o
 .ARM.attributes
                0x0000000000000172       0x34 _build/app_error_handler_gcc.o
 .ARM.attributes
                0x00000000000001a6       0x34 _build/app_timer.o