Archive member included to satisfy reference by file (symbol)

/opt/homebrew/Cellar/arm-none-eabi-gcc/10.3-2021.07/gcc/bin/../lib/gcc/arm-none-eabi/10.3.1/../../../../arm-none-eabi/lib/thumb/v7e-m+fp/hard/libc.a(lib_a-ctype_.o)
                              _build/nrf_log_str_formatter.o (_ctype_)
/opt/homebrew/Cellar/arm-none-eabi-gcc/10.3-2021.07/gcc/bin/../lib/gcc/arm-none-eabi/10.3.1/../../../../arm-none-eabi/lib/thumb/v7e-m+fp/hard/libc.a(lib_a-exit.o)
                              /opt/homebrew/Cellar/arm-none-eabi-gcc/10.3-2021.07/gcc/bin/../lib/gcc/arm-none-eabi/10.3.1/../../../../arm-none-eabi/lib/thumb/v7e-m+fp/hard/crt0.o (exit)
/opt/homebrew/Cellar/arm-none-eabi-gcc/10.3-2021.07/gcc/bin/../lib/gcc/arm-none-eabi/10.3.1/../../../../arm-none-eabi/lib/thumb/v7e-m+fp/hard/libc.a(lib_a-impure.o)
                              /opt/homebrew/Cellar/arm-none-eabi-gcc/10.3-2021.07/gcc/bin/../lib/gcc/arm-none-eabi/10.3.1/../../../../arm-none-eabi/lib/thumb/v7e-m+fp/hard/libc.a(lib_a-exit.o) (_global_impure_ptr)
/opt/homebrew/Cellar/arm-none-eabi-gcc/10.3-2021.07/gcc/bin/../lib/gcc/arm-none-eabi/10.3.1/../../../../arm-none-eabi/lib/thumb/v7e-m+fp/hard/libc.a(lib_a-init.o)
                              /opt/homebrew/Cellar/arm-none-eabi-gcc/10.3-2021.07/gcc/bin/../lib/gcc/arm-none-eabi/10.3.1/../../../../arm-none-eabi/lib/thumb/v7e-m+fp/hard/crt0.o (__libc_init_array)
/opt/homebrew/Cellar/arm-none-eabi-gcc/10.3-2021.07/gcc/bin/../lib/gcc/arm-none-eabi/10.3.1/../../../../arm-none-eabi/lib/thumb/v7e-m+fp/hard/libc.a(lib_a-memcmp.o)
                              _build/nrf_twi_mngr.o (memcmp)
/opt/homebrew/Cellar/arm-none-eabi-gcc/10.3-2021.07/gcc/bin/../lib/gcc/arm-none-eabi/10.3.1/../../../../arm-none-eabi/lib/thumb/v7e-m+fp/hard/libc.a(lib_a-memcpy.o)
                              _build/app_scheduler.o (memcpy)
/opt/homebrew/Cellar/arm-none-eabi-gcc/10.3-2021.07/gcc/bin/../lib/gcc/arm-none-eabi/10.3.1/../../../../arm-none-eabi/lib/thumb/v7e-m+fp/hard/libc.a(lib_a-memset.o)
                              /opt/homebrew/Cellar/arm-none-eabi-gcc/10.3-2021.07/gcc/bin/../lib/gcc/arm-none-eabi/10.3.1/../../../../arm-none-eabi/lib/thumb/v7e-m+fp/hard/crt0.o (memset)
/opt/homebrew/Cellar/arm-none-eabi-gcc/10.3-2021.07/gcc/bin/../lib/gcc/arm-none-eabi/10.3.1/../../../../arm-none-eabi/lib/thumb/v7e-m+fp/hard/libc.a(lib_a-printf.o)
                              _build/main.o (printf)
/opt/homebrew/Cellar/arm-none-eabi-gcc/10.3-2021.07/gcc/bin/../lib/gcc/arm-none-eabi/10.3.1/../../../../arm-none-eabi/lib/thumb/v7e-m+fp/hard/libc.a(lib_a-setbuf.o)
                              _build/microbit_before_startup.o (setbuf)
/opt/homebrew/Cellar/arm-none-eabi-gcc/10.3-2021.07/gcc/bin/../lib/gcc/arm-none-eabi/10.3.1/../../../../arm-none-eabi/lib/thumb/v7e-m+fp/hard/libc.a(lib_a-setvbuf.o)
                              /opt/homebrew/Cellar/arm-none-eabi-gcc/10.3-2021.07/gcc/bin/../lib/gcc/arm-none-eabi/10.3.1/../../../../arm-none-eabi/lib/thumb/v7e-m+fp/hard/libc.a(lib_a-setbuf.o) (setvbuf)
/opt/homebrew/Cellar/arm-none-eabi-gcc/10.3-2021.07/gcc/bin/../lib/gcc/arm-none-eabi/10.3.1/../../../../arm-none-eabi/lib/thumb/v7e-m+fp/hard/libc.a(lib_a-strlen.o)
                              _build/nrf_fprintf_format.o (strlen)
/opt/homebrew/Cellar/arm-none-eabi-gcc/10.3-2021.07/gcc/bin/../lib/gcc/arm-none-eabi/10.3.1/../../../../arm-none-eabi/lib/thumb/v7e-m+fp/hard/libc.a(lib_a-vfprintf.o)
                              /opt/homebrew/Cellar/arm-none-eabi-gcc/10.3-2021.07/gcc/bin/../lib/gcc/arm-none-eabi/10.3.1/../../../../arm-none-eabi/lib/thumb/v7e-m+fp/hard/libc.a(lib_a-printf.o) (_vfprintf_r)
/opt/homebrew/Cellar/arm-none-eabi-gcc/10.3-2021.07/gcc/bin/../lib/gcc/arm-none-eabi/10.3.1/../../../../arm-none-eabi/lib/thumb/v7e-m+fp/hard/libc.a(lib_a-wsetup.o)
                              /opt/homebrew/Cellar/arm-none-eabi-gcc/10.3-2021.07/gcc/bin/../lib/gcc/arm-none-eabi/10.3.1/../../../../arm-none-eabi/lib/thumb/v7e-m+fp/hard/libc.a(lib_a-vfprintf.o) (__swsetup_r)
/opt/homebrew/Cellar/arm-none-eabi-gcc/10.3-2021.07/gcc/bin/../lib/gcc/arm-none-eabi/10.3.1/../../../../arm-none-eabi/lib/thumb/v7e-m+fp/hard/libc.a(lib_a-__call_atexit.o)
                              /opt/homebrew/Cellar/arm-none-eabi-gcc/10.3-2021.07/gcc/bin/../lib/gcc/arm-none-eabi/10.3.1/../../../../arm-none-eabi/lib/thumb/v7e-m+fp/hard/libc.a(lib_a-exit.o) (__call_exitprocs)
/opt/homebrew/Cellar/arm-none-eabi-gcc/10.3-2021.07/gcc/bin/../lib/gcc/arm-none-eabi/10.3.1/../../../../arm-none-eabi/lib/thumb/v7e-m+fp/hard/libc.a(lib_a-atexit.o)
                              /opt/homebrew/Cellar/arm-none-eabi-gcc/10.3-2021.07/gcc/bin/../lib/gcc/arm-none-eabi/10.3.1/../../../../arm-none-eabi/lib/thumb/v7e-m+fp/hard/libc.a(lib_a-__call_atexit.o) (atexit)
/opt/homebrew/Cellar/arm-none-eabi-gcc/10.3-2021.07/gcc/bin/../lib/gcc/arm-none-eabi/10.3.1/../../../../arm-none-eabi/lib/thumb/v7e-m+fp/hard/libc.a(lib_a-dtoa.o)
[...]
Memory Configuration

Name             Origin             Length             Attributes
FLASH            0x0000000000000000 0x0000000000080000 xr
RAM              0x0000000020000000 0x0000000000020000 xrw
*default*        0x0000000000000000 0xffffffffffffffff

Linker script and memory map

                0x000000000007f000                __stop_ot_flash_data = ((ORIGIN (FLASH) + LENGTH (FLASH)) - FLASH_PAGE_SIZE)
                0x000000000007b000                __start_ot_flash_data = (__stop_ot_flash_data - (FLASH_PAGE_SIZE * FLASH_DATA_PAGES_USED))
                0x0000000000000001                ASSERT ((__start_ot_flash_data >= (__etext + SIZEOF (.data))), Error: Code overlaps flash data area.)

.text           0x0000000000000000     0xf69c
 *(.isr_vector)
 .isr_vector    0x0000000000000000      0x200 _build/gcc_startup_nrf52833.os
                0x0000000000000000                __isr_vector
 *(.text*)
 .text          0x0000000000000200       0x40 /opt/homebrew/Cellar/arm-none-eabi-gcc/10.3-2021.07/gcc/bin/../lib/gcc/arm-none-eabi/10.3.1/thumb/v7e-m+fp/hard/crtbegin.o
 .text          0x0000000000000240       0x7c /opt/homebrew/Cellar/arm-none-eabi-gcc/10.3-2021.07/gcc/bin/../lib/gcc/arm-none-eabi/10.3.1/../../../../arm-none-eabi/lib/thumb/v7e-m+fp/hard/crt0.o
                0x0000000000000240                _stack_init
                0x0000000000000248                _mainCRTStartup
                0x0000000000000248                _start
 .text.saadc_event_callback
                0x00000000000002bc        0x2 _build/main.o
 *fill*         0x00000000000002be        0x2 
 .text.nrf_gpio_pin_port_decode
                0x00000000000002c0       0x30 _build/main.o
 .text.adc_sample_blocking
                0x00000000000002f0       0x60 _build/main.o
 .text.sample_timer_callback
                0x0000000000000350      0x31c _build/main.o
 .text.touched  0x000000000000066c       0x1c _build/main.o
                0x000000000000066c                touched
 .text.effects_timer_callback
                0x0000000000000688       0x34 _build/main.o
 .text.startup.main
                0x00000000000006bc      0x23c _build/main.o
                0x00000000000006bc                main
 .text.nrf_gpio_pin_port_decode
                0x00000000000008f8       0x30 _build/better_error_handling.o
 .text.nrf_gpio_pin_clear
                0x0000000000000928       0x1a _build/better_error_handling.o
 .text.nrf_gpio_pin_set
                0x0000000000000942       0x1a _build/better_error_handling.o
 .text.nrf_delay_ms.part.0
                0x000000000000095c       0x1c _build/better_error_handling.o
 .text.error_blink_pattern
                0x0000000000000978      0x104 _build/better_error_handling.o
 .text.app_error_fault_handler
                0x0000000000000a7c       0x74 _build/better_error_handling.o
                0x0000000000000a7c                app_error_fault_handler
 .text.HardFault_process
                0x0000000000000af0        0x6 _build/better_error_handling.o
                0x0000000000000af0                HardFault_process
 *fill*         0x0000000000000af6        0x2 
 .text.startup.called_first
                0x0000000000000af8       0x48 _build/microbit_before_startup.o
                0x0000000000000af8                called_first
 .text.nrf_log_backend_uart_flush
                0x0000000000000b40        0x2 _build/microbit_nrf_log_backend_uart.o
 *fill*         0x0000000000000b42        0x2 
 .text.nrf_log_backend_uart_put
                0x0000000000000b44       0x1c _build/microbit_nrf_log_backend_uart.o
 .text.uart_init.constprop.0
                0x0000000000000b60       0x54 _build/microbit_nrf_log_backend_uart.o
 .text.serial_tx
                0x0000000000000bb4       0x50 _build/microbit_nrf_log_backend_uart.o
 .text.nrf_log_backend_uart_panic_set
                0x0000000000000c04       0x2c _build/microbit_nrf_log_backend_uart.o
 .text.nrf_log_backend_uart_init
                0x0000000000000c30        0x4 _build/microbit_nrf_log_backend_uart.o
                0x0000000000000c30                nrf_log_backend_uart_init
 .text._write   0x0000000000000c34       0x2c _build/microbit_retarget.o
                0x0000000000000c34                _write
 .text._read    0x0000000000000c60       0x30 _build/microbit_retarget.o
                0x0000000000000c60                _read
 .text.app_error_handler
                0x0000000000000c90       0x1a _build/app_error_handler_gcc.o
                0x0000000000000c90                app_error_handler
 *fill*         0x0000000000000caa        0x2 
 .text.user_op_alloc
                0x0000000000000cac       0x2c _build/app_timer.o
 .text.nrfx_coredep_delay_us.part.0.constprop.0
                0x0000000000000cd8       0x10 _build/app_timer.o
 .text.RTC1_IRQHandler
                0x0000000000000ce8       0x9c _build/app_timer.o
                0x0000000000000ce8                RTC1_IRQHandler
 .text.SWI0_EGU0_IRQHandler
                0x0000000000000d84      0x2b8 _build/app_timer.o
                0x0000000000000d84                SWI0_EGU0_IRQHandler
 .text.app_timer_init
                0x000000000000103c       0x90 _build/app_timer.o
                0x000000000000103c                app_timer_init
 .text.app_timer_create
                0x00000000000010cc       0x24 _build/app_timer.o
                0x00000000000010cc                app_timer_create
 .text.app_timer_start
                0x00000000000010f0       0x8c _build/app_timer.o
                0x00000000000010f0                app_timer_start
 .text.app_util_disable_irq
                0x000000000000117c       0x10 _build/app_util_platform.o
                0x000000000000117c                app_util_disable_irq
 .text.app_util_enable_irq
                0x000000000000118c       0x14 _build/app_util_platform.o
                0x000000000000118c                app_util_enable_irq
 .text.privilege_level_get
                0x00000000000011a0       0x1a _build/app_util_platform.o
                0x00000000000011a0                privilege_level_get
 *fill*         0x00000000000011ba        0x2 
 .text.app_util_critical_region_enter
                0x00000000000011bc       0x20 _build/app_util_platform.o
                0x00000000000011bc                app_util_critical_region_enter
 .text.app_util_critical_region_exit
                0x00000000000011dc       0x20 _build/app_util_platform.o
                0x00000000000011dc                app_util_critical_region_exit
 .text.HardFault_Handler
                0x00000000000011fc       0x34 _build/hardfault_handler_gcc.o
                0x00000000000011fc                HardFault_Handler
 .text.HardFault_c_handler
                0x0000000000001230      0x104 _build/hardfault_implementation.o
                0x0000000000001230                HardFault_c_handler
 .text.assert_nrf_callback
                0x0000000000001334       0x1a _build/nrf_assert.o
                0x0000000000001334                assert_nrf_callback
 .text.nrf_atomic_u32_fetch_store
                0x000000000000134e       0x16 _build/nrf_atomic.o
                0x000000000000134e                nrf_atomic_u32_fetch_store
 .text.nrf_atomic_u32_or
                0x0000000000001364       0x18 _build/nrf_atomic.o
                0x0000000000001364                nrf_atomic_u32_or
 .text.nrf_atomic_u32_fetch_and
                0x000000000000137c       0x18 _build/nrf_atomic.o
                0x000000000000137c                nrf_atomic_u32_fetch_and
 .text.nrf_atomic_u32_add
                0x0000000000001394       0x18 _build/nrf_atomic.o
                0x0000000000001394                nrf_atomic_u32_add
 .text.nrf_atomic_u32_sub
                0x00000000000013ac       0x18 _build/nrf_atomic.o
                0x00000000000013ac                nrf_atomic_u32_sub
 .text.nrf_atomic_flag_set
                0x00000000000013c4        0x6 _build/nrf_atomic.o
                0x00000000000013c4                nrf_atomic_flag_set
 .text.nrf_atomic_flag_clear_fetch
                0x00000000000013ca        0x6 _build/nrf_atomic.o
                0x00000000000013ca                nrf_atomic_flag_clear_fetch
 .text.nrf_balloc_init
                0x00000000000013d0       0x7c _build/nrf_balloc.o
                0x00000000000013d0                nrf_balloc_init
 .text.nrf_balloc_alloc
                0x000000000000144c       0x54 _build/nrf_balloc.o
                0x000000000000144c                nrf_balloc_alloc
 .text.nrf_balloc_free
                0x00000000000014a0       0x48 _build/nrf_balloc.o
                0x00000000000014a0                nrf_balloc_free
 .text.uarte_evt_handler
                0x00000000000014e8       0x34 _build/nrf_drv_uart.o
 .text.uart_evt_handler
                0x000000000000151c       0x34 _build/nrf_drv_uart.o
 .text.nrf_drv_uart_init
                0x0000000000001550       0x7c _build/nrf_drv_uart.o
                0x0000000000001550                nrf_drv_uart_init
 .text.nrf_fprintf_buffer_flush
                0x00000000000015cc       0x24 _build/nrf_fprintf.o
                0x00000000000015cc                nrf_fprintf_buffer_flush
 .text.nrf_fprintf
                0x00000000000015f0       0x54 _build/nrf_fprintf.o
                0x00000000000015f0                nrf_fprintf
 .text.buffer_add
                0x0000000000001644       0x1e _build/nrf_fprintf_format.o
 *fill*         0x0000000000001662        0x2 
 .text.unsigned_print
                0x0000000000001664       0xb4 _build/nrf_fprintf_format.o
 .text.nrf_fprintf_fmt
                0x0000000000001718      0x2d0 _build/nrf_fprintf_format.o
                0x0000000000001718                nrf_fprintf_fmt
 .text.nrf_log_backend_serial_put
                0x00000000000019e8       0xc2 _build/nrf_log_backend_serial.o
                0x00000000000019e8                nrf_log_backend_serial_put
 *fill*         0x0000000000001aaa        0x2 
 .text.nrf_log_default_backends_init
                0x0000000000001aac       0x30 _build/nrf_log_default_backends.o
                0x0000000000001aac                nrf_log_default_backends_init
 .text.invalid_packets_omit
                0x0000000000001adc       0x3a _build/nrf_log_frontend.o
 *fill*         0x0000000000001b16        0x2 
 .text.buf_prealloc
                0x0000000000001b18      0x144 _build/nrf_log_frontend.o
 .text.nrf_log_init
                0x0000000000001c5c       0x3c _build/nrf_log_frontend.o
                0x0000000000001c5c                nrf_log_init
 .text.nrf_log_module_name_get
                0x0000000000001c98       0x38 _build/nrf_log_frontend.o
                0x0000000000001c98                nrf_log_module_name_get
 .text.nrf_log_color_id_get
                0x0000000000001cd0       0x2c _build/nrf_log_frontend.o
                0x0000000000001cd0                nrf_log_color_id_get
 .text.buffer_is_empty
                0x0000000000001cfc       0x14 _build/nrf_log_frontend.o
                0x0000000000001cfc                buffer_is_empty
 .text.nrf_log_frontend_dequeue
                0x0000000000001d10      0x224 _build/nrf_log_frontend.o
                0x0000000000001d10                nrf_log_frontend_dequeue
 .text.std_n    0x0000000000001f34       0xb8 _build/nrf_log_frontend.o
 .text.nrf_log_frontend_std_0
                0x0000000000001fec        0x8 _build/nrf_log_frontend.o
                0x0000000000001fec                nrf_log_frontend_std_0
 .text.nrf_log_frontend_std_1
                0x0000000000001ff4       0x12 _build/nrf_log_frontend.o
                0x0000000000001ff4                nrf_log_frontend_std_1
 .text.nrf_log_frontend_std_3
                0x0000000000002006       0x18 _build/nrf_log_frontend.o
                0x0000000000002006                nrf_log_frontend_std_3
 .text.nrf_log_frontend_std_4
                0x000000000000201e       0x1c _build/nrf_log_frontend.o
                0x000000000000201e                nrf_log_frontend_std_4
 *fill*         0x000000000000203a        0x2 
 .text.nrf_log_backend_add
                0x000000000000203c       0x54 _build/nrf_log_frontend.o
                0x000000000000203c                nrf_log_backend_add
 .text.nrf_log_panic
                0x0000000000002090       0x28 _build/nrf_log_frontend.o
                0x0000000000002090                nrf_log_panic
 .text.prefix_process
                0x00000000000020b8       0x7c _build/nrf_log_str_formatter.o
 .text.postfix_process
                0x0000000000002134       0x44 _build/nrf_log_str_formatter.o
 .text.nrf_log_std_entry_process
                0x0000000000002178       0xc8 _build/nrf_log_str_formatter.o
                0x0000000000002178                nrf_log_std_entry_process
 .text.nrf_log_hexdump_entry_process
                0x0000000000002240       0xc0 _build/nrf_log_str_formatter.o
                0x0000000000002240                nrf_log_hexdump_entry_process
 .text.memobj_op
                0x0000000000002300       0xa8 _build/nrf_memobj.o
 .text.nrf_memobj_pool_init
                0x00000000000023a8        0x4 _build/nrf_memobj.o
                0x00000000000023a8                nrf_memobj_pool_init
 .text.nrf_memobj_free
                0x00000000000023ac       0x2c _build/nrf_memobj.o
                0x00000000000023ac                nrf_memobj_free
 .text.nrf_memobj_alloc
                0x00000000000023d8       0x5e _build/nrf_memobj.o
                0x00000000000023d8                nrf_memobj_alloc
 .text.nrf_memobj_get
                0x0000000000002436        0x8 _build/nrf_memobj.o
                0x0000000000002436                nrf_memobj_get
 .text.nrf_memobj_put
                0x000000000000243e       0x1c _build/nrf_memobj.o
                0x000000000000243e                nrf_memobj_put
 *fill*         0x000000000000245a        0x2 
 .text.nrf_memobj_write
                0x000000000000245c       0x28 _build/nrf_memobj.o
                0x000000000000245c                nrf_memobj_write
 .text.nrf_memobj_read
                0x0000000000002484       0x28 _build/nrf_memobj.o
                0x0000000000002484                nrf_memobj_read
 .text.nrf_ringbuf_init
                0x00000000000024ac       0x1c _build/nrf_ringbuf.o
                0x00000000000024ac                nrf_ringbuf_init
 .text.nrf_strerror_find
                0x00000000000024c8       0x3c _build/nrf_strerror.o
                0x00000000000024c8                nrf_strerror_find
 .text.nrf_strerror_get
                0x0000000000002504       0x14 _build/nrf_strerror.o
                0x0000000000002504                nrf_strerror_get
 .text.POWER_CLOCK_IRQHandler
                0x0000000000002518       0x5c _build/nrfx_clock.o
                0x0000000000002518                POWER_CLOCK_IRQHandler
 .text.nrf_gpiote_event_clear
                0x0000000000002574       0x18 _build/nrfx_gpiote.o
 .text.nrf_bitmask_bit_set
                0x000000000000258c       0x14 _build/nrfx_gpiote.o
 .text.nrf_gpio_pin_port_decode
                0x00000000000025a0       0x30 _build/nrfx_gpiote.o
 .text.nrf_gpio_cfg_sense_set
                0x00000000000025d0       0x2e _build/nrfx_gpiote.o
 *fill*         0x00000000000025fe        0x2 
 .text.nrf_gpio_ports_read.constprop.0
                0x0000000000002600       0x18 _build/nrfx_gpiote.o
 .text.GPIOTE_IRQHandler
                0x0000000000002618      0x19c _build/nrfx_gpiote.o
                0x0000000000002618                GPIOTE_IRQHandler
 .text.UARTE0_UART0_IRQHandler
                0x00000000000027b4       0x20 _build/nrfx_prs.o
                0x00000000000027b4                UARTE0_UART0_IRQHandler
 .text.nrfx_prs_acquire
                0x00000000000027d4       0x44 _build/nrfx_prs.o
                0x00000000000027d4                nrfx_prs_acquire
 .text.nrfx_prs_release
                0x0000000000002818       0x28 _build/nrfx_prs.o
                0x0000000000002818                nrfx_prs_release
 .text.nrf_pwm_event_clear
                0x0000000000002840       0x10 _build/nrfx_pwm.o
 .text.start_playback
                0x0000000000002850       0x4c _build/nrfx_pwm.o
 .text.nrf_gpio_pin_port_decode
                0x000000000000289c       0x30 _build/nrfx_pwm.o
 .text.nrf_pwm_sequence_set
                0x00000000000028cc       0x88 _build/nrfx_pwm.o
 .text.nrfx_pwm_init
                0x0000000000002954      0x1b8 _build/nrfx_pwm.o
                0x0000000000002954                nrfx_pwm_init
 .text.nrfx_pwm_simple_playback
                0x0000000000002b0c       0xa4 _build/nrfx_pwm.o
                0x0000000000002b0c                nrfx_pwm_simple_playback
 .text.nrfx_pwm_is_stopped
                0x0000000000002bb0       0x40 _build/nrfx_pwm.o
                0x0000000000002bb0                nrfx_pwm_is_stopped
 .text.nrfx_pwm_stop
                0x0000000000002bf0       0x48 _build/nrfx_pwm.o
                0x0000000000002bf0                nrfx_pwm_stop
 .text.PWM0_IRQHandler
                0x0000000000002c38       0x90 _build/nrfx_pwm.o
                0x0000000000002c38                PWM0_IRQHandler
 .text.nrf_saadc_event_clear
                0x0000000000002cc8       0x18 _build/nrfx_saadc.o
 .text.SAADC_IRQHandler
                0x0000000000002ce0      0x154 _build/nrfx_saadc.o
                0x0000000000002ce0                SAADC_IRQHandler
 .text.nrfx_saadc_init
                0x0000000000002e34       0xbc _build/nrfx_saadc.o
                0x0000000000002e34                nrfx_saadc_init
 .text.nrfx_saadc_channel_init
                0x0000000000002ef0      0x104 _build/nrfx_saadc.o
                0x0000000000002ef0                nrfx_saadc_channel_init
 .text.nrfx_saadc_sample_convert
                0x0000000000002ff4       0xe8 _build/nrfx_saadc.o
                0x0000000000002ff4                nrfx_saadc_sample_convert
 .text.nrf_gpio_pin_port_decode
                0x00000000000030dc       0x30 _build/nrfx_spim.o
 .text.nrf_gpio_pin_clear
                0x000000000000310c       0x1a _build/nrfx_spim.o
 .text.nrf_gpio_pin_set
                0x0000000000003126       0x1a _build/nrfx_spim.o
 .text.SPIM2_SPIS2_SPI2_IRQHandler
                0x0000000000003140       0x64 _build/nrfx_spim.o
                0x0000000000003140                SPIM2_SPIS2_SPI2_IRQHandler
 .text.irq_handler.constprop.0
                0x00000000000031a4       0x4c _build/nrfx_timer.o
 .text.TIMER0_IRQHandler
                0x00000000000031f0       0x10 _build/nrfx_timer.o
                0x00000000000031f0                TIMER0_IRQHandler
 .text.TIMER1_IRQHandler
                0x0000000000003200       0x10 _build/nrfx_timer.o
                0x0000000000003200                TIMER1_IRQHandler
 .text.nrf_twim_event_clear
                0x0000000000003210       0x10 _build/nrfx_twim.o
 .text.xfer_completeness_check
                0x0000000000003220       0x6c _build/nrfx_twim.o
 .text.twim_irq_handler
                0x000000000000328c      0x138 _build/nrfx_twim.o
 .text.SPIM0_SPIS0_TWIM0_TWIS0_SPI0_TWI0_IRQHandler
                0x00000000000033c4       0x10 _build/nrfx_twim.o
                0x00000000000033c4                SPIM0_SPIS0_TWIM0_TWIS0_SPI0_TWI0_IRQHandler
 .text.SPIM1_SPIS1_TWIM1_TWIS1_SPI1_TWI1_IRQHandler
                0x00000000000033d4       0x10 _build/nrfx_twim.o
                0x00000000000033d4                SPIM1_SPIS1_TWIM1_TWIS1_SPI1_TWI1_IRQHandler
 .text.nrf_uart_event_clear
                0x00000000000033e4       0x10 _build/nrfx_uart.o
 .text.tx_byte  0x00000000000033f4       0x1e _build/nrfx_uart.o
 .text.rx_enable
                0x0000000000003412       0x20 _build/nrfx_uart.o
 *fill*         0x0000000000003432        0x2 
 .text.nrf_gpio_pin_port_decode
                0x0000000000003434       0x30 _build/nrfx_uart.o
 .text.nrf_gpio_cfg_default
                0x0000000000003464       0x1c _build/nrfx_uart.o
 .text.rx_byte  0x0000000000003480       0x2c _build/nrfx_uart.o
 .text.rx_done_event.constprop.0
                0x00000000000034ac       0x20 _build/nrfx_uart.o
 .text.nrfx_uart_0_irq_handler
                0x00000000000034cc      0x144 _build/nrfx_uart.o
                0x00000000000034cc                nrfx_uart_0_irq_handler
 .text.nrfx_uart_init
                0x0000000000003610      0x1e0 _build/nrfx_uart.o
                0x0000000000003610                nrfx_uart_init
 .text.nrfx_uart_uninit
                0x00000000000037f0       0xc0 _build/nrfx_uart.o
                0x00000000000037f0                nrfx_uart_uninit
 .text.nrfx_uart_tx_in_progress
                0x00000000000038b0       0x18 _build/nrfx_uart.o
                0x00000000000038b0                nrfx_uart_tx_in_progress
 .text.nrfx_uart_tx
                0x00000000000038c8       0xe0 _build/nrfx_uart.o
                0x00000000000038c8                nrfx_uart_tx
 .text.nrfx_uart_rx
                0x00000000000039a8      0x134 _build/nrfx_uart.o
                0x00000000000039a8                nrfx_uart_rx
 .text.nrf_uarte_event_clear
                0x0000000000003adc       0x10 _build/nrfx_uarte.o
 .text.nrf_gpio_pin_port_decode
                0x0000000000003aec       0x30 _build/nrfx_uarte.o
 .text.nrf_gpio_cfg_default
                0x0000000000003b1c       0x1c _build/nrfx_uarte.o
 .text.rx_done_event.constprop.0
                0x0000000000003b38       0x20 _build/nrfx_uarte.o
 .text.nrfx_uarte_0_irq_handler
                0x0000000000003b58      0x118 _build/nrfx_uarte.o
                0x0000000000003b58                nrfx_uarte_0_irq_handler
 .text.nrfx_uarte_init
                0x0000000000003c70      0x1f8 _build/nrfx_uarte.o
                0x0000000000003c70                nrfx_uarte_init
 .text.nrfx_uarte_uninit
                0x0000000000003e68       0xec _build/nrfx_uarte.o
                0x0000000000003e68                nrfx_uarte_uninit
 .text.nrfx_uarte_tx_in_progress
                0x0000000000003f54       0x18 _build/nrfx_uarte.o
                0x0000000000003f54                nrfx_uarte_tx_in_progress
 .text.nrfx_uarte_tx
                0x0000000000003f6c       0xf4 _build/nrfx_uarte.o
                0x0000000000003f6c                nrfx_uarte_tx
 .text.nrfx_uarte_rx
                0x0000000000004060      0x130 _build/nrfx_uarte.o
                0x0000000000004060                nrfx_uarte_rx
 .text.errata_36
                0x0000000000004190       0x1a _build/system_nrf52833.o
 *fill*         0x00000000000041aa        0x2 
 .text.SystemInit
                0x00000000000041ac      0x174 _build/system_nrf52833.o
                0x00000000000041ac                SystemInit
 .text          0x0000000000004320       0x3c _build/gcc_startup_nrf52833.os
                0x0000000000004320                Reset_Handler
                0x0000000000004348                NMI_Handler
                0x000000000000434c                MemoryManagement_Handler
                0x000000000000434e                BusFault_Handler
                0x0000000000004350                UsageFault_Handler
                0x0000000000004352                SVC_Handler
                0x0000000000004354                DebugMon_Handler
                0x0000000000004356                PendSV_Handler
                0x0000000000004358                SysTick_Handler
                0x000000000000435a                PWM3_IRQHandler
                0x000000000000435a                FPU_IRQHandler
                0x000000000000435a                USBD_IRQHandler
                0x000000000000435a                TIMER4_IRQHandler
                0x000000000000435a                I2S_IRQHandler
                0x000000000000435a                SWI4_EGU4_IRQHandler
                0x000000000000435a                UARTE1_IRQHandler
                0x000000000000435a                SPIM3_IRQHandler
                0x000000000000435a                PWM2_IRQHandler
                0x000000000000435a                ECB_IRQHandler
                0x000000000000435a                Default_Handler
                0x000000000000435a                CCM_AAR_IRQHandler
                0x000000000000435a                WDT_IRQHandler
                0x000000000000435a                SWI5_EGU5_IRQHandler
                0x000000000000435a                RNG_IRQHandler
                0x000000000000435a                RTC2_IRQHandler
                0x000000000000435a                SWI3_EGU3_IRQHandler
                0x000000000000435a                SWI1_EGU1_IRQHandler
                0x000000000000435a                NFCT_IRQHandler
                0x000000000000435a                MWU_IRQHandler
                0x000000000000435a                TIMER2_IRQHandler
                0x000000000000435a                COMP_LPCOMP_IRQHandler
                0x000000000000435a                RTC0_IRQHandler
                0x000000000000435a                SWI2_EGU2_IRQHandler
                0x000000000000435a                PWM1_IRQHandler
                0x000000000000435a                RADIO_IRQHandler
                0x000000000000435a                PDM_IRQHandler
                0x000000000000435a                TEMP_IRQHandler
                0x000000000000435a                QDEC_IRQHandler
                0x000000000000435a                TIMER3_IRQHandler
 .text.exit     0x000000000000435c       0x20 /opt/homebrew/Cellar/arm-none-eabi-gcc/10.3-2021.07/gcc/bin/../lib/gcc/arm-none-eabi/10.3.1/../../../../arm-none-eabi/lib/thumb/v7e-m+fp/hard/libc.a(lib_a-exit.o)
                0x000000000000435c                exit
 .text.__libc_init_array
                0x000000000000437c       0x48 /opt/homebrew/Cellar/arm-none-eabi-gcc/10.3-2021.07/gcc/bin/../lib/gcc/arm-none-eabi/10.3.1/../../../../arm-none-eabi/lib/thumb/v7e-m+fp/hard/libc.a(lib_a-init.o)
                0x000000000000437c                __libc_init_array
 .text          0x00000000000043c4      0x134 /opt/homebrew/Cellar/arm-none-eabi-gcc/10.3-2021.07/gcc/bin/../lib/gcc/arm-none-eabi/10.3.1/../../../../arm-none-eabi/lib/thumb/v7e-m+fp/hard/libc.a(lib_a-memcpy.o)
                0x00000000000043c4                memcpy
 .text.memset   0x00000000000044f8       0xa4 /opt/homebrew/Cellar/arm-none-eabi-gcc/10.3-2021.07/gcc/bin/../lib/gcc/arm-none-eabi/10.3.1/../../../../arm-none-eabi/lib/thumb/v7e-m+fp/hard/libc.a(lib_a-memset.o)
                0x00000000000044f8                memset
 .text.printf   0x000000000000459c       0x28 /opt/homebrew/Cellar/arm-none-eabi-gcc/10.3-2021.07/gcc/bin/../lib/gcc/arm-none-eabi/10.3.1/../../../../arm-none-eabi/lib/thumb/v7e-m+fp/hard/libc.a(lib_a-printf.o)
                0x000000000000459c                printf
 .text.setbuf   0x00000000000045c4       0x10 /opt/homebrew/Cellar/arm-none-eabi-gcc/10.3-2021.07/gcc/bin/../lib/gcc/arm-none-eabi/10.3.1/../../../../arm-none-eabi/lib/thumb/v7e-m+fp/hard/libc.a(lib_a-setbuf.o)
                0x00000000000045c4                setbuf
 .text.setvbuf  0x00000000000045d4      0x1b0 /opt/homebrew/Cellar/arm-none-eabi-gcc/10.3-2021.07/gcc/bin/../lib/gcc/arm-none-eabi/10.3.1/../../../../arm-none-eabi/lib/thumb/v7e-m+fp/hard/libc.a(lib_a-setvbuf.o)
                0x00000000000045d4                setvbuf
 *fill*         0x0000000000004784       0x3c 
 .text          0x00000000000047c0       0xdc /opt/homebrew/Cellar/arm-none-eabi-gcc/10.3-2021.07/gcc/bin/../lib/gcc/arm-none-eabi/10.3.1/../../../../arm-none-eabi/lib/thumb/v7e-m+fp/hard/libc.a(lib_a-strlen.o)
                0x00000000000047c0                strlen
 *fill*         0x000000000000489c        0x4 
 .text._vfprintf_r
                0x00000000000048a0     0x1b90 /opt/homebrew/Cellar/arm-none-eabi-gcc/10.3-2021.07/gcc/bin/../lib/gcc/arm-none-eabi/10.3.1/../../../../arm-none-eabi/lib/thumb/v7e-m+fp/hard/libc.a(lib_a-vfprintf.o)
                0x00000000000048a0                _vfprintf_r
 .text.__sbprintf
                0x0000000000006430       0x80 /opt/homebrew/Cellar/arm-none-eabi-gcc/10.3-2021.07/gcc/bin/../lib/gcc/arm-none-eabi/10.3.1/../../../../arm-none-eabi/lib/thumb/v7e-m+fp/hard/libc.a(lib_a-vfprintf.o)
 .text.__swsetup_r
                0x00000000000064b0       0xd4 /opt/homebrew/Cellar/arm-none-eabi-gcc/10.3-2021.07/gcc/bin/../lib/gcc/arm-none-eabi/10.3.1/../../../../arm-none-eabi/lib/thumb/v7e-m+fp/hard/libc.a(lib_a-wsetup.o)
                0x00000000000064b0                __swsetup_r
 .text.startup.register_fini
                0x0000000000006584       0x14 /opt/homebrew/Cellar/arm-none-eabi-gcc/10.3-2021.07/gcc/bin/../lib/gcc/arm-none-eabi/10.3.1/../../../../arm-none-eabi/lib/thumb/v7e-m+fp/hard/libc.a(lib_a-__call_atexit.o)
 .text.__call_exitprocs
                0x0000000000006598       0xcc /opt/homebrew/Cellar/arm-none-eabi-gcc/10.3-2021.07/gcc/bin/../lib/gcc/arm-none-eabi/10.3.1/../../../../arm-none-eabi/lib/thumb/v7e-m+fp/hard/libc.a(lib_a-__call_atexit.o)
                0x0000000000006598                __call_exitprocs
 .text.atexit   0x0000000000006664        0xc /opt/homebrew/Cellar/arm-none-eabi-gcc/10.3-2021.07/gcc/bin/../lib/gcc/arm-none-eabi/10.3.1/../../../../arm-none-eabi/lib/thumb/v7e-m+fp/hard/libc.a(lib_a-atexit.o)
                0x0000000000006664                atexit
 .text.quorem   0x0000000000006670      0x128 /opt/homebrew/Cellar/arm-none-eabi-gcc/10.3-2021.07/gcc/bin/../lib/gcc/arm-none-eabi/10.3.1/../../../../arm-none-eabi/lib/thumb/v7e-m+fp/hard/libc.a(lib_a-dtoa.o)
 .text._dtoa_r  0x0000000000006798      0xf3c /opt/homebrew/Cellar/arm-none-eabi-gcc/10.3-2021.07/gcc/bin/../lib/gcc/arm-none-eabi/10.3.1/../../../../arm-none-eabi/lib/thumb/v7e-m+fp/hard/libc.a(lib_a-dtoa.o)
                0x0000000000006798                _dtoa_r
 .text.__sflush_r
                0x00000000000076d4      0x130 /opt/homebrew/Cellar/arm-none-eabi-gcc/10.3-2021.07/gcc/bin/../lib/gcc/arm-none-eabi/10.3.1/../../../../arm-none-eabi/lib/thumb/v7e-m+fp/hard/libc.a(lib_a-fflush.o)
                0x00000000000076d4                __sflush_r
 .text._fflush_r
                0x0000000000007804       0x5c /opt/homebrew/Cellar/arm-none-eabi-gcc/10.3-2021.07/gcc/bin/../lib/gcc/arm-none-eabi/10.3.1/../../../../arm-none-eabi/lib/thumb/v7e-m+fp/hard/libc.a(lib_a-fflush.o)
                0x0000000000007804                _fflush_r
 .text._cleanup_r
                0x0000000000007860        0xc /opt/homebrew/Cellar/arm-none-eabi-gcc/10.3-2021.07/gcc/bin/../lib/gcc/arm-none-eabi/10.3.1/../../../../arm-none-eabi/lib/thumb/v7e-m+fp/hard/libc.a(lib_a-findfp.o)
                0x0000000000007860                _cleanup_r
 .text.__sinit  0x000000000000786c      0x10c /opt/homebrew/Cellar/arm-none-eabi-gcc/10.3-2021.07/gcc/bin/../lib/gcc/arm-none-eabi/10.3.1/../../../../arm-none-eabi/lib/thumb/v7e-m+fp/hard/libc.a(lib_a-findfp.o)
                0x000000000000786c                __sinit
 .text.__sfp_lock_acquire
                0x0000000000007978        0xc /opt/homebrew/Cellar/arm-none-eabi-gcc/10.3-2021.07/gcc/bin/../lib/gcc/arm-none-eabi/10.3.1/../../../../arm-none-eabi/lib/thumb/v7e-m+fp/hard/libc.a(lib_a-findfp.o)
                0x0000000000007978                __sfp_lock_acquire
 .text.__sfp_lock_release
                0x0000000000007984        0xc /opt/homebrew/Cellar/arm-none-eabi-gcc/10.3-2021.07/gcc/bin/../lib/gcc/arm-none-eabi/10.3.1/../../../../arm-none-eabi/lib/thumb/v7e-m+fp/hard/libc.a(lib_a-findfp.o)
                0x0000000000007984                __sfp_lock_release
 .text.__libc_fini_array
                0x0000000000007990       0x2c /opt/homebrew/Cellar/arm-none-eabi-gcc/10.3-2021.07/gcc/bin/../lib/gcc/arm-none-eabi/10.3.1/../../../../arm-none-eabi/lib/thumb/v7e-m+fp/hard/libc.a(lib_a-fini.o)
                0x0000000000007990                __libc_fini_array
 .text._malloc_trim_r
                0x00000000000079bc       0xa0 /opt/homebrew/Cellar/arm-none-eabi-gcc/10.3-2021.07/gcc/bin/../lib/gcc/arm-none-eabi/10.3.1/../../../../arm-none-eabi/lib/thumb/v7e-m+fp/hard/libc.a(lib_a-freer.o)
                0x00000000000079bc                _malloc_trim_r
 .text._free_r  0x0000000000007a5c      0x20c /opt/homebrew/Cellar/arm-none-eabi-gcc/10.3-2021.07/gcc/bin/../lib/gcc/arm-none-eabi/10.3.1/../../../../arm-none-eabi/lib/thumb/v7e-m+fp/hard/libc.a(lib_a-freer.o)
                0x0000000000007a5c                _free_r
 .text._fwalk_reent
                0x0000000000007c68       0x48 /opt/homebrew/Cellar/arm-none-eabi-gcc/10.3-2021.07/gcc/bin/../lib/gcc/arm-none-eabi/10.3.1/../../../../arm-none-eabi/lib/thumb/v7e-m+fp/hard/libc.a(lib_a-fwalk.o)
                0x0000000000007c68                _fwalk_reent
 .text._localeconv_r
                0x0000000000007cb0        0x8 /opt/homebrew/Cellar/arm-none-eabi-gcc/10.3-2021.07/gcc/bin/../lib/gcc/arm-none-eabi/10.3.1/../../../../arm-none-eabi/lib/thumb/v7e-m+fp/hard/libc.a(lib_a-localeconv.o)
                0x0000000000007cb0                _localeconv_r
 .text.__retarget_lock_init_recursive
                0x0000000000007cb8        0x4 /opt/homebrew/Cellar/arm-none-eabi-gcc/10.3-2021.07/gcc/bin/../lib/gcc/arm-none-eabi/10.3.1/../../../../arm-none-eabi/lib/thumb/v7e-m+fp/hard/libc.a(lib_a-lock.o)
                0x0000000000007cb8                __retarget_lock_init_recursive
 .text.__retarget_lock_close_recursive
                0x0000000000007cbc        0x4 /opt/homebrew/Cellar/arm-none-eabi-gcc/10.3-2021.07/gcc/bin/../lib/gcc/arm-none-eabi/10.3.1/../../../../arm-none-eabi/lib/thumb/v7e-m+fp/hard/libc.a(lib_a-lock.o)
                0x0000000000007cbc                __retarget_lock_close_recursive
 .text.__retarget_lock_acquire_recursive
                0x0000000000007cc0        0x4 /opt/homebrew/Cellar/arm-none-eabi-gcc/10.3-2021.07/gcc/bin/../lib/gcc/arm-none-eabi/10.3.1/../../../../arm-none-eabi/lib/thumb/v7e-m+fp/hard/libc.a(lib_a-lock.o)
                0x0000000000007cc0                __retarget_lock_acquire_recursive
 .text.__retarget_lock_release_recursive
                0x0000000000007cc4        0x4 /opt/homebrew/Cellar/arm-none-eabi-gcc/10.3-2021.07/gcc/bin/../lib/gcc/arm-none-eabi/10.3.1/../../../../arm-none-eabi/lib/thumb/v7e-m+fp/hard/libc.a(lib_a-lock.o)
                0x0000000000007cc4                __retarget_lock_release_recursive
 .text.__smakebuf_r
                0x0000000000007cc8       0xe0 /opt/homebrew/Cellar/arm-none-eabi-gcc/10.3-2021.07/gcc/bin/../lib/gcc/arm-none-eabi/10.3.1/../../../../arm-none-eabi/lib/thumb/v7e-m+fp/hard/libc.a(lib_a-makebuf.o)
                0x0000000000007cc8                __smakebuf_r
 .text.__swhatbuf_r
                0x0000000000007da8       0x60 /opt/homebrew/Cellar/arm-none-eabi-gcc/10.3-2021.07/gcc/bin/../lib/gcc/arm-none-eabi/10.3.1/../../../../arm-none-eabi/lib/thumb/v7e-m+fp/hard/libc.a(lib_a-makebuf.o)
                0x0000000000007da8                __swhatbuf_r
 .text.malloc   0x0000000000007e08       0x10 /opt/homebrew/Cellar/arm-none-eabi-gcc/10.3-2021.07/gcc/bin/../lib/gcc/arm-none-eabi/10.3.1/../../../../arm-none-eabi/lib/thumb/v7e-m+fp/hard/libc.a(lib_a-malloc.o)
                0x0000000000007e08                malloc
 .text._malloc_r
                0x0000000000007e18      0x560 /opt/homebrew/Cellar/arm-none-eabi-gcc/10.3-2021.07/gcc/bin/../lib/gcc/arm-none-eabi/10.3.1/../../../../arm-none-eabi/lib/thumb/v7e-m+fp/hard/libc.a(lib_a-mallocr.o)
                0x0000000000007e18                _malloc_r
 *fill*         0x0000000000008378        0x8 
 .text          0x0000000000008380       0xa0 /opt/homebrew/Cellar/arm-none-eabi-gcc/10.3-2021.07/gcc/bin/../lib/gcc/arm-none-eabi/10.3.1/../../../../arm-none-eabi/lib/thumb/v7e-m+fp/hard/libc.a(lib_a-memchr.o)
                0x0000000000008380                memchr
 .text.__malloc_lock
                0x0000000000008420        0xc /opt/homebrew/Cellar/arm-none-eabi-gcc/10.3-2021.07/gcc/bin/../lib/gcc/arm-none-eabi/10.3.1/../../../../arm-none-eabi/lib/thumb/v7e-m+fp/hard/libc.a(lib_a-mlock.o)
                0x0000000000008420                __malloc_lock
 .text.__malloc_unlock
                0x000000000000842c        0xc /opt/homebrew/Cellar/arm-none-eabi-gcc/10.3-2021.07/gcc/bin/../lib/gcc/arm-none-eabi/10.3.1/../../../../arm-none-eabi/lib/thumb/v7e-m+fp/hard/libc.a(lib_a-mlock.o)
                0x000000000000842c                __malloc_unlock
 .text._Balloc  0x0000000000008438       0x4c /opt/homebrew/Cellar/arm-none-eabi-gcc/10.3-2021.07/gcc/bin/../lib/gcc/arm-none-eabi/10.3.1/../../../../arm-none-eabi/lib/thumb/v7e-m+fp/hard/libc.a(lib_a-mprec.o)
                0x0000000000008438                _Balloc
 .text._Bfree   0x0000000000008484       0x14 /opt/homebrew/Cellar/arm-none-eabi-gcc/10.3-2021.07/gcc/bin/../lib/gcc/arm-none-eabi/10.3.1/../../../../arm-none-eabi/lib/thumb/v7e-m+fp/hard/libc.a(lib_a-mprec.o)
                0x0000000000008484                _Bfree
 .text.__multadd
                0x0000000000008498       0xa8 /opt/homebrew/Cellar/arm-none-eabi-gcc/10.3-2021.07/gcc/bin/../lib/gcc/arm-none-eabi/10.3.1/../../../../arm-none-eabi/lib/thumb/v7e-m+fp/hard/libc.a(lib_a-mprec.o)
                0x0000000000008498                __multadd
 .text.__hi0bits
                0x0000000000008540       0x40 /opt/homebrew/Cellar/arm-none-eabi-gcc/10.3-2021.07/gcc/bin/../lib/gcc/arm-none-eabi/10.3.1/../../../../arm-none-eabi/lib/thumb/v7e-m+fp/hard/libc.a(lib_a-mprec.o)
                0x0000000000008540                __hi0bits
 .text.__lo0bits
                0x0000000000008580       0x60 /opt/homebrew/Cellar/arm-none-eabi-gcc/10.3-2021.07/gcc/bin/../lib/gcc/arm-none-eabi/10.3.1/../../../../arm-none-eabi/lib/thumb/v7e-m+fp/hard/libc.a(lib_a-mprec.o)
                0x0000000000008580                __lo0bits
 .text.__i2b    0x00000000000085e0       0x5c /opt/homebrew/Cellar/arm-none-eabi-gcc/10.3-2021.07/gcc/bin/../lib/gcc/arm-none-eabi/10.3.1/../../../../arm-none-eabi/lib/thumb/v7e-m+fp/hard/libc.a(lib_a-mprec.o)
                0x00000000000085e0                __i2b
 .text.__multiply
                0x000000000000863c      0x15c /opt/homebrew/Cellar/arm-none-eabi-gcc/10.3-2021.07/gcc/bin/../lib/gcc/arm-none-eabi/10.3.1/../../../../arm-none-eabi/lib/thumb/v7e-m+fp/hard/libc.a(lib_a-mprec.o)
                0x000000000000863c                __multiply
 .text.__pow5mult
                0x0000000000008798       0xc0 /opt/homebrew/Cellar/arm-none-eabi-gcc/10.3-2021.07/gcc/bin/../lib/gcc/arm-none-eabi/10.3.1/../../../../arm-none-eabi/lib/thumb/v7e-m+fp/hard/libc.a(lib_a-mprec.o)
                0x0000000000008798                __pow5mult
 .text.__lshift
                0x0000000000008858       0xf0 /opt/homebrew/Cellar/arm-none-eabi-gcc/10.3-2021.07/gcc/bin/../lib/gcc/arm-none-eabi/10.3.1/../../../../arm-none-eabi/lib/thumb/v7e-m+fp/hard/libc.a(lib_a-mprec.o)
                0x0000000000008858                __lshift
 .text.__mcmp   0x0000000000008948       0x44 /opt/homebrew/Cellar/arm-none-eabi-gcc/10.3-2021.07/gcc/bin/../lib/gcc/arm-none-eabi/10.3.1/../../../../arm-none-eabi/lib/thumb/v7e-m+fp/hard/libc.a(lib_a-mprec.o)
                0x0000000000008948                __mcmp
 .text.__mdiff  0x000000000000898c      0x14c /opt/homebrew/Cellar/arm-none-eabi-gcc/10.3-2021.07/gcc/bin/../lib/gcc/arm-none-eabi/10.3.1/../../../../arm-none-eabi/lib/thumb/v7e-m+fp/hard/libc.a(lib_a-mprec.o)
                0x000000000000898c                __mdiff
 .text.__d2b    0x0000000000008ad8       0xd0 /opt/homebrew/Cellar/arm-none-eabi-gcc/10.3-2021.07/gcc/bin/../lib/gcc/arm-none-eabi/10.3.1/../../../../arm-none-eabi/lib/thumb/v7e-m+fp/hard/libc.a(lib_a-mprec.o)
                0x0000000000008ad8                __d2b
 .text.frexp    0x0000000000008ba8       0x6c /opt/homebrew/Cellar/arm-none-eabi-gcc/10.3-2021.07/gcc/bin/../lib/gcc/arm-none-eabi/10.3.1/../../../../arm-none-eabi/lib/thumb/v7e-m+fp/hard/libc.a(lib_a-s_frexp.o)
                0x0000000000008ba8                frexp
 .text._sbrk_r  0x0000000000008c14       0x24 /opt/homebrew/Cellar/arm-none-eabi-gcc/10.3-2021.07/gcc/bin/../lib/gcc/arm-none-eabi/10.3.1/../../../../arm-none-eabi/lib/thumb/v7e-m+fp/hard/libc.a(lib_a-sbrkr.o)
                0x0000000000008c14                _sbrk_r
 .text.__sread  0x0000000000008c38       0x24 /opt/homebrew/Cellar/arm-none-eabi-gcc/10.3-2021.07/gcc/bin/../lib/gcc/arm-none-eabi/10.3.1/../../../../arm-none-eabi/lib/thumb/v7e-m+fp/hard/libc.a(lib_a-stdio.o)
                0x0000000000008c38                __sread
 .text.__swrite
                0x0000000000008c5c       0x40 /opt/homebrew/Cellar/arm-none-eabi-gcc/10.3-2021.07/gcc/bin/../lib/gcc/arm-none-eabi/10.3.1/../../../../arm-none-eabi/lib/thumb/v7e-m+fp/hard/libc.a(lib_a-stdio.o)
                0x0000000000008c5c                __swrite
 .text.__sseek  0x0000000000008c9c       0x20 /opt/homebrew/Cellar/arm-none-eabi-gcc/10.3-2021.07/gcc/bin/../lib/gcc/arm-none-eabi/10.3.1/../../../../arm-none-eabi/lib/thumb/v7e-m+fp/hard/libc.a(lib_a-stdio.o)
                0x0000000000008c9c                __sseek
 .text.__sclose
                0x0000000000008cbc        0x8 /opt/homebrew/Cellar/arm-none-eabi-gcc/10.3-2021.07/gcc/bin/../lib/gcc/arm-none-eabi/10.3.1/../../../../arm-none-eabi/lib/thumb/v7e-m+fp/hard/libc.a(lib_a-stdio.o)
                0x0000000000008cbc                __sclose
 .text.strncpy  0x0000000000008cc4       0x64 /opt/homebrew/Cellar/arm-none-eabi-gcc/10.3-2021.07/gcc/bin/../lib/gcc/arm-none-eabi/10.3.1/../../../../arm-none-eabi/lib/thumb/v7e-m+fp/hard/libc.a(lib_a-strncpy.o)
                0x0000000000008cc4                strncpy
 .text.__sprint_r.part.0
                0x0000000000008d28       0x78 /opt/homebrew/Cellar/arm-none-eabi-gcc/10.3-2021.07/gcc/bin/../lib/gcc/arm-none-eabi/10.3.1/../../../../arm-none-eabi/lib/thumb/v7e-m+fp/hard/libc.a(lib_a-vfiprintf.o)
 .text.__sprint_r
                0x0000000000008da0       0x18 /opt/homebrew/Cellar/arm-none-eabi-gcc/10.3-2021.07/gcc/bin/../lib/gcc/arm-none-eabi/10.3.1/../../../../arm-none-eabi/lib/thumb/v7e-m+fp/hard/libc.a(lib_a-vfiprintf.o)
                0x0000000000008da0                __sprint_r
 .text._vfiprintf_r
                0x0000000000008db8      0xdfc /opt/homebrew/Cellar/arm-none-eabi-gcc/10.3-2021.07/gcc/bin/../lib/gcc/arm-none-eabi/10.3.1/../../../../arm-none-eabi/lib/thumb/v7e-m+fp/hard/libc.a(lib_a-vfiprintf.o)
                0x0000000000008db8                _vfiprintf_r
 .text.__sbprintf
                0x0000000000009bb4       0x80 /opt/homebrew/Cellar/arm-none-eabi-gcc/10.3-2021.07/gcc/bin/../lib/gcc/arm-none-eabi/10.3.1/../../../../arm-none-eabi/lib/thumb/v7e-m+fp/hard/libc.a(lib_a-vfiprintf.o)
 .text._write_r
                0x0000000000009c34       0x2c /opt/homebrew/Cellar/arm-none-eabi-gcc/10.3-2021.07/gcc/bin/../lib/gcc/arm-none-eabi/10.3.1/../../../../arm-none-eabi/lib/thumb/v7e-m+fp/hard/libc.a(lib_a-writer.o)
                0x0000000000009c34                _write_r
 .text.__register_exitproc
                0x0000000000009c60       0x8c /opt/homebrew/Cellar/arm-none-eabi-gcc/10.3-2021.07/gcc/bin/../lib/gcc/arm-none-eabi/10.3.1/../../../../arm-none-eabi/lib/thumb/v7e-m+fp/hard/libc.a(lib_a-__atexit.o)
                0x0000000000009c60                __register_exitproc
 .text.__assert_func
                0x0000000000009cec       0x40 /opt/homebrew/Cellar/arm-none-eabi-gcc/10.3-2021.07/gcc/bin/../lib/gcc/arm-none-eabi/10.3.1/../../../../arm-none-eabi/lib/thumb/v7e-m+fp/hard/libc.a(lib_a-assert.o)
                0x0000000000009cec                __assert_func
 .text._calloc_r
                0x0000000000009d2c       0x78 /opt/homebrew/Cellar/arm-none-eabi-gcc/10.3-2021.07/gcc/bin/../lib/gcc/arm-none-eabi/10.3.1/../../../../arm-none-eabi/lib/thumb/v7e-m+fp/hard/libc.a(lib_a-callocr.o)
                0x0000000000009d2c                _calloc_r
 .text._close_r
                0x0000000000009da4       0x24 /opt/homebrew/Cellar/arm-none-eabi-gcc/10.3-2021.07/gcc/bin/../lib/gcc/arm-none-eabi/10.3.1/../../../../arm-none-eabi/lib/thumb/v7e-m+fp/hard/libc.a(lib_a-closer.o)
                0x0000000000009da4                _close_r
 .text.__errno  0x0000000000009dc8        0xc /opt/homebrew/Cellar/arm-none-eabi-gcc/10.3-2021.07/gcc/bin/../lib/gcc/arm-none-eabi/10.3.1/../../../../arm-none-eabi/lib/thumb/v7e-m+fp/hard/libc.a(lib_a-errno.o)
                0x0000000000009dc8                __errno
 .text._fclose_r
                0x0000000000009dd4       0xcc /opt/homebrew/Cellar/arm-none-eabi-gcc/10.3-2021.07/gcc/bin/../lib/gcc/arm-none-eabi/10.3.1/../../../../arm-none-eabi/lib/thumb/v7e-m+fp/hard/libc.a(lib_a-fclose.o)
                0x0000000000009dd4                _fclose_r
 .text.fiprintf
                0x0000000000009ea0       0x28 /opt/homebrew/Cellar/arm-none-eabi-gcc/10.3-2021.07/gcc/bin/../lib/gcc/arm-none-eabi/10.3.1/../../../../arm-none-eabi/lib/thumb/v7e-m+fp/hard/libc.a(lib_a-fiprintf.o)
                0x0000000000009ea0                fiprintf
 .text.__fputwc
                0x0000000000009ec8       0xa8 /opt/homebrew/Cellar/arm-none-eabi-gcc/10.3-2021.07/gcc/bin/../lib/gcc/arm-none-eabi/10.3.1/../../../../arm-none-eabi/lib/thumb/v7e-m+fp/hard/libc.a(lib_a-fputwc.o)
                0x0000000000009ec8                __fputwc
 .text._fputwc_r
                0x0000000000009f70       0x68 /opt/homebrew/Cellar/arm-none-eabi-gcc/10.3-2021.07/gcc/bin/../lib/gcc/arm-none-eabi/10.3.1/../../../../arm-none-eabi/lib/thumb/v7e-m+fp/hard/libc.a(lib_a-fputwc.o)
                0x0000000000009f70                _fputwc_r
 .text._fstat_r
                0x0000000000009fd8       0x2c /opt/homebrew/Cellar/arm-none-eabi-gcc/10.3-2021.07/gcc/bin/../lib/gcc/arm-none-eabi/10.3.1/../../../../arm-none-eabi/lib/thumb/v7e-m+fp/hard/libc.a(lib_a-fstatr.o)
                0x0000000000009fd8                _fstat_r
 .text.__sfvwrite_r
                0x000000000000a004      0x2f0 /opt/homebrew/Cellar/arm-none-eabi-gcc/10.3-2021.07/gcc/bin/../lib/gcc/arm-none-eabi/10.3.1/../../../../arm-none-eabi/lib/thumb/v7e-m+fp/hard/libc.a(lib_a-fvwrite.o)
                0x000000000000a004                __sfvwrite_r
 .text._isatty_r
                0x000000000000a2f4       0x24 /opt/homebrew/Cellar/arm-none-eabi-gcc/10.3-2021.07/gcc/bin/../lib/gcc/arm-none-eabi/10.3.1/../../../../arm-none-eabi/lib/thumb/v7e-m+fp/hard/libc.a(lib_a-isattyr.o)
                0x000000000000a2f4                _isatty_r
 .text.__locale_mb_cur_max
                0x000000000000a318        0xc /opt/homebrew/Cellar/arm-none-eabi-gcc/10.3-2021.07/gcc/bin/../lib/gcc/arm-none-eabi/10.3.1/../../../../arm-none-eabi/lib/thumb/v7e-m+fp/hard/libc.a(lib_a-locale.o)
                0x000000000000a318                __locale_mb_cur_max
 .text._lseek_r
                0x000000000000a324       0x2c /opt/homebrew/Cellar/arm-none-eabi-gcc/10.3-2021.07/gcc/bin/../lib/gcc/arm-none-eabi/10.3.1/../../../../arm-none-eabi/lib/thumb/v7e-m+fp/hard/libc.a(lib_a-lseekr.o)
                0x000000000000a324                _lseek_r
 .text.__ascii_mbtowc
                0x000000000000a350       0x2c /opt/homebrew/Cellar/arm-none-eabi-gcc/10.3-2021.07/gcc/bin/../lib/gcc/arm-none-eabi/10.3.1/../../../../arm-none-eabi/lib/thumb/v7e-m+fp/hard/libc.a(lib_a-mbtowc_r.o)
                0x000000000000a350                __ascii_mbtowc
 .text.memmove  0x000000000000a37c       0xf8 /opt/homebrew/Cellar/arm-none-eabi-gcc/10.3-2021.07/gcc/bin/../lib/gcc/arm-none-eabi/10.3.1/../../../../arm-none-eabi/lib/thumb/v7e-m+fp/hard/libc.a(lib_a-memmove.o)
                0x000000000000a37c                memmove
 .text._read_r  0x000000000000a474       0x2c /opt/homebrew/Cellar/arm-none-eabi-gcc/10.3-2021.07/gcc/bin/../lib/gcc/arm-none-eabi/10.3.1/../../../../arm-none-eabi/lib/thumb/v7e-m+fp/hard/libc.a(lib_a-readr.o)
                0x000000000000a474                _read_r
 .text._realloc_r
                0x000000000000a4a0      0x3d8 /opt/homebrew/Cellar/arm-none-eabi-gcc/10.3-2021.07/gcc/bin/../lib/gcc/arm-none-eabi/10.3.1/../../../../arm-none-eabi/lib/thumb/v7e-m+fp/hard/libc.a(lib_a-reallocr.o)
                0x000000000000a4a0                _realloc_r
 .text.__swbuf_r
                0x000000000000a878       0xb0 /opt/homebrew/Cellar/arm-none-eabi-gcc/10.3-2021.07/gcc/bin/../lib/gcc/arm-none-eabi/10.3.1/../../../../arm-none-eabi/lib/thumb/v7e-m+fp/hard/libc.a(lib_a-wbuf.o)
                0x000000000000a878                __swbuf_r
 .text._wcrtomb_r
                0x000000000000a928       0x3c /opt/homebrew/Cellar/arm-none-eabi-gcc/10.3-2021.07/gcc/bin/../lib/gcc/arm-none-eabi/10.3.1/../../../../arm-none-eabi/lib/thumb/v7e-m+fp/hard/libc.a(lib_a-wcrtomb.o)
                0x000000000000a928                _wcrtomb_r
 .text.__ascii_wctomb
                0x000000000000a964       0x1c /opt/homebrew/Cellar/arm-none-eabi-gcc/10.3-2021.07/gcc/bin/../lib/gcc/arm-none-eabi/10.3.1/../../../../arm-none-eabi/lib/thumb/v7e-m+fp/hard/libc.a(lib_a-wctomb_r.o)
                0x000000000000a964                __ascii_wctomb
 .text.abort    0x000000000000a980       0x10 /opt/homebrew/Cellar/arm-none-eabi-gcc/10.3-2021.07/gcc/bin/../lib/gcc/arm-none-eabi/10.3.1/../../../../arm-none-eabi/lib/thumb/v7e-m+fp/hard/libc.a(lib_a-abort.o)
                0x000000000000a980                abort
 .text.raise    0x000000000000a990       0x5c /opt/homebrew/Cellar/arm-none-eabi-gcc/10.3-2021.07/gcc/bin/../lib/gcc/arm-none-eabi/10.3.1/../../../../arm-none-eabi/lib/thumb/v7e-m+fp/hard/libc.a(lib_a-signal.o)
                0x000000000000a990                raise
 .text._kill_r  0x000000000000a9ec       0x2c /opt/homebrew/Cellar/arm-none-eabi-gcc/10.3-2021.07/gcc/bin/../lib/gcc/arm-none-eabi/10.3.1/../../../../arm-none-eabi/lib/thumb/v7e-m+fp/hard/libc.a(lib_a-signalr.o)
                0x000000000000a9ec                _kill_r
 .text._getpid_r
                0x000000000000aa18        0x4 /opt/homebrew/Cellar/arm-none-eabi-gcc/10.3-2021.07/gcc/bin/../lib/gcc/arm-none-eabi/10.3.1/../../../../arm-none-eabi/lib/thumb/v7e-m+fp/hard/libc.a(lib_a-signalr.o)
                0x000000000000aa18                _getpid_r
 .text._close   0x000000000000aa1c       0x10 /opt/homebrew/Cellar/arm-none-eabi-gcc/10.3-2021.07/gcc/bin/../lib/gcc/arm-none-eabi/10.3.1/../../../../arm-none-eabi/lib/thumb/v7e-m+fp/hard/libnosys.a(close.o)
                0x000000000000aa1c                _close
 .text._fstat   0x000000000000aa2c       0x10 /opt/homebrew/Cellar/arm-none-eabi-gcc/10.3-2021.07/gcc/bin/../lib/gcc/arm-none-eabi/10.3.1/../../../../arm-none-eabi/lib/thumb/v7e-m+fp/hard/libnosys.a(fstat.o)
                0x000000000000aa2c                _fstat
 .text._getpid  0x000000000000aa3c       0x10 /opt/homebrew/Cellar/arm-none-eabi-gcc/10.3-2021.07/gcc/bin/../lib/gcc/arm-none-eabi/10.3.1/../../../../arm-none-eabi/lib/thumb/v7e-m+fp/hard/libnosys.a(getpid.o)
                0x000000000000aa3c                _getpid
 .text._isatty  0x000000000000aa4c       0x10 /opt/homebrew/Cellar/arm-none-eabi-gcc/10.3-2021.07/gcc/bin/../lib/gcc/arm-none-eabi/10.3.1/../../../../arm-none-eabi/lib/thumb/v7e-m+fp/hard/libnosys.a(isatty.o)
                0x000000000000aa4c                _isatty
 .text._kill    0x000000000000aa5c       0x10 /opt/homebrew/Cellar/arm-none-eabi-gcc/10.3-2021.07/gcc/bin/../lib/gcc/arm-none-eabi/10.3.1/../../../../arm-none-eabi/lib/thumb/v7e-m+fp/hard/libnosys.a(kill.o)
                0x000000000000aa5c                _kill
 .text._lseek   0x000000000000aa6c       0x10 /opt/homebrew/Cellar/arm-none-eabi-gcc/10.3-2021.07/gcc/bin/../lib/gcc/arm-none-eabi/10.3.1/../../../../arm-none-eabi/lib/thumb/v7e-m+fp/hard/libnosys.a(lseek.o)
                0x000000000000aa6c                _lseek
 .text._sbrk    0x000000000000aa7c       0x1c /opt/homebrew/Cellar/arm-none-eabi-gcc/10.3-2021.07/gcc/bin/../lib/gcc/arm-none-eabi/10.3.1/../../../../arm-none-eabi/lib/thumb/v7e-m+fp/hard/libnosys.a(sbrk.o)
                0x000000000000aa7c                _sbrk
 .text._exit    0x000000000000aa98        0x4 /opt/homebrew/Cellar/arm-none-eabi-gcc/10.3-2021.07/gcc/bin/../lib/gcc/arm-none-eabi/10.3.1/../../../../arm-none-eabi/lib/thumb/v7e-m+fp/hard/libnosys.a(_exit.o)
                0x000000000000aa98                _exit
 *fill*         0x000000000000aa9c        0x4 
 .text.sin      0x000000000000aaa0       0x90 /opt/homebrew/Cellar/arm-none-eabi-gcc/10.3-2021.07/gcc/bin/../lib/gcc/arm-none-eabi/10.3.1/../../../../arm-none-eabi/lib/thumb/v7e-m+fp/hard/libm.a(lib_a-s_sin.o)
                0x000000000000aaa0                sin
 .text.sinf     0x000000000000ab30       0x74 /opt/homebrew/Cellar/arm-none-eabi-gcc/10.3-2021.07/gcc/bin/../lib/gcc/arm-none-eabi/10.3.1/../../../../arm-none-eabi/lib/thumb/v7e-m+fp/hard/libm.a(lib_a-sf_sin.o)
                0x000000000000ab30                sinf
 .text.sqrt     0x000000000000aba4       0x68 /opt/homebrew/Cellar/arm-none-eabi-gcc/10.3-2021.07/gcc/bin/../lib/gcc/arm-none-eabi/10.3.1/../../../../arm-none-eabi/lib/thumb/v7e-m+fp/hard/libm.a(lib_a-w_sqrt.o)
                0x000000000000aba4                sqrt
 *fill*         0x000000000000ac0c        0x4 
 .text.__ieee754_rem_pio2
                0x000000000000ac10      0x44c /opt/homebrew/Cellar/arm-none-eabi-gcc/10.3-2021.07/gcc/bin/../lib/gcc/arm-none-eabi/10.3.1/../../../../arm-none-eabi/lib/thumb/v7e-m+fp/hard/libm.a(lib_a-e_rem_pio2.o)
                0x000000000000ac10                __ieee754_rem_pio2
 .text.__ieee754_sqrt
                0x000000000000b05c      0x198 /opt/homebrew/Cellar/arm-none-eabi-gcc/10.3-2021.07/gcc/bin/../lib/gcc/arm-none-eabi/10.3.1/../../../../arm-none-eabi/lib/thumb/v7e-m+fp/hard/libm.a(lib_a-e_sqrt.o)
                0x000000000000b05c                __ieee754_sqrt
 .text.__ieee754_rem_pio2f
                0x000000000000b1f4      0x264 /opt/homebrew/Cellar/arm-none-eabi-gcc/10.3-2021.07/gcc/bin/../lib/gcc/arm-none-eabi/10.3.1/../../../../arm-none-eabi/lib/thumb/v7e-m+fp/hard/libm.a(lib_a-ef_rem_pio2.o)
                0x000000000000b1f4                __ieee754_rem_pio2f
 .text.__kernel_cos
                0x000000000000b458      0x27c /opt/homebrew/Cellar/arm-none-eabi-gcc/10.3-2021.07/gcc/bin/../lib/gcc/arm-none-eabi/10.3.1/../../../../arm-none-eabi/lib/thumb/v7e-m+fp/hard/libm.a(lib_a-k_cos.o)
                0x000000000000b458                __kernel_cos
 *fill*         0x000000000000b6d4        0x4 
 .text.__kernel_rem_pio2
                0x000000000000b6d8      0x850 /opt/homebrew/Cellar/arm-none-eabi-gcc/10.3-2021.07/gcc/bin/../lib/gcc/arm-none-eabi/10.3.1/../../../../arm-none-eabi/lib/thumb/v7e-m+fp/hard/libm.a(lib_a-k_rem_pio2.o)
                0x000000000000b6d8                __kernel_rem_pio2
 .text.__kernel_sin
                0x000000000000bf28      0x17c /opt/homebrew/Cellar/arm-none-eabi-gcc/10.3-2021.07/gcc/bin/../lib/gcc/arm-none-eabi/10.3.1/../../../../arm-none-eabi/lib/thumb/v7e-m+fp/hard/libm.a(lib_a-k_sin.o)
                0x000000000000bf28                __kernel_sin
 .text.__kernel_cosf
                0x000000000000c0a4      0x104 /opt/homebrew/Cellar/arm-none-eabi-gcc/10.3-2021.07/gcc/bin/../lib/gcc/arm-none-eabi/10.3.1/../../../../arm-none-eabi/lib/thumb/v7e-m+fp/hard/libm.a(lib_a-kf_cos.o)
                0x000000000000c0a4                __kernel_cosf
 .text.__kernel_rem_pio2f
                0x000000000000c1a8      0x674 /opt/homebrew/Cellar/arm-none-eabi-gcc/10.3-2021.07/gcc/bin/../lib/gcc/arm-none-eabi/10.3.1/../../../../arm-none-eabi/lib/thumb/v7e-m+fp/hard/libm.a(lib_a-kf_rem_pio2.o)
                0x000000000000c1a8                __kernel_rem_pio2f
 .text.__kernel_sinf
                0x000000000000c81c       0x90 /opt/homebrew/Cellar/arm-none-eabi-gcc/10.3-2021.07/gcc/bin/../lib/gcc/arm-none-eabi/10.3.1/../../../../arm-none-eabi/lib/thumb/v7e-m+fp/hard/libm.a(lib_a-kf_sin.o)
                0x000000000000c81c                __kernel_sinf
 .text.fabs     0x000000000000c8ac       0x14 /opt/homebrew/Cellar/arm-none-eabi-gcc/10.3-2021.07/gcc/bin/../lib/gcc/arm-none-eabi/10.3.1/../../../../arm-none-eabi/lib/thumb/v7e-m+fp/hard/libm.a(lib_a-s_fabs.o)
                0x000000000000c8ac                fabs
 .text.floor    0x000000000000c8c0      0x108 /opt/homebrew/Cellar/arm-none-eabi-gcc/10.3-2021.07/gcc/bin/../lib/gcc/arm-none-eabi/10.3.1/../../../../arm-none-eabi/lib/thumb/v7e-m+fp/hard/libm.a(lib_a-s_floor.o)
                0x000000000000c8c0                floor
 .text.scalbn   0x000000000000c9c8      0x124 /opt/homebrew/Cellar/arm-none-eabi-gcc/10.3-2021.07/gcc/bin/../lib/gcc/arm-none-eabi/10.3.1/../../../../arm-none-eabi/lib/thumb/v7e-m+fp/hard/libm.a(lib_a-s_scalbn.o)
                0x000000000000c9c8                scalbn
 .text.fabsf    0x000000000000caec       0x10 /opt/homebrew/Cellar/arm-none-eabi-gcc/10.3-2021.07/gcc/bin/../lib/gcc/arm-none-eabi/10.3.1/../../../../arm-none-eabi/lib/thumb/v7e-m+fp/hard/libm.a(lib_a-sf_fabs.o)
                0x000000000000caec                fabsf
 .text.floorf   0x000000000000cafc       0x8c /opt/homebrew/Cellar/arm-none-eabi-gcc/10.3-2021.07/gcc/bin/../lib/gcc/arm-none-eabi/10.3.1/../../../../arm-none-eabi/lib/thumb/v7e-m+fp/hard/libm.a(lib_a-sf_floor.o)
                0x000000000000cafc                floorf
 .text.scalbnf  0x000000000000cb88       0xe4 /opt/homebrew/Cellar/arm-none-eabi-gcc/10.3-2021.07/gcc/bin/../lib/gcc/arm-none-eabi/10.3.1/../../../../arm-none-eabi/lib/thumb/v7e-m+fp/hard/libm.a(lib_a-sf_scalbn.o)
                0x000000000000cb88                scalbnf
 .text          0x000000000000cc6c      0x378 /opt/homebrew/Cellar/arm-none-eabi-gcc/10.3-2021.07/gcc/bin/../lib/gcc/arm-none-eabi/10.3.1/thumb/v7e-m+fp/hard/libgcc.a(_arm_addsubdf3.o)
                0x000000000000cc6c                __aeabi_drsub
                0x000000000000cc74                __subdf3
                0x000000000000cc74                __aeabi_dsub
                0x000000000000cc78                __aeabi_dadd
                0x000000000000cc78                __adddf3
                0x000000000000cef0                __aeabi_ui2d
                0x000000000000cef0                __floatunsidf
                0x000000000000cf10                __floatsidf
                0x000000000000cf10                __aeabi_i2d
                0x000000000000cf34                __extendsfdf2
                0x000000000000cf34                __aeabi_f2d
                0x000000000000cf78                __aeabi_ul2d
                0x000000000000cf78                __floatundidf
                0x000000000000cf88                __aeabi_l2d
                0x000000000000cf88                __floatdidf
 .text          0x000000000000cfe4      0x424 /opt/homebrew/Cellar/arm-none-eabi-gcc/10.3-2021.07/gcc/bin/../lib/gcc/arm-none-eabi/10.3.1/thumb/v7e-m+fp/hard/libgcc.a(_arm_muldivdf3.o)
                0x000000000000cfe4                __aeabi_dmul
                0x000000000000cfe4                __muldf3
                0x000000000000d238                __aeabi_ddiv
                0x000000000000d238                __divdf3
 .text          0x000000000000d408      0x110 /opt/homebrew/Cellar/arm-none-eabi-gcc/10.3-2021.07/gcc/bin/../lib/gcc/arm-none-eabi/10.3.1/thumb/v7e-m+fp/hard/libgcc.a(_arm_cmpdf2.o)
                0x000000000000d408                __gedf2
                0x000000000000d408                __gtdf2
                0x000000000000d410                __ledf2
                0x000000000000d410                __ltdf2
                0x000000000000d418                __cmpdf2
                0x000000000000d418                __eqdf2
                0x000000000000d418                __nedf2
                0x000000000000d494                __aeabi_cdrcmple
                0x000000000000d4a4                __aeabi_cdcmple
                0x000000000000d4a4                __aeabi_cdcmpeq
                0x000000000000d4b4                __aeabi_dcmpeq
                0x000000000000d4c8                __aeabi_dcmplt
                0x000000000000d4dc                __aeabi_dcmple
                0x000000000000d4f0                __aeabi_dcmpge
                0x000000000000d504                __aeabi_dcmpgt
 .text          0x000000000000d518       0x2c /opt/homebrew/Cellar/arm-none-eabi-gcc/10.3-2021.07/gcc/bin/../lib/gcc/arm-none-eabi/10.3.1/thumb/v7e-m+fp/hard/libgcc.a(_arm_unorddf2.o)
                0x000000000000d518                __aeabi_dcmpun
                0x000000000000d518                __unorddf2
 .text          0x000000000000d544       0x50 /opt/homebrew/Cellar/arm-none-eabi-gcc/10.3-2021.07/gcc/bin/../lib/gcc/arm-none-eabi/10.3.1/thumb/v7e-m+fp/hard/libgcc.a(_arm_fixdfsi.o)
                0x000000000000d544                __fixdfsi
                0x000000000000d544                __aeabi_d2iz
 .text          0x000000000000d594       0x40 /opt/homebrew/Cellar/arm-none-eabi-gcc/10.3-2021.07/gcc/bin/../lib/gcc/arm-none-eabi/10.3.1/thumb/v7e-m+fp/hard/libgcc.a(_arm_fixunsdfsi.o)
                0x000000000000d594                __fixunsdfsi
                0x000000000000d594                __aeabi_d2uiz
 .text          0x000000000000d5d4       0xa0 /opt/homebrew/Cellar/arm-none-eabi-gcc/10.3-2021.07/gcc/bin/../lib/gcc/arm-none-eabi/10.3.1/thumb/v7e-m+fp/hard/libgcc.a(_arm_truncdfsf2.o)
                0x000000000000d5d4                __aeabi_d2f
                0x000000000000d5d4                __truncdfsf2
 .text          0x000000000000d674       0x30 /opt/homebrew/Cellar/arm-none-eabi-gcc/10.3-2021.07/gcc/bin/../lib/gcc/arm-none-eabi/10.3.1/thumb/v7e-m+fp/hard/libgcc.a(_aeabi_uldivmod.o)
                0x000000000000d674                __aeabi_uldivmod
 .text          0x000000000000d6a4      0x2d0 /opt/homebrew/Cellar/arm-none-eabi-gcc/10.3-2021.07/gcc/bin/../lib/gcc/arm-none-eabi/10.3.1/thumb/v7e-m+fp/hard/libgcc.a(_udivmoddi4.o)
                0x000000000000d6a4                __udivmoddi4
 .text          0x000000000000d974        0x4 /opt/homebrew/Cellar/arm-none-eabi-gcc/10.3-2021.07/gcc/bin/../lib/gcc/arm-none-eabi/10.3.1/thumb/v7e-m+fp/hard/libgcc.a(_dvmd_tls.o)
                0x000000000000d974                __aeabi_ldiv0
                0x000000000000d974                __aeabi_idiv0
 *(.init)
 .init          0x000000000000d978        0x4 /opt/homebrew/Cellar/arm-none-eabi-gcc/10.3-2021.07/gcc/bin/../lib/gcc/arm-none-eabi/10.3.1/thumb/v7e-m+fp/hard/crti.o
                0x000000000000d978                _init
 .init          0x000000000000d97c        0x8 /opt/homebrew/Cellar/arm-none-eabi-gcc/10.3-2021.07/gcc/bin/../lib/gcc/arm-none-eabi/10.3.1/thumb/v7e-m+fp/hard/crtn.o
 *(.fini)
 .fini          0x000000000000d984        0x4 /opt/homebrew/Cellar/arm-none-eabi-gcc/10.3-2021.07/gcc/bin/../lib/gcc/arm-none-eabi/10.3.1/thumb/v7e-m+fp/hard/crti.o
                0x000000000000d984                _fini
 .fini          0x000000000000d988        0x8 /opt/homebrew/Cellar/arm-none-eabi-gcc/10.3-2021.07/gcc/bin/../lib/gcc/arm-none-eabi/10.3.1/thumb/v7e-m+fp/hard/crtn.o
 *crtbegin.o(.ctors)
 *crtbegin?.o(.ctors)
 *(EXCLUDE_FILE(*crtend.o *crtend?.o) .ctors)
 *(SORT_BY_NAME(.ctors.*))
 *(.ctors)
 *crtbegin.o(.dtors)
 *crtbegin?.o(.dtors)
 *(EXCLUDE_FILE(*crtend.o *crtend?.o) .dtors)
 *(SORT_BY_NAME(.dtors.*))
 *(.dtors)
 *(.rodata*)
 .rodata.nrf_gpio_pin_port_decode.str1.1
                0x000000000000d990       0x46 _build/main.o
 .rodata.adc_sample_blocking.str1.1
                0x000000000000d9d6        0x7 _build/main.o
 .rodata.sample_timer_callback.str1.1
                0x000000000000d9dd        0x5 _build/main.o
 .rodata.main.str1.1
                0x000000000000d9e2       0x15 _build/main.o
 *fill*         0x000000000000d9f7        0x1 
 .rodata        0x000000000000d9f8       0x38 _build/main.o
 .rodata.PWM_INST
                0x000000000000da30        0x8 _build/main.o
 *fill*         0x000000000000da38        0x8 
 .rodata.delay_machine_code.0
                0x000000000000da40        0x6 _build/main.o
 *fill*         0x000000000000da46        0x2 
 .rodata.effects_timer
                0x000000000000da48        0x4 _build/main.o
 .rodata.sample_timer
                0x000000000000da4c        0x4 _build/main.o
 .rodata.nrf_gpio_pin_port_decode.str1.1
                0x000000000000da50       0x15 _build/better_error_handling.o
                                         0x43 (size before relaxing)
 .rodata.app_error_fault_handler.str1.1
                0x000000000000da50       0x78 _build/better_error_handling.o
 .rodata.LED_COLS
                0x000000000000dac8        0x5 _build/better_error_handling.o
 .rodata.LED_ROWS
                0x000000000000dacd        0x5 _build/better_error_handling.o
 *fill*         0x000000000000dad2        0xe 
 .rodata.delay_machine_code.0
                0x000000000000dae0        0x6 _build/better_error_handling.o
 .rodata.called_first.str1.1
                0x000000000000dae6       0x66 _build/microbit_before_startup.o
 *fill*         0x000000000000db4c        0x4 
 .rodata.delay_machine_code.0
                0x000000000000db50        0x6 _build/microbit_before_startup.o
 .rodata.uart_init.constprop.0.str1.1
                0x000000000000db56       0x6c _build/microbit_nrf_log_backend_uart.o
 *fill*         0x000000000000dbc2        0x2 
 .rodata        0x000000000000dbc4       0x20 _build/microbit_nrf_log_backend_uart.o
 .rodata.nrf_log_backend_uart_api
                0x000000000000dbe4        0xc _build/microbit_nrf_log_backend_uart.o
                0x000000000000dbe4                nrf_log_backend_uart_api
 .rodata.delay_machine_code.0
                0x000000000000dbf0        0x6 _build/app_timer.o
 .rodata.app_util_critical_region_enter.str1.1
                0x000000000000dbf6       0x55 _build/app_util_platform.o
 .rodata.HardFault_c_handler.str1.1
                0x000000000000dc4b      0x12e _build/hardfault_implementation.o
 .rodata.str1.1
                0x000000000000dd79      0x4c0 _build/hardfault_implementation.o
 *fill*         0x000000000000e239        0x3 
 .rodata.cfsr_msgs.0
                0x000000000000e23c       0x68 _build/hardfault_implementation.o
 .rodata.nrf_balloc_init.str1.1
                0x000000000000e2a4       0x50 _build/nrf_balloc.o
 .rodata.str1.1
                0x000000000000e2f4        0x6 _build/nrf_drv_clock.o
 .rodata.nrf_fprintf_buffer_flush.str1.1
                0x000000000000e2fa       0x46 _build/nrf_fprintf.o
 .rodata.nrf_fprintf_fmt.str1.1
                0x000000000000e340       0x4d _build/nrf_fprintf_format.o
 .rodata._aV2C.0
                0x000000000000e38d       0x10 _build/nrf_fprintf_format.o
 .rodata.nrf_log_default_backends_init.str1.1
                0x000000000000e39d       0x5f _build/nrf_log_default_backends.o
 .rodata.str1.1
                0x000000000000e3fc       0x11 _build/nrf_log_default_backends.o
 .rodata.buf_prealloc.str1.1
                0x000000000000e40d       0x57 _build/nrf_log_frontend.o
 .rodata.nrf_log_frontend_dequeue.str1.1
                0x000000000000e464       0x11 _build/nrf_log_frontend.o
 .rodata.str1.1
                0x000000000000e475        0x4 _build/nrf_log_frontend.o
 *fill*         0x000000000000e479        0x3 
 .rodata.m_log_push_ringbuf
                0x000000000000e47c        0xc _build/nrf_log_frontend.o
 .rodata.prefix_process.str1.1
                0x000000000000e488       0x32 _build/nrf_log_str_formatter.o
 .rodata.postfix_process.str1.1
                0x000000000000e4ba       0x32 _build/nrf_log_str_formatter.o
                                          0x3 (size before relaxing)
 .rodata.nrf_log_hexdump_entry_process.str1.1
                0x000000000000e4ba        0xf _build/nrf_log_str_formatter.o
                                         0x11 (size before relaxing)
 .rodata.str1.1
                0x000000000000e4c9       0x4b _build/nrf_log_str_formatter.o
                                         0x51 (size before relaxing)
 .rodata.m_colors
                0x000000000000e514       0x24 _build/nrf_log_str_formatter.o
 .rodata.severity_names
                0x000000000000e538       0x14 _build/nrf_log_str_formatter.o
 .rodata.memobj_op.str1.1
                0x000000000000e54c       0x50 _build/nrf_memobj.o
 .rodata.str1.1
                0x000000000000e59c        0x9 _build/nrf_pwr_mgmt.o
 .rodata.str1.1
                0x000000000000e5a5      0x391 _build/nrf_strerror.o
 .rodata.m_unknown_str
                0x000000000000e936       0x13 _build/nrf_strerror.o
 *fill*         0x000000000000e949        0x3 
 .rodata.nrf_strerror_array
                0x000000000000e94c      0x118 _build/nrf_strerror.o
 .rodata.str1.1
                0x000000000000ea64        0x6 _build/nrfx_clock.o
 .rodata.nrf_gpio_pin_port_decode.str1.1
                0x000000000000ea6a       0x43 _build/nrfx_gpiote.o
 .rodata.str1.1
                0x000000000000ea6a        0x7 _build/nrfx_gpiote.o
 .rodata.UARTE0_UART0_IRQHandler.str1.1
                0x000000000000ea71       0x4f _build/nrfx_prs.o
 .rodata.str1.1
                0x000000000000eac0        0x4 _build/nrfx_prs.o
 .rodata.nrf_gpio_pin_port_decode.str1.1
                0x000000000000eac4       0x43 _build/nrfx_pwm.o
 .rodata.nrf_pwm_sequence_set.str1.1
                0x000000000000eac4       0x42 _build/nrfx_pwm.o
 .rodata.nrfx_pwm_init.str1.1
                0x000000000000eb06       0x8f _build/nrfx_pwm.o
 .rodata.str1.1
                0x000000000000eb95        0x4 _build/nrfx_pwm.o
 .rodata.nrfx_saadc_init.str1.1
                0x000000000000eb99       0x4d _build/nrfx_saadc.o
                                         0x91 (size before relaxing)
 .rodata.str1.1
                0x000000000000ebe6        0x6 _build/nrfx_saadc.o
 .rodata.nrf_gpio_pin_port_decode.str1.1
                0x000000000000ebec       0x43 _build/nrfx_spim.o
 .rodata.SPIM2_SPIS2_SPI2_IRQHandler.str1.1
                0x000000000000ebec       0x4c _build/nrfx_spim.o
 .rodata.str1.1
                0x000000000000ec38        0x5 _build/nrfx_spim.o
 .rodata.str1.1
                0x000000000000ec3d        0x6 _build/nrfx_timer.o
 .rodata.twim_irq_handler.str1.1
                0x000000000000ec43       0x4c _build/nrfx_twim.o
 .rodata.str1.1
                0x000000000000ec8f        0x5 _build/nrfx_twim.o
 .rodata.nrf_gpio_pin_port_decode.str1.1
                0x000000000000ec94       0x43 _build/nrfx_uart.o
 .rodata.nrfx_uart_init.str1.1
                0x000000000000ec94       0x4c _build/nrfx_uart.o
                                         0x90 (size before relaxing)
 .rodata.str1.1
                0x000000000000ece0        0x5 _build/nrfx_uart.o
 .rodata.nrf_gpio_pin_port_decode.str1.1
                0x000000000000ece5       0x43 _build/nrfx_uarte.o
 .rodata.nrfx_uarte_init.str1.1
                0x000000000000ece5       0x4d _build/nrfx_uarte.o
                                         0x91 (size before relaxing)
 .rodata.str1.1
                0x000000000000ed32        0x6 _build/nrfx_uarte.o
 .rodata._ctype_
                0x000000000000ed38      0x101 /opt/homebrew/Cellar/arm-none-eabi-gcc/10.3-2021.07/gcc/bin/../lib/gcc/arm-none-eabi/10.3.1/../../../../arm-none-eabi/lib/thumb/v7e-m+fp/hard/libc.a(lib_a-ctype_.o)
                0x000000000000ed38                _ctype_
 *fill*         0x000000000000ee39        0x3 
 .rodata._global_impure_ptr
                0x000000000000ee3c        0x4 /opt/homebrew/Cellar/arm-none-eabi-gcc/10.3-2021.07/gcc/bin/../lib/gcc/arm-none-eabi/10.3.1/../../../../arm-none-eabi/lib/thumb/v7e-m+fp/hard/libc.a(lib_a-impure.o)
                0x000000000000ee3c                _global_impure_ptr
 .rodata._vfprintf_r.str1.4
                0x000000000000ee40       0x42 /opt/homebrew/Cellar/arm-none-eabi-gcc/10.3-2021.07/gcc/bin/../lib/gcc/arm-none-eabi/10.3.1/../../../../arm-none-eabi/lib/thumb/v7e-m+fp/hard/libc.a(lib_a-vfprintf.o)
 *fill*         0x000000000000ee82        0x2 
 .rodata.blanks.1
                0x000000000000ee84       0x10 /opt/homebrew/Cellar/arm-none-eabi-gcc/10.3-2021.07/gcc/bin/../lib/gcc/arm-none-eabi/10.3.1/../../../../arm-none-eabi/lib/thumb/v7e-m+fp/hard/libc.a(lib_a-vfprintf.o)
 .rodata.zeroes.0
                0x000000000000ee94       0x10 /opt/homebrew/Cellar/arm-none-eabi-gcc/10.3-2021.07/gcc/bin/../lib/gcc/arm-none-eabi/10.3.1/../../../../arm-none-eabi/lib/thumb/v7e-m+fp/hard/libc.a(lib_a-vfprintf.o)
 .rodata._dtoa_r.str1.4
                0x000000000000eea4       0x7e /opt/homebrew/Cellar/arm-none-eabi-gcc/10.3-2021.07/gcc/bin/../lib/gcc/arm-none-eabi/10.3.1/../../../../arm-none-eabi/lib/thumb/v7e-m+fp/hard/libc.a(lib_a-dtoa.o)
                                         0x82 (size before relaxing)
 *fill*         0x000000000000ef22        0x2 
 .rodata.__multadd.str1.4
                0x000000000000ef24       0x5b /opt/homebrew/Cellar/arm-none-eabi-gcc/10.3-2021.07/gcc/bin/../lib/gcc/arm-none-eabi/10.3.1/../../../../arm-none-eabi/lib/thumb/v7e-m+fp/hard/libc.a(lib_a-mprec.o)
                                         0x6f (size before relaxing)
 *fill*         0x000000000000ef7f        0x1 
 .rodata.__mprec_bigtens
                0x000000000000ef80       0x28 /opt/homebrew/Cellar/arm-none-eabi-gcc/10.3-2021.07/gcc/bin/../lib/gcc/arm-none-eabi/10.3.1/../../../../arm-none-eabi/lib/thumb/v7e-m+fp/hard/libc.a(lib_a-mprec.o)
                0x000000000000ef80                __mprec_bigtens
 .rodata.__mprec_tens
                0x000000000000efa8       0xc8 /opt/homebrew/Cellar/arm-none-eabi-gcc/10.3-2021.07/gcc/bin/../lib/gcc/arm-none-eabi/10.3.1/../../../../arm-none-eabi/lib/thumb/v7e-m+fp/hard/libc.a(lib_a-mprec.o)
                0x000000000000efa8                __mprec_tens
 .rodata.p05.0  0x000000000000f070        0xc /opt/homebrew/Cellar/arm-none-eabi-gcc/10.3-2021.07/gcc/bin/../lib/gcc/arm-none-eabi/10.3.1/../../../../arm-none-eabi/lib/thumb/v7e-m+fp/hard/libc.a(lib_a-mprec.o)
 .rodata._vfiprintf_r.str1.4
                0x000000000000f07c       0x2f /opt/homebrew/Cellar/arm-none-eabi-gcc/10.3-2021.07/gcc/bin/../lib/gcc/arm-none-eabi/10.3.1/../../../../arm-none-eabi/lib/thumb/v7e-m+fp/hard/libc.a(lib_a-vfiprintf.o)
 .rodata.blanks.1
                0x000000000000f07c       0x10 /opt/homebrew/Cellar/arm-none-eabi-gcc/10.3-2021.07/gcc/bin/../lib/gcc/arm-none-eabi/10.3.1/../../../../arm-none-eabi/lib/thumb/v7e-m+fp/hard/libc.a(lib_a-vfiprintf.o)
 .rodata.zeroes.0
                0x000000000000f08c       0x10 /opt/homebrew/Cellar/arm-none-eabi-gcc/10.3-2021.07/gcc/bin/../lib/gcc/arm-none-eabi/10.3.1/../../../../arm-none-eabi/lib/thumb/v7e-m+fp/hard/libc.a(lib_a-vfiprintf.o)
 .rodata.__assert_func.str1.4
                0x000000000000f09c       0x3f /opt/homebrew/Cellar/arm-none-eabi-gcc/10.3-2021.07/gcc/bin/../lib/gcc/arm-none-eabi/10.3.1/../../../../arm-none-eabi/lib/thumb/v7e-m+fp/hard/libc.a(lib_a-assert.o)
                                         0x43 (size before relaxing)
 *fill*         0x000000000000f0db        0x1 
 .rodata._setlocale_r.str1.4
                0x000000000000f0dc        0xa /opt/homebrew/Cellar/arm-none-eabi-gcc/10.3-2021.07/gcc/bin/../lib/gcc/arm-none-eabi/10.3.1/../../../../arm-none-eabi/lib/thumb/v7e-m+fp/hard/libc.a(lib_a-locale.o)
                                          0xd (size before relaxing)
 *fill*         0x000000000000f0e6        0x2 
 .rodata.str1.4
                0x000000000000f0e8        0x2 /opt/homebrew/Cellar/arm-none-eabi-gcc/10.3-2021.07/gcc/bin/../lib/gcc/arm-none-eabi/10.3.1/../../../../arm-none-eabi/lib/thumb/v7e-m+fp/hard/libc.a(lib_a-locale.o)
 *fill*         0x000000000000f0ea        0x2 
 .rodata.npio2_hw
                0x000000000000f0ec       0x80 /opt/homebrew/Cellar/arm-none-eabi-gcc/10.3-2021.07/gcc/bin/../lib/gcc/arm-none-eabi/10.3.1/../../../../arm-none-eabi/lib/thumb/v7e-m+fp/hard/libm.a(lib_a-e_rem_pio2.o)
 .rodata.two_over_pi
                0x000000000000f16c      0x108 /opt/homebrew/Cellar/arm-none-eabi-gcc/10.3-2021.07/gcc/bin/../lib/gcc/arm-none-eabi/10.3.1/../../../../arm-none-eabi/lib/thumb/v7e-m+fp/hard/libm.a(lib_a-e_rem_pio2.o)
 .rodata.npio2_hw
                0x000000000000f274       0x80 /opt/homebrew/Cellar/arm-none-eabi-gcc/10.3-2021.07/gcc/bin/../lib/gcc/arm-none-eabi/10.3.1/../../../../arm-none-eabi/lib/thumb/v7e-m+fp/hard/libm.a(lib_a-ef_rem_pio2.o)
 .rodata.two_over_pi
                0x000000000000f2f4      0x318 /opt/homebrew/Cellar/arm-none-eabi-gcc/10.3-2021.07/gcc/bin/../lib/gcc/arm-none-eabi/10.3.1/../../../../arm-none-eabi/lib/thumb/v7e-m+fp/hard/libm.a(lib_a-ef_rem_pio2.o)
 *fill*         0x000000000000f60c        0x4 
 .rodata.PIo2   0x000000000000f610       0x40 /opt/homebrew/Cellar/arm-none-eabi-gcc/10.3-2021.07/gcc/bin/../lib/gcc/arm-none-eabi/10.3.1/../../../../arm-none-eabi/lib/thumb/v7e-m+fp/hard/libm.a(lib_a-k_rem_pio2.o)
 .rodata.init_jk
                0x000000000000f650       0x10 /opt/homebrew/Cellar/arm-none-eabi-gcc/10.3-2021.07/gcc/bin/../lib/gcc/arm-none-eabi/10.3.1/../../../../arm-none-eabi/lib/thumb/v7e-m+fp/hard/libm.a(lib_a-k_rem_pio2.o)
 .rodata.PIo2   0x000000000000f660       0x2c /opt/homebrew/Cellar/arm-none-eabi-gcc/10.3-2021.07/gcc/bin/../lib/gcc/arm-none-eabi/10.3.1/../../../../arm-none-eabi/lib/thumb/v7e-m+fp/hard/libm.a(lib_a-kf_rem_pio2.o)
 .rodata.init_jk
                0x000000000000f68c        0xc /opt/homebrew/Cellar/arm-none-eabi-gcc/10.3-2021.07/gcc/bin/../lib/gcc/arm-none-eabi/10.3.1/../../../../arm-none-eabi/lib/thumb/v7e-m+fp/hard/libm.a(lib_a-kf_rem_pio2.o)
 *(.eh_frame*)
 .eh_frame      0x000000000000f698        0x0 /opt/homebrew/Cellar/arm-none-eabi-gcc/10.3-2021.07/gcc/bin/../lib/gcc/arm-none-eabi/10.3.1/thumb/v7e-m+fp/hard/crtbegin.o
 .eh_frame      0x000000000000f698        0x4 /opt/homebrew/Cellar/arm-none-eabi-gcc/10.3-2021.07/gcc/bin/../lib/gcc/arm-none-eabi/10.3.1/thumb/v7e-m+fp/hard/crtend.o

.glue_7         0x000000000000f69c        0x0
 .glue_7        0x000000000000f69c        0x0 linker stubs

.glue_7t        0x000000000000f69c        0x0
 .glue_7t       0x000000000000f69c        0x0 linker stubs

.vfp11_veneer   0x000000000000f69c        0x0
 .vfp11_veneer  0x000000000000f69c        0x0 linker stubs

.v4_bx          0x000000000000f69c        0x0
 .v4_bx         0x000000000000f69c        0x0 linker stubs

.iplt           0x000000000000f69c        0x0
 .iplt          0x000000000000f69c        0x0 /opt/homebrew/Cellar/arm-none-eabi-gcc/10.3-2021.07/gcc/bin/../lib/gcc/arm-none-eabi/10.3.1/thumb/v7e-m+fp/hard/crtbegin.o

.pwr_mgmt_data  0x000000000000f69c        0x0
                0x000000000000f69c                PROVIDE (__start_pwr_mgmt_data = .)
 *(SORT_BY_NAME(.pwr_mgmt_data*))
                0x000000000000f69c                PROVIDE (__stop_pwr_mgmt_data = .)

.log_const_data
                0x000000000000f69c       0x70
                0x000000000000f69c                PROVIDE (__start_log_const_data = .)
 *(SORT_BY_NAME(.log_const_data*))
 .log_const_data_CLOCK
                0x000000000000f69c        0x8 _build/nrfx_clock.o
                0x000000000000f69c                m_nrf_log_CLOCK_logs_data_const
 .log_const_data_GPIOTE
                0x000000000000f6a4        0x8 _build/nrfx_gpiote.o
                0x000000000000f6a4                m_nrf_log_GPIOTE_logs_data_const
 .log_const_data_PRS
                0x000000000000f6ac        0x8 _build/nrfx_prs.o
                0x000000000000f6ac                m_nrf_log_PRS_logs_data_const
 .log_const_data_PWM
                0x000000000000f6b4        0x8 _build/nrfx_pwm.o
                0x000000000000f6b4                m_nrf_log_PWM_logs_data_const
 .log_const_data_SAADC
                0x000000000000f6bc        0x8 _build/nrfx_saadc.o
                0x000000000000f6bc                m_nrf_log_SAADC_logs_data_const
 .log_const_data_SPIM
                0x000000000000f6c4        0x8 _build/nrfx_spim.o
                0x000000000000f6c4                m_nrf_log_SPIM_logs_data_const
 .log_const_data_TIMER
                0x000000000000f6cc        0x8 _build/nrfx_timer.o
                0x000000000000f6cc                m_nrf_log_TIMER_logs_data_const
 .log_const_data_TWIM
                0x000000000000f6d4        0x8 _build/nrfx_twim.o
                0x000000000000f6d4                m_nrf_log_TWIM_logs_data_const
 .log_const_data_UART
                0x000000000000f6dc        0x8 _build/nrfx_uart.o
                0x000000000000f6dc                m_nrf_log_UART_logs_data_const
 .log_const_data_UARTE
                0x000000000000f6e4        0x8 _build/nrfx_uarte.o
                0x000000000000f6e4                m_nrf_log_UARTE_logs_data_const
 .log_const_data_app
                0x000000000000f6ec        0x8 _build/nrf_log_frontend.o
                0x000000000000f6ec                m_nrf_log_app_logs_data_const
 .log_const_data_clock
                0x000000000000f6f4        0x8 _build/nrf_drv_clock.o
                0x000000000000f6f4                m_nrf_log_clock_logs_data_const
 .log_const_data_hardfault
                0x000000000000f6fc        0x8 _build/hardfault_implementation.o
                0x000000000000f6fc                m_nrf_log_hardfault_logs_data_const
 .log_const_data_pwr_mgmt
                0x000000000000f704        0x8 _build/nrf_pwr_mgmt.o
                0x000000000000f704                m_nrf_log_pwr_mgmt_logs_data_const
                0x000000000000f70c                PROVIDE (__stop_log_const_data = .)

.nrf_balloc     0x000000000000f70c       0x14
                [!provide]                        PROVIDE (__start_nrf_balloc = .)
 *(.nrf_balloc)
 .nrf_balloc    0x000000000000f70c       0x14 _build/nrf_log_frontend.o
                0x000000000000f70c                log_mempool
                [!provide]                        PROVIDE (__stop_nrf_balloc = .)

.log_backends   0x000000000000f720       0x10
 .log_backends  0x000000000000f720       0x10 _build/nrf_log_default_backends.o

.nrf_queue      0x000000000000f730        0x0
                [!provide]                        PROVIDE (__start_nrf_queue = .)
 *(.nrf_queue)
                [!provide]                        PROVIDE (__stop_nrf_queue = .)

.cli_command    0x000000000000f730        0x0
                [!provide]                        PROVIDE (__start_cli_command = .)
 *(.cli_command)
                [!provide]                        PROVIDE (__stop_cli_command = .)

.sdh_stack_observers
                0x000000000000f730        0x0
                [!provide]                        PROVIDE (__start_sdh_stack_observers = .)
 *(SORT_BY_NAME(.sdh_stack_observers*))
                [!provide]                        PROVIDE (__stop_sdh_stack_observers = .)

.sdh_req_observers
                0x000000000000f730        0x0
                [!provide]                        PROVIDE (__start_sdh_req_observers = .)
 *(SORT_BY_NAME(.sdh_req_observers*))
                [!provide]                        PROVIDE (__stop_sdh_req_observers = .)

.sdh_state_observers
                0x000000000000f730        0x0
                [!provide]                        PROVIDE (__start_sdh_state_observers = .)
 *(SORT_BY_NAME(.sdh_state_observers*))
                [!provide]                        PROVIDE (__stop_sdh_state_observers = .)

.sdh_ant_observers
                0x000000000000f730        0x0
                [!provide]                        PROVIDE (__start_sdh_ant_observers = .)
 *(SORT_BY_NAME(.sdh_ant_observers*))
                [!provide]                        PROVIDE (__stop_sdh_ant_observers = .)

.sdh_ble_observers
                0x000000000000f730        0x0
                [!provide]                        PROVIDE (__start_sdh_ble_observers = .)
 *(SORT_BY_NAME(.sdh_ble_observers*))
                [!provide]                        PROVIDE (__stop_sdh_ble_observers = .)

.sdh_soc_observers
                0x000000000000f730        0x0
                [!provide]                        PROVIDE (__start_sdh_soc_observers = .)
 *(SORT_BY_NAME(.sdh_soc_observers*))
                [!provide]                        PROVIDE (__stop_sdh_soc_observers = .)

.crypto_data    0x000000000000f730        0x0
                [!provide]                        PROVIDE (__start_crypto_data = .)
 *(SORT_BY_NAME(.crypto_data*))
                [!provide]                        PROVIDE (__stop_crypto_data = .)

.ARM.extab
 *(.ARM.extab* .gnu.linkonce.armextab.*)
                0x000000000000f730                __exidx_start = .

.ARM.exidx      0x000000000000f730        0x8
 *(.ARM.exidx* .gnu.linkonce.armexidx.*)
 .ARM.exidx     0x000000000000f730        0x8 /opt/homebrew/Cellar/arm-none-eabi-gcc/10.3-2021.07/gcc/bin/../lib/gcc/arm-none-eabi/10.3.1/../../../../arm-none-eabi/lib/thumb/v7e-m+fp/hard/crt0.o
                                         0x10 (size before relaxing)
 .ARM.exidx     0x000000000000f738        0x0 /opt/homebrew/Cellar/arm-none-eabi-gcc/10.3-2021.07/gcc/bin/../lib/gcc/arm-none-eabi/10.3.1/thumb/v7e-m+fp/hard/libgcc.a(_udivmoddi4.o)
                                          0x8 (size before relaxing)
                0x000000000000f738                __exidx_end = .
                0x000000000000f738                __etext = .

.rel.dyn        0x000000000000f738        0x0
 .rel.iplt      0x000000000000f738        0x0 /opt/homebrew/Cellar/arm-none-eabi-gcc/10.3-2021.07/gcc/bin/../lib/gcc/arm-none-eabi/10.3.1/thumb/v7e-m+fp/hard/crtbegin.o

.data           0x0000000020000000      0xa10 load address 0x000000000000f738
                0x0000000020000000                __data_start__ = .
 *(vtable)
 *(.data*)
 .data.config   0x0000000020000000        0xc _build/main.o
                0x0000000020000000                config
 .data.notes_max
                0x000000002000000c       0x10 _build/main.o
                0x000000002000000c                notes_max
 .data.notes_min
                0x000000002000001c       0x10 _build/main.o
                0x000000002000001c                notes_min
 .data.sfreq    0x000000002000002c        0x4 _build/main.o
                0x000000002000002c                sfreq
 .data.m_uart   0x0000000020000030       0x14 _build/microbit_nrf_log_backend_uart.o
                0x0000000020000030                m_uart
 .data.log_backend_cb_uart_log_backend
                0x0000000020000044        0x8 _build/nrf_log_default_backends.o
 .data.SystemCoreClock
                0x000000002000004c        0x4 _build/system_nrf52833.o
                0x000000002000004c                SystemCoreClock
 .data._impure_ptr
                0x0000000020000050        0x4 /opt/homebrew/Cellar/arm-none-eabi-gcc/10.3-2021.07/gcc/bin/../lib/gcc/arm-none-eabi/10.3.1/../../../../arm-none-eabi/lib/thumb/v7e-m+fp/hard/libc.a(lib_a-impure.o)
                0x0000000020000050                _impure_ptr
 *fill*         0x0000000020000054        0x4 
 .data.impure_data
                0x0000000020000058      0x428 /opt/homebrew/Cellar/arm-none-eabi-gcc/10.3-2021.07/gcc/bin/../lib/gcc/arm-none-eabi/10.3.1/../../../../arm-none-eabi/lib/thumb/v7e-m+fp/hard/libc.a(lib_a-impure.o)
 .data.__atexit_recursive_mutex
                0x0000000020000480        0x4 /opt/homebrew/Cellar/arm-none-eabi-gcc/10.3-2021.07/gcc/bin/../lib/gcc/arm-none-eabi/10.3.1/../../../../arm-none-eabi/lib/thumb/v7e-m+fp/hard/libc.a(lib_a-__call_atexit.o)
                0x0000000020000480                __atexit_recursive_mutex
 .data.__malloc_av_
                0x0000000020000484      0x408 /opt/homebrew/Cellar/arm-none-eabi-gcc/10.3-2021.07/gcc/bin/../lib/gcc/arm-none-eabi/10.3.1/../../../../arm-none-eabi/lib/thumb/v7e-m+fp/hard/libc.a(lib_a-mallocr.o)
                0x0000000020000484                __malloc_av_
 .data.__malloc_sbrk_base
                0x000000002000088c        0x4 /opt/homebrew/Cellar/arm-none-eabi-gcc/10.3-2021.07/gcc/bin/../lib/gcc/arm-none-eabi/10.3.1/../../../../arm-none-eabi/lib/thumb/v7e-m+fp/hard/libc.a(lib_a-mallocr.o)
                0x000000002000088c                __malloc_sbrk_base
 .data.__malloc_trim_threshold
                0x0000000020000890        0x4 /opt/homebrew/Cellar/arm-none-eabi-gcc/10.3-2021.07/gcc/bin/../lib/gcc/arm-none-eabi/10.3.1/../../../../arm-none-eabi/lib/thumb/v7e-m+fp/hard/libc.a(lib_a-mallocr.o)
                0x0000000020000890                __malloc_trim_threshold
 .data.__global_locale
                0x0000000020000894      0x16c /opt/homebrew/Cellar/arm-none-eabi-gcc/10.3-2021.07/gcc/bin/../lib/gcc/arm-none-eabi/10.3.1/../../../../arm-none-eabi/lib/thumb/v7e-m+fp/hard/libc.a(lib_a-locale.o)
                0x0000000020000894                __global_locale
                0x0000000020000a00                . = ALIGN (0x4)
                0x0000000020000a00                PROVIDE (__preinit_array_start = .)
 *(.preinit_array)
                0x0000000020000a00                PROVIDE (__preinit_array_end = .)
                0x0000000020000a00                . = ALIGN (0x4)
                0x0000000020000a00                PROVIDE (__init_array_start = .)
 *(SORT_BY_NAME(.init_array.*))
 .init_array.00000
                0x0000000020000a00        0x4 /opt/homebrew/Cellar/arm-none-eabi-gcc/10.3-2021.07/gcc/bin/../lib/gcc/arm-none-eabi/10.3.1/../../../../arm-none-eabi/lib/thumb/v7e-m+fp/hard/libc.a(lib_a-__call_atexit.o)
 *(.init_array)
 .init_array    0x0000000020000a04        0x4 /opt/homebrew/Cellar/arm-none-eabi-gcc/10.3-2021.07/gcc/bin/../lib/gcc/arm-none-eabi/10.3.1/thumb/v7e-m+fp/hard/crtbegin.o
 .init_array    0x0000000020000a08        0x4 _build/microbit_before_startup.o
                0x0000000020000a0c                PROVIDE (__init_array_end = .)
                0x0000000020000a0c                . = ALIGN (0x4)
                0x0000000020000a0c                PROVIDE (__fini_array_start = .)
 *(SORT_BY_NAME(.fini_array.*))
 *(.fini_array)
 .fini_array    0x0000000020000a0c        0x4 /opt/homebrew/Cellar/arm-none-eabi-gcc/10.3-2021.07/gcc/bin/../lib/gcc/arm-none-eabi/10.3.1/thumb/v7e-m+fp/hard/crtbegin.o
                0x0000000020000a10                PROVIDE (__fini_array_end = .)
 *(.jcr*)
                0x0000000020000a10                . = ALIGN (0x4)
                0x0000000020000a10                __data_end__ = .
LOAD /opt/homebrew/Cellar/arm-none-eabi-gcc/10.3-2021.07/gcc/bin/../lib/gcc/arm-none-eabi/10.3.1/thumb/v7e-m+fp/hard/crti.o
LOAD /opt/homebrew/Cellar/arm-none-eabi-gcc/10.3-2021.07/gcc/bin/../lib/gcc/arm-none-eabi/10.3.1/thumb/v7e-m+fp/hard/crtbegin.o
LOAD /opt/homebrew/Cellar/arm-none-eabi-gcc/10.3-2021.07/gcc/bin/../lib/gcc/arm-none-eabi/10.3.1/../../../../arm-none-eabi/lib/thumb/v7e-m+fp/hard/crt0.o
START GROUP
LOAD _build/main.o
LOAD _build/better_error_handling.o
LOAD _build/microbit_before_startup.o
LOAD _build/microbit_nrf_log_backend_uart.o
LOAD _build/microbit_retarget.o
LOAD _build/app_error_handler_gcc.o
LOAD _build/app_fifo.o
LOAD _build/app_scheduler.o
LOAD _build/app_timer.o
LOAD _build/app_uart_fifo.o
LOAD _build/app_util_platform.o
LOAD _build/hardfault_handler_gcc.o
LOAD _build/hardfault_implementation.o
LOAD _build/nrf_assert.o
LOAD _build/nrf_atomic.o
LOAD _build/nrf_balloc.o
LOAD _build/nrf_drv_clock.o
LOAD _build/nrf_drv_twi.o
LOAD _build/nrf_drv_uart.o
LOAD _build/nrf_fprintf.o
LOAD _build/nrf_fprintf_format.o
LOAD _build/nrf_log_backend_rtt.o
LOAD _build/nrf_log_backend_serial.o
LOAD _build/nrf_log_default_backends.o
LOAD _build/nrf_log_frontend.o
LOAD _build/nrf_log_str_formatter.o
LOAD _build/nrf_memobj.o
LOAD _build/nrf_nvmc.o
LOAD _build/nrf_pwr_mgmt.o
LOAD _build/nrf_queue.o
LOAD _build/nrf_ringbuf.o
LOAD _build/nrf_sdh.o
LOAD _build/nrf_section_iter.o
LOAD _build/nrf_serial.o
LOAD _build/nrf_strerror.o
LOAD _build/nrf_twi_mngr.o
LOAD _build/nrfx_clock.o
LOAD _build/nrfx_gpiote.o
LOAD _build/nrfx_ppi.o
LOAD _build/nrfx_prs.o
LOAD _build/nrfx_pwm.o
LOAD _build/nrfx_saadc.o
LOAD _build/nrfx_spim.o
LOAD _build/nrfx_timer.o
LOAD _build/nrfx_twi.o
LOAD _build/nrfx_twim.o
LOAD _build/nrfx_uart.o
LOAD _build/nrfx_uarte.o
LOAD _build/system_nrf52833.o
LOAD _build/app_error_weak.o
LOAD _build/gcc_startup_nrf52833.os
LOAD /opt/homebrew/Cellar/arm-none-eabi-gcc/10.3-2021.07/gcc/bin/../lib/gcc/arm-none-eabi/10.3.1/../../../../arm-none-eabi/lib/thumb/v7e-m+fp/hard/libc.a
LOAD /opt/homebrew/Cellar/arm-none-eabi-gcc/10.3-2021.07/gcc/bin/../lib/gcc/arm-none-eabi/10.3.1/../../../../arm-none-eabi/lib/thumb/v7e-m+fp/hard/libnosys.a
LOAD /opt/homebrew/Cellar/arm-none-eabi-gcc/10.3-2021.07/gcc/bin/../lib/gcc/arm-none-eabi/10.3.1/../../../../arm-none-eabi/lib/thumb/v7e-m+fp/hard/libm.a
LOAD /opt/homebrew/Cellar/arm-none-eabi-gcc/10.3-2021.07/gcc/bin/../lib/gcc/arm-none-eabi/10.3.1/../../../../arm-none-eabi/lib/thumb/v7e-m+fp/hard/libstdc++.a
END GROUP
START GROUP
LOAD /opt/homebrew/Cellar/arm-none-eabi-gcc/10.3-2021.07/gcc/bin/../lib/gcc/arm-none-eabi/10.3.1/thumb/v7e-m+fp/hard/libgcc.a
LOAD /opt/homebrew/Cellar/arm-none-eabi-gcc/10.3-2021.07/gcc/bin/../lib/gcc/arm-none-eabi/10.3.1/../../../../arm-none-eabi/lib/thumb/v7e-m+fp/hard/libc.a
END GROUP
LOAD /opt/homebrew/Cellar/arm-none-eabi-gcc/10.3-2021.07/gcc/bin/../lib/gcc/arm-none-eabi/10.3.1/thumb/v7e-m+fp/hard/crtend.o
LOAD /opt/homebrew/Cellar/arm-none-eabi-gcc/10.3-2021.07/gcc/bin/../lib/gcc/arm-none-eabi/10.3.1/thumb/v7e-m+fp/hard/crtn.o
START GROUP
LOAD /opt/homebrew/Cellar/arm-none-eabi-gcc/10.3-2021.07/gcc/bin/../lib/gcc/arm-none-eabi/10.3.1/thumb/v7e-m+fp/hard/libgcc.a
LOAD /opt/homebrew/Cellar/arm-none-eabi-gcc/10.3-2021.07/gcc/bin/../lib/gcc/arm-none-eabi/10.3.1/../../../../arm-none-eabi/lib/thumb/v7e-m+fp/hard/libc.a
LOAD /opt/homebrew/Cellar/arm-none-eabi-gcc/10.3-2021.07/gcc/bin/../lib/gcc/arm-none-eabi/10.3.1/../../../../arm-none-eabi/lib/thumb/v7e-m+fp/hard/libnosys.a
END GROUP
                0x0000000000001000                FLASH_PAGE_SIZE = 0x1000
                0x0000000000000004                FLASH_DATA_PAGES_USED = 0x4

.igot.plt       0x0000000020000a10        0x0 load address 0x0000000000010148
 .igot.plt      0x0000000020000a10        0x0 /opt/homebrew/Cellar/arm-none-eabi-gcc/10.3-2021.07/gcc/bin/../lib/gcc/arm-none-eabi/10.3.1/thumb/v7e-m+fp/hard/crtbegin.o
                0x0000000020000a10                . = ALIGN (0x4)

.svc_data       0x0000000020000a10        0x0
                [!provide]                        PROVIDE (__start_svc_data = .)
 *(.svc_data)
                [!provide]                        PROVIDE (__stop_svc_data = .)

.fs_data        0x0000000020000a10        0x0
                [!provide]                        PROVIDE (__start_fs_data = .)
 *(.fs_data)
                [!provide]                        PROVIDE (__stop_fs_data = .)

.log_dynamic_data
                0x0000000020000a10        0x0
                0x0000000020000a10                PROVIDE (__start_log_dynamic_data = .)
 *(SORT_BY_NAME(.log_dynamic_data*))
                [!provide]                        PROVIDE (__stop_log_dynamic_data = .)

.cli_sorted_cmd_ptrs
                0x0000000020000a10        0x0